[2026-07-28 20:41:29] === refresh start ===
[2026-07-28 20:41:31] rsdistro.py ok
[2026-07-28 20:41:31] index rebuilt
[2026-07-28 20:41:31] --- humble ---
humble: 654 not-yet-added (0 new since last refresh, 654 still pending, 11 need manual url)
  [PENDING] _incoming/adaptive_component
  [PENDING] _incoming/agni_tf_tools
  [PENDING] _incoming/apex_containers
  [PENDING] _incoming/apex_test_tools
  [PENDING] _incoming/async_web_server_cpp
  [PENDING] _incoming/automatika_embodied_agents
  [PENDING] _incoming/automatika_ros_sugar
  [PENDING] _incoming/aws-robomaker-small-warehouse-world
  [PENDING] _incoming/bag2_to_image
  [PENDING] _incoming/bcr_bot
  [PENDING] _incoming/bob_llm
  [PENDING] _incoming/boost_geometry_util
  [PENDING] _incoming/camera_ros
  [PENDING] _incoming/classic_bags
  [PENDING] _incoming/coal
  [PENDING] _incoming/color_names
  [PENDING] _incoming/color_util
  [PENDING] _incoming/connection_inspector
  [PENDING] _incoming/crocoddyl
  [PENDING] _incoming/crx_kinematics
  [PENDING] _incoming/ecl_core
  [PENDING] _incoming/ecl_lite
  [PENDING] _incoming/ecl_tools
  [PENDING] _incoming/eigenpy
  [PENDING] _incoming/eiquadprog
  [PENDING] _incoming/fast_gicp
  [PENDING] _incoming/ffmpeg_encoder_decoder
  [PENDING] _incoming/ffmpeg_image_transport
  [PENDING] _incoming/ffmpeg_image_transport_tools
  [PENDING] _incoming/fields2cover
  [PENDING] _incoming/fkie_message_filters
  [PENDING] _incoming/flex_sync
  [PENDING] _incoming/fmi_adapter
  [PENDING] _incoming/fogros2
  [PENDING] _incoming/grbl_ros
  [PENDING] _incoming/gtsam
  [PENDING] _incoming/hatchbed_common
  [PENDING] _incoming/hebi_cpp_api
  [PENDING] _incoming/hpp-fcl
  [PENDING] _incoming/hri
  ... and 614 more (raise --limit or see *_pending.json)
  wrote /Users/dhruvpatel29/humble-ros2/src/scripts/ros2pkg/manifests/humble_pending.json
  snapshot updated (800 rosdistro repos recorded)
[2026-07-28 20:41:31] --- jazzy ---
jazzy: 588 not-yet-added (0 new since last refresh, 588 still pending, 12 need manual url)
  [PENDING] _incoming/adaptive_bridge
  [PENDING] _incoming/adaptive_component
  [PENDING] _incoming/agni_tf_tools
  [PENDING] _incoming/apex_test_tools
  [PENDING] _incoming/async_web_server_cpp
  [PENDING] _incoming/automatika_embodied_agents
  [PENDING] _incoming/automatika_ros_sugar
  [PENDING] _incoming/aws-robomaker-small-warehouse-world
  [PENDING] _incoming/azure_iot_sdk_c
  [PENDING] _incoming/bag2_to_image
  [PENDING] _incoming/bcr_bot
  [PENDING] _incoming/boost_geometry_util
  [PENDING] _incoming/camera_ros
  [PENDING] _incoming/classic_bags
  [PENDING] _incoming/cm_executors
  [PENDING] _incoming/coal
  [PENDING] _incoming/color_names
  [PENDING] _incoming/color_util
  [PENDING] _incoming/connection_inspector
  [PENDING] _incoming/cras_ros_utils
  [PENDING] _incoming/crocoddyl
  [PENDING] _incoming/crx_kinematics
  [PENDING] _incoming/data_tamer_tools
  [PENDING] _incoming/ecl_core
  [PENDING] _incoming/ecl_lite
  [PENDING] _incoming/ecl_tools
  [PENDING] _incoming/eigenpy
  [PENDING] _incoming/eiquadprog
  [PENDING] _incoming/ffmpeg_encoder_decoder
  [PENDING] _incoming/ffmpeg_image_transport
  [PENDING] _incoming/ffmpeg_image_transport_tools
  [PENDING] _incoming/fields2cover
  [PENDING] _incoming/fkie_message_filters
  [PENDING] _incoming/flex_sync
  [PENDING] _incoming/fmi_adapter
  [PENDING] _incoming/frame_editor
  [PENDING] _incoming/grbl_ros
  [PENDING] _incoming/gstreamer_ros_babel_fish
  [PENDING] _incoming/gtsam
  [PENDING] _incoming/hatchbed_common
  ... and 548 more (raise --limit or see *_pending.json)
  wrote /Users/dhruvpatel29/humble-ros2/src/scripts/ros2pkg/manifests/jazzy_pending.json
  snapshot updated (764 rosdistro repos recorded)
[2026-07-28 20:41:32] --- kilted ---
kilted: 465 not-yet-added (0 new since last refresh, 465 still pending, 7 need manual url)
  [PENDING] _incoming/adaptive_component
  [PENDING] _incoming/apex_test_tools
  [PENDING] _incoming/async_web_server_cpp
  [PENDING] _incoming/automatika_embodied_agents
  [PENDING] _incoming/automatika_ros_sugar
  [PENDING] _incoming/aws-robomaker-small-warehouse-world
  [PENDING] _incoming/azure_iot_sdk_c
  [PENDING] _incoming/bag2_to_image
  [PENDING] _incoming/boost_geometry_util
  [PENDING] _incoming/camera_ros
  [PENDING] _incoming/classic_bags
  [PENDING] _incoming/coal
  [PENDING] _incoming/color_names
  [PENDING] _incoming/color_util
  [PENDING] _incoming/cras_ros_utils
  [PENDING] _incoming/crocoddyl
  [PENDING] _incoming/crx_kinematics
  [PENDING] _incoming/ecl_core
  [PENDING] _incoming/ecl_lite
  [PENDING] _incoming/ecl_tools
  [PENDING] _incoming/eigenpy
  [PENDING] _incoming/eiquadprog
  [PENDING] _incoming/ffmpeg_encoder_decoder
  [PENDING] _incoming/ffmpeg_image_transport
  [PENDING] _incoming/ffmpeg_image_transport_tools
  [PENDING] _incoming/fields2cover
  [PENDING] _incoming/fkie_message_filters
  [PENDING] _incoming/flex_sync
  [PENDING] _incoming/fmi_adapter
  [PENDING] _incoming/grbl_ros
  [PENDING] _incoming/gstreamer_ros_babel_fish
  [PENDING] _incoming/gtsam
  [PENDING] _incoming/hatchbed_common
  [PENDING] _incoming/hebi_cpp_api
  [PENDING] _incoming/hpp-fcl
  [PENDING] _incoming/jacro
  [PENDING] _incoming/laser_segmentation
  [PENDING] _incoming/libnabo
  [PENDING] _incoming/libpointmatcher
  [PENDING] _incoming/linux_isolate_process
  ... and 425 more (raise --limit or see *_pending.json)
  wrote /Users/dhruvpatel29/humble-ros2/src/scripts/ros2pkg/manifests/kilted_pending.json
  snapshot updated (637 rosdistro repos recorded)
[2026-07-28 20:41:32] === refresh done ===
Full log: /Users/dhruvpatel29/humble-ros2/src/scripts/ros2pkg/refresh.log
[2026-08-03 09:01:17] === refresh start ===
[2026-08-03 09:02:06] rsdistro.py ok
[2026-08-03 09:02:06] index rebuilt
[2026-08-03 09:02:06] --- humble ---
humble: 136 not-yet-added (0 new since last refresh, 136 still pending, 11 need manual url)
  [PENDING] _incoming/adaptive_component
  [PENDING] _incoming/agni_tf_tools
  [PENDING] _incoming/apex_containers
  [PENDING] _incoming/apex_test_tools
  [PENDING] _incoming/async_web_server_cpp
  [PENDING] _incoming/automatika_embodied_agents
  [PENDING] _incoming/automatika_ros_sugar
  [PENDING] _incoming/aws-robomaker-small-warehouse-world
  [PENDING] _incoming/bag2_to_image
  [PENDING] _incoming/bcr_bot
  [PENDING] _incoming/bob_llm
  [PENDING] _incoming/boost_geometry_util
  [PENDING] _incoming/camera_ros
  [PENDING] _incoming/classic_bags
  [PENDING] _incoming/coal
  [PENDING] _incoming/color_names
  [PENDING] _incoming/color_util
  [PENDING] _incoming/connection_inspector
  [PENDING] _incoming/crocoddyl
  [PENDING] _incoming/crx_kinematics
  [PENDING] _incoming/ecl_core
  [PENDING] _incoming/ecl_lite
  [PENDING] _incoming/ecl_tools
  [PENDING] _incoming/eigenpy
  [PENDING] _incoming/eiquadprog
  [PENDING] _incoming/fast_gicp
  [PENDING] _incoming/ffmpeg_encoder_decoder
  [PENDING] _incoming/ffmpeg_image_transport
  [PENDING] _incoming/ffmpeg_image_transport_tools
  [PENDING] _incoming/fields2cover
  [PENDING] _incoming/flex_sync
  [PENDING] _incoming/fmi_adapter
  [PENDING] _incoming/fogros2
  [PENDING] _incoming/grbl_ros
  [PENDING] _incoming/gtsam
  [PENDING] _incoming/hatchbed_common
  [PENDING] _incoming/hebi_cpp_api
  [PENDING] _incoming/hpp-fcl
  [PENDING] _incoming/hri
  [PENDING] _incoming/hri_face_body_matcher
  ... and 96 more (raise --limit or see *_pending.json)
  wrote /Users/dhruvpatel29/humble-ros2/src/scripts/ros2pkg/manifests/humble_pending.json
  snapshot updated (800 rosdistro repos recorded)
[2026-08-03 09:02:06] --- jazzy ---
jazzy: 140 not-yet-added (0 new since last refresh, 140 still pending, 12 need manual url)
  [PENDING] _incoming/adaptive_bridge
  [PENDING] _incoming/adaptive_component
  [PENDING] _incoming/agni_tf_tools
  [PENDING] _incoming/apex_test_tools
  [PENDING] _incoming/async_web_server_cpp
  [PENDING] _incoming/automatika_embodied_agents
  [PENDING] _incoming/automatika_ros_sugar
  [PENDING] _incoming/aws-robomaker-small-warehouse-world
  [PENDING] _incoming/azure_iot_sdk_c
  [PENDING] _incoming/bag2_to_image
  [PENDING] _incoming/bcr_bot
  [PENDING] _incoming/boost_geometry_util
  [PENDING] _incoming/camera_ros
  [PENDING] _incoming/classic_bags
  [PENDING] _incoming/cm_executors
  [PENDING] _incoming/coal
  [PENDING] _incoming/color_names
  [PENDING] _incoming/color_util
  [PENDING] _incoming/connection_inspector
  [PENDING] _incoming/cras_ros_utils
  [PENDING] _incoming/crocoddyl
  [PENDING] _incoming/crx_kinematics
  [PENDING] _incoming/data_tamer_tools
  [PENDING] _incoming/ecl_core
  [PENDING] _incoming/ecl_lite
  [PENDING] _incoming/ecl_tools
  [PENDING] _incoming/eigenpy
  [PENDING] _incoming/eiquadprog
  [PENDING] _incoming/ffmpeg_encoder_decoder
  [PENDING] _incoming/ffmpeg_image_transport
  [PENDING] _incoming/ffmpeg_image_transport_tools
  [PENDING] _incoming/fields2cover
  [PENDING] _incoming/flex_sync
  [PENDING] _incoming/fmi_adapter
  [PENDING] _incoming/frame_editor
  [PENDING] _incoming/grbl_ros
  [PENDING] _incoming/gstreamer_ros_babel_fish
  [PENDING] _incoming/gtsam
  [PENDING] _incoming/hatchbed_common
  [PENDING] _incoming/hebi_cpp_api
  ... and 100 more (raise --limit or see *_pending.json)
  wrote /Users/dhruvpatel29/humble-ros2/src/scripts/ros2pkg/manifests/jazzy_pending.json
  snapshot updated (764 rosdistro repos recorded)
[2026-08-03 09:02:07] --- kilted ---
kilted: 114 not-yet-added (0 new since last refresh, 114 still pending, 7 need manual url)
  [PENDING] _incoming/adaptive_component
  [PENDING] _incoming/apex_test_tools
  [PENDING] _incoming/async_web_server_cpp
  [PENDING] _incoming/automatika_embodied_agents
  [PENDING] _incoming/automatika_ros_sugar
  [PENDING] _incoming/aws-robomaker-small-warehouse-world
  [PENDING] _incoming/azure_iot_sdk_c
  [PENDING] _incoming/bag2_to_image
  [PENDING] _incoming/boost_geometry_util
  [PENDING] _incoming/camera_ros
  [PENDING] _incoming/classic_bags
  [PENDING] _incoming/coal
  [PENDING] _incoming/color_names
  [PENDING] _incoming/color_util
  [PENDING] _incoming/cras_ros_utils
  [PENDING] _incoming/crocoddyl
  [PENDING] _incoming/crx_kinematics
  [PENDING] _incoming/ecl_core
  [PENDING] _incoming/ecl_lite
  [PENDING] _incoming/ecl_tools
  [PENDING] _incoming/eigenpy
  [PENDING] _incoming/eiquadprog
  [PENDING] _incoming/ffmpeg_encoder_decoder
  [PENDING] _incoming/ffmpeg_image_transport
  [PENDING] _incoming/ffmpeg_image_transport_tools
  [PENDING] _incoming/fields2cover
  [PENDING] _incoming/flex_sync
  [PENDING] _incoming/fmi_adapter
  [PENDING] _incoming/grbl_ros
  [PENDING] _incoming/gstreamer_ros_babel_fish
  [PENDING] _incoming/gtsam
  [PENDING] _incoming/hatchbed_common
  [PENDING] _incoming/hebi_cpp_api
  [PENDING] _incoming/hpp-fcl
  [PENDING] _incoming/jacro
  [PENDING] _incoming/laser_segmentation
  [PENDING] _incoming/libnabo
  [PENDING] _incoming/libpointmatcher
  [PENDING] _incoming/linux_isolate_process
  [PENDING] _incoming/log_view
  ... and 74 more (raise --limit or see *_pending.json)
  wrote /Users/dhruvpatel29/humble-ros2/src/scripts/ros2pkg/manifests/kilted_pending.json
  snapshot updated (637 rosdistro repos recorded)
[2026-08-03 09:02:07] === refresh done ===
Full log: /Users/dhruvpatel29/humble-ros2/src/scripts/ros2pkg/refresh.log
[2026-08-10 09:02:22] === refresh start ===
[2026-08-10 09:02:44] rsdistro.py ok
[2026-08-10 09:02:44] index rebuilt
[2026-08-10 09:02:44] --- humble ---
humble: 138 not-yet-added (3 new since last refresh, 135 still pending, 11 need manual url)
  [NEW    ] ros-drivers/lidar/tiago_dual_navigation
  [NEW    ] ros2_control/kangaroo_robot
  [NEW    ] ros2_control/tiago_dual_robot
  [PENDING] _incoming/adaptive_component
  [PENDING] _incoming/agni_tf_tools
  [PENDING] _incoming/apex_containers
  [PENDING] _incoming/apex_test_tools
  [PENDING] _incoming/async_web_server_cpp
  [PENDING] _incoming/automatika_embodied_agents
  [PENDING] _incoming/automatika_ros_sugar
  [PENDING] _incoming/aws-robomaker-small-warehouse-world
  [PENDING] _incoming/bag2_to_image
  [PENDING] _incoming/bcr_bot
  [PENDING] _incoming/bob_llm
  [PENDING] _incoming/boost_geometry_util
  [PENDING] _incoming/camera_ros
  [PENDING] _incoming/classic_bags
  [PENDING] _incoming/coal
  [PENDING] _incoming/color_names
  [PENDING] _incoming/color_util
  [PENDING] _incoming/connection_inspector
  [PENDING] _incoming/crocoddyl
  [PENDING] _incoming/crx_kinematics
  [PENDING] _incoming/ecl_core
  [PENDING] _incoming/ecl_lite
  [PENDING] _incoming/ecl_tools
  [PENDING] _incoming/eigenpy
  [PENDING] _incoming/eiquadprog
  [PENDING] _incoming/fast_gicp
  [PENDING] _incoming/ffmpeg_encoder_decoder
  [PENDING] _incoming/ffmpeg_image_transport
  [PENDING] _incoming/ffmpeg_image_transport_tools
  [PENDING] _incoming/fields2cover
  [PENDING] _incoming/flex_sync
  [PENDING] _incoming/fmi_adapter
  [PENDING] _incoming/fogros2
  [PENDING] _incoming/grbl_ros
  [PENDING] _incoming/hatchbed_common
  [PENDING] _incoming/hebi_cpp_api
  [PENDING] _incoming/hpp-fcl
  ... and 98 more (raise --limit or see *_pending.json)
  wrote /Users/dhruvpatel29/humble-ros2/src/scripts/ros2pkg/manifests/humble_pending.json
  snapshot updated (803 rosdistro repos recorded)
[2026-08-10 09:02:44] --- jazzy ---
jazzy: 141 not-yet-added (2 new since last refresh, 139 still pending, 12 need manual url)
  [NEW    ] ros-drivers/arm/roboplan_ros
  [NEW    ] ros2/interfaces/jsk_common_msgs
  [PENDING] _incoming/adaptive_bridge
  [PENDING] _incoming/adaptive_component
  [PENDING] _incoming/agni_tf_tools
  [PENDING] _incoming/apex_test_tools
  [PENDING] _incoming/async_web_server_cpp
  [PENDING] _incoming/automatika_embodied_agents
  [PENDING] _incoming/automatika_ros_sugar
  [PENDING] _incoming/aws-robomaker-small-warehouse-world
  [PENDING] _incoming/azure_iot_sdk_c
  [PENDING] _incoming/bag2_to_image
  [PENDING] _incoming/bcr_bot
  [PENDING] _incoming/boost_geometry_util
  [PENDING] _incoming/camera_ros
  [PENDING] _incoming/classic_bags
  [PENDING] _incoming/cm_executors
  [PENDING] _incoming/coal
  [PENDING] _incoming/color_names
  [PENDING] _incoming/color_util
  [PENDING] _incoming/connection_inspector
  [PENDING] _incoming/cras_ros_utils
  [PENDING] _incoming/crocoddyl
  [PENDING] _incoming/crx_kinematics
  [PENDING] _incoming/data_tamer_tools
  [PENDING] _incoming/ecl_core
  [PENDING] _incoming/ecl_lite
  [PENDING] _incoming/ecl_tools
  [PENDING] _incoming/eigenpy
  [PENDING] _incoming/eiquadprog
  [PENDING] _incoming/ffmpeg_encoder_decoder
  [PENDING] _incoming/ffmpeg_image_transport
  [PENDING] _incoming/ffmpeg_image_transport_tools
  [PENDING] _incoming/fields2cover
  [PENDING] _incoming/flex_sync
  [PENDING] _incoming/fmi_adapter
  [PENDING] _incoming/frame_editor
  [PENDING] _incoming/grbl_ros
  [PENDING] _incoming/gstreamer_ros_babel_fish
  [PENDING] _incoming/hatchbed_common
  ... and 101 more (raise --limit or see *_pending.json)
  wrote /Users/dhruvpatel29/humble-ros2/src/scripts/ros2pkg/manifests/jazzy_pending.json
  snapshot updated (766 rosdistro repos recorded)
[2026-08-10 09:02:45] --- kilted ---
kilted: 115 not-yet-added (2 new since last refresh, 113 still pending, 7 need manual url)
  [NEW    ] ros-drivers/arm/roboplan_ros
  [NEW    ] ros2/interfaces/jsk_common_msgs
  [PENDING] _incoming/adaptive_component
  [PENDING] _incoming/apex_test_tools
  [PENDING] _incoming/async_web_server_cpp
  [PENDING] _incoming/automatika_embodied_agents
  [PENDING] _incoming/automatika_ros_sugar
  [PENDING] _incoming/aws-robomaker-small-warehouse-world
  [PENDING] _incoming/azure_iot_sdk_c
  [PENDING] _incoming/bag2_to_image
  [PENDING] _incoming/boost_geometry_util
  [PENDING] _incoming/camera_ros
  [PENDING] _incoming/classic_bags
  [PENDING] _incoming/coal
  [PENDING] _incoming/color_names
  [PENDING] _incoming/color_util
  [PENDING] _incoming/cras_ros_utils
  [PENDING] _incoming/crocoddyl
  [PENDING] _incoming/crx_kinematics
  [PENDING] _incoming/ecl_core
  [PENDING] _incoming/ecl_lite
  [PENDING] _incoming/ecl_tools
  [PENDING] _incoming/eigenpy
  [PENDING] _incoming/eiquadprog
  [PENDING] _incoming/ffmpeg_encoder_decoder
  [PENDING] _incoming/ffmpeg_image_transport
  [PENDING] _incoming/ffmpeg_image_transport_tools
  [PENDING] _incoming/fields2cover
  [PENDING] _incoming/flex_sync
  [PENDING] _incoming/fmi_adapter
  [PENDING] _incoming/grbl_ros
  [PENDING] _incoming/gstreamer_ros_babel_fish
  [PENDING] _incoming/hatchbed_common
  [PENDING] _incoming/hebi_cpp_api
  [PENDING] _incoming/hpp-fcl
  [PENDING] _incoming/jacro
  [PENDING] _incoming/laser_segmentation
  [PENDING] _incoming/libnabo
  [PENDING] _incoming/libpointmatcher
  [PENDING] _incoming/linux_isolate_process
  ... and 75 more (raise --limit or see *_pending.json)
  wrote /Users/dhruvpatel29/humble-ros2/src/scripts/ros2pkg/manifests/kilted_pending.json
  snapshot updated (639 rosdistro repos recorded)
[2026-08-10 09:02:45] === refresh done ===
Full log: /Users/dhruvpatel29/humble-ros2/src/scripts/ros2pkg/refresh.log
[2026-08-17 09:00:05] === refresh start ===
[2026-08-17 09:00:12] rsdistro.py ok
[2026-08-17 09:00:12] index rebuilt
[2026-08-17 09:00:12] --- humble ---
humble: 139 not-yet-added (3 new since last refresh, 136 still pending, 9 need manual url)
  [NEW    ] ament/nanoflann_vendor
  [NEW    ] ros-drivers/arm/elite_cs_series_sdk
  [NEW    ] ros-drivers/arm/elite_robots_description
  [PENDING] _incoming/adaptive_component
  [PENDING] _incoming/agni_tf_tools
  [PENDING] _incoming/apex_containers
  [PENDING] _incoming/apex_test_tools
  [PENDING] _incoming/async_web_server_cpp
  [PENDING] _incoming/automatika_embodied_agents
  [PENDING] _incoming/automatika_ros_sugar
  [PENDING] _incoming/aws-robomaker-small-warehouse-world
  [PENDING] _incoming/bag2_to_image
  [PENDING] _incoming/bcr_bot
  [PENDING] _incoming/bob_llm
  [PENDING] _incoming/boost_geometry_util
  [PENDING] _incoming/camera_ros
  [PENDING] _incoming/classic_bags
  [PENDING] _incoming/coal
  [PENDING] _incoming/color_names
  [PENDING] _incoming/color_util
  [PENDING] _incoming/connection_inspector
  [PENDING] _incoming/crocoddyl
  [PENDING] _incoming/crx_kinematics
  [PENDING] _incoming/ecl_core
  [PENDING] _incoming/ecl_lite
  [PENDING] _incoming/ecl_tools
  [PENDING] _incoming/eigenpy
  [PENDING] _incoming/eiquadprog
  [PENDING] _incoming/fast_gicp
  [PENDING] _incoming/ffmpeg_encoder_decoder
  [PENDING] _incoming/ffmpeg_image_transport
  [PENDING] _incoming/ffmpeg_image_transport_tools
  [PENDING] _incoming/fields2cover
  [PENDING] _incoming/flex_sync
  [PENDING] _incoming/fmi_adapter
  [PENDING] _incoming/fogros2
  [PENDING] _incoming/grbl_ros
  [PENDING] _incoming/hatchbed_common
  [PENDING] _incoming/hebi_cpp_api
  [PENDING] _incoming/hpp-fcl
  ... and 99 more (raise --limit or see *_pending.json)
  wrote /Users/dhruvpatel29/humble-ros2/src/scripts/ros2pkg/manifests/humble_pending.json
  snapshot updated (805 rosdistro repos recorded)
[2026-08-17 09:00:12] --- jazzy ---
jazzy: 142 not-yet-added (2 new since last refresh, 140 still pending, 11 need manual url)
  [NEW    ] ament/nanoflann_vendor
  [NEW    ] ros2_control/prox_mpc
  [PENDING] _incoming/adaptive_bridge
  [PENDING] _incoming/adaptive_component
  [PENDING] _incoming/agni_tf_tools
  [PENDING] _incoming/apex_test_tools
  [PENDING] _incoming/async_web_server_cpp
  [PENDING] _incoming/automatika_embodied_agents
  [PENDING] _incoming/automatika_ros_sugar
  [PENDING] _incoming/aws-robomaker-small-warehouse-world
  [PENDING] _incoming/azure_iot_sdk_c
  [PENDING] _incoming/bag2_to_image
  [PENDING] _incoming/bcr_bot
  [PENDING] _incoming/boost_geometry_util
  [PENDING] _incoming/camera_ros
  [PENDING] _incoming/classic_bags
  [PENDING] _incoming/cm_executors
  [PENDING] _incoming/coal
  [PENDING] _incoming/color_names
  [PENDING] _incoming/color_util
  [PENDING] _incoming/connection_inspector
  [PENDING] _incoming/cras_ros_utils
  [PENDING] _incoming/crocoddyl
  [PENDING] _incoming/crx_kinematics
  [PENDING] _incoming/data_tamer_tools
  [PENDING] _incoming/ecl_core
  [PENDING] _incoming/ecl_lite
  [PENDING] _incoming/ecl_tools
  [PENDING] _incoming/eigenpy
  [PENDING] _incoming/eiquadprog
  [PENDING] _incoming/ffmpeg_encoder_decoder
  [PENDING] _incoming/ffmpeg_image_transport
  [PENDING] _incoming/ffmpeg_image_transport_tools
  [PENDING] _incoming/fields2cover
  [PENDING] _incoming/flex_sync
  [PENDING] _incoming/fmi_adapter
  [PENDING] _incoming/frame_editor
  [PENDING] _incoming/grbl_ros
  [PENDING] _incoming/gstreamer_ros_babel_fish
  [PENDING] _incoming/hatchbed_common
  ... and 102 more (raise --limit or see *_pending.json)
  wrote /Users/dhruvpatel29/humble-ros2/src/scripts/ros2pkg/manifests/jazzy_pending.json
  snapshot updated (767 rosdistro repos recorded)
[2026-08-17 09:00:12] --- kilted ---
kilted: 115 not-yet-added (1 new since last refresh, 114 still pending, 6 need manual url)
  [NEW    ] ament/nanoflann_vendor
  [PENDING] _incoming/adaptive_component
  [PENDING] _incoming/apex_test_tools
  [PENDING] _incoming/async_web_server_cpp
  [PENDING] _incoming/automatika_embodied_agents
  [PENDING] _incoming/automatika_ros_sugar
  [PENDING] _incoming/aws-robomaker-small-warehouse-world
  [PENDING] _incoming/azure_iot_sdk_c
  [PENDING] _incoming/bag2_to_image
  [PENDING] _incoming/boost_geometry_util
  [PENDING] _incoming/camera_ros
  [PENDING] _incoming/classic_bags
  [PENDING] _incoming/coal
  [PENDING] _incoming/color_names
  [PENDING] _incoming/color_util
  [PENDING] _incoming/cras_ros_utils
  [PENDING] _incoming/crocoddyl
  [PENDING] _incoming/crx_kinematics
  [PENDING] _incoming/ecl_core
  [PENDING] _incoming/ecl_lite
  [PENDING] _incoming/ecl_tools
  [PENDING] _incoming/eigenpy
  [PENDING] _incoming/eiquadprog
  [PENDING] _incoming/ffmpeg_encoder_decoder
  [PENDING] _incoming/ffmpeg_image_transport
  [PENDING] _incoming/ffmpeg_image_transport_tools
  [PENDING] _incoming/fields2cover
  [PENDING] _incoming/flex_sync
  [PENDING] _incoming/fmi_adapter
  [PENDING] _incoming/grbl_ros
  [PENDING] _incoming/gstreamer_ros_babel_fish
  [PENDING] _incoming/hatchbed_common
  [PENDING] _incoming/hebi_cpp_api
  [PENDING] _incoming/hpp-fcl
  [PENDING] _incoming/jacro
  [PENDING] _incoming/laser_segmentation
  [PENDING] _incoming/libnabo
  [PENDING] _incoming/libpointmatcher
  [PENDING] _incoming/linux_isolate_process
  [PENDING] _incoming/log_view
  ... and 75 more (raise --limit or see *_pending.json)
  wrote /Users/dhruvpatel29/humble-ros2/src/scripts/ros2pkg/manifests/kilted_pending.json
  snapshot updated (639 rosdistro repos recorded)
[2026-08-17 09:00:12] === refresh done ===
Full log: /Users/dhruvpatel29/humble-ros2/src/scripts/ros2pkg/refresh.log
[2026-08-24 09:01:21] === refresh start ===
[2026-08-24 09:01:28] rsdistro.py ok
[2026-08-24 09:01:28] index rebuilt
[2026-08-24 09:01:28] --- humble ---
humble: 146 not-yet-added (7 new since last refresh, 139 still pending, 9 need manual url)
  [NEW    ] _incoming/unbag
  [NEW    ] gzsim/kangaroo_simulation
  [NEW    ] gzsim/tiago_dual_simulation
  [NEW    ] middleware/rmw_int2dds
  [NEW    ] moveit/elite_robots
  [NEW    ] moveit/kangaroo_moveit_config
  [NEW    ] moveit/tiago_dual_moveit_config
  [PENDING] _incoming/adaptive_component
  [PENDING] _incoming/agni_tf_tools
  [PENDING] _incoming/apex_containers
  [PENDING] _incoming/apex_test_tools
  [PENDING] _incoming/async_web_server_cpp
  [PENDING] _incoming/automatika_embodied_agents
  [PENDING] _incoming/automatika_ros_sugar
  [PENDING] _incoming/aws-robomaker-small-warehouse-world
  [PENDING] _incoming/bag2_to_image
  [PENDING] _incoming/bcr_bot
  [PENDING] _incoming/bob_llm
  [PENDING] _incoming/boost_geometry_util
  [PENDING] _incoming/camera_ros
  [PENDING] _incoming/classic_bags
  [PENDING] _incoming/coal
  [PENDING] _incoming/color_names
  [PENDING] _incoming/color_util
  [PENDING] _incoming/connection_inspector
  [PENDING] _incoming/crocoddyl
  [PENDING] _incoming/crx_kinematics
  [PENDING] _incoming/ecl_core
  [PENDING] _incoming/ecl_lite
  [PENDING] _incoming/ecl_tools
  [PENDING] _incoming/eigenpy
  [PENDING] _incoming/eiquadprog
  [PENDING] _incoming/fast_gicp
  [PENDING] _incoming/ffmpeg_encoder_decoder
  [PENDING] _incoming/ffmpeg_image_transport
  [PENDING] _incoming/ffmpeg_image_transport_tools
  [PENDING] _incoming/fields2cover
  [PENDING] _incoming/flex_sync
  [PENDING] _incoming/fmi_adapter
  [PENDING] _incoming/fogros2
  ... and 106 more (raise --limit or see *_pending.json)
  wrote /Users/dhruvpatel29/humble-ros2/src/scripts/ros2pkg/manifests/humble_pending.json
  snapshot updated (812 rosdistro repos recorded)
[2026-08-24 09:01:28] --- jazzy ---
jazzy: 145 not-yet-added (3 new since last refresh, 142 still pending, 11 need manual url)
  [NEW    ] _incoming/unbag
  [NEW    ] ros-drivers/adi_iio
  [NEW    ] ros-drivers/imu_gnss/adi_imu
  [PENDING] _incoming/adaptive_bridge
  [PENDING] _incoming/adaptive_component
  [PENDING] _incoming/agni_tf_tools
  [PENDING] _incoming/apex_test_tools
  [PENDING] _incoming/async_web_server_cpp
  [PENDING] _incoming/automatika_embodied_agents
  [PENDING] _incoming/automatika_ros_sugar
  [PENDING] _incoming/aws-robomaker-small-warehouse-world
  [PENDING] _incoming/azure_iot_sdk_c
  [PENDING] _incoming/bag2_to_image
  [PENDING] _incoming/bcr_bot
  [PENDING] _incoming/boost_geometry_util
  [PENDING] _incoming/camera_ros
  [PENDING] _incoming/classic_bags
  [PENDING] _incoming/cm_executors
  [PENDING] _incoming/coal
  [PENDING] _incoming/color_names
  [PENDING] _incoming/color_util
  [PENDING] _incoming/connection_inspector
  [PENDING] _incoming/cras_ros_utils
  [PENDING] _incoming/crocoddyl
  [PENDING] _incoming/crx_kinematics
  [PENDING] _incoming/data_tamer_tools
  [PENDING] _incoming/ecl_core
  [PENDING] _incoming/ecl_lite
  [PENDING] _incoming/ecl_tools
  [PENDING] _incoming/eigenpy
  [PENDING] _incoming/eiquadprog
  [PENDING] _incoming/ffmpeg_encoder_decoder
  [PENDING] _incoming/ffmpeg_image_transport
  [PENDING] _incoming/ffmpeg_image_transport_tools
  [PENDING] _incoming/fields2cover
  [PENDING] _incoming/flex_sync
  [PENDING] _incoming/fmi_adapter
  [PENDING] _incoming/frame_editor
  [PENDING] _incoming/grbl_ros
  [PENDING] _incoming/gstreamer_ros_babel_fish
  ... and 105 more (raise --limit or see *_pending.json)
  wrote /Users/dhruvpatel29/humble-ros2/src/scripts/ros2pkg/manifests/jazzy_pending.json
  snapshot updated (770 rosdistro repos recorded)
[2026-08-24 09:01:29] --- kilted ---
kilted: 116 not-yet-added (1 new since last refresh, 115 still pending, 6 need manual url)
  [NEW    ] _incoming/unbag
  [PENDING] _incoming/adaptive_component
  [PENDING] _incoming/apex_test_tools
  [PENDING] _incoming/async_web_server_cpp
  [PENDING] _incoming/automatika_embodied_agents
  [PENDING] _incoming/automatika_ros_sugar
  [PENDING] _incoming/aws-robomaker-small-warehouse-world
  [PENDING] _incoming/azure_iot_sdk_c
  [PENDING] _incoming/bag2_to_image
  [PENDING] _incoming/boost_geometry_util
  [PENDING] _incoming/camera_ros
  [PENDING] _incoming/classic_bags
  [PENDING] _incoming/coal
  [PENDING] _incoming/color_names
  [PENDING] _incoming/color_util
  [PENDING] _incoming/cras_ros_utils
  [PENDING] _incoming/crocoddyl
  [PENDING] _incoming/crx_kinematics
  [PENDING] _incoming/ecl_core
  [PENDING] _incoming/ecl_lite
  [PENDING] _incoming/ecl_tools
  [PENDING] _incoming/eigenpy
  [PENDING] _incoming/eiquadprog
  [PENDING] _incoming/ffmpeg_encoder_decoder
  [PENDING] _incoming/ffmpeg_image_transport
  [PENDING] _incoming/ffmpeg_image_transport_tools
  [PENDING] _incoming/fields2cover
  [PENDING] _incoming/flex_sync
  [PENDING] _incoming/fmi_adapter
  [PENDING] _incoming/grbl_ros
  [PENDING] _incoming/gstreamer_ros_babel_fish
  [PENDING] _incoming/hatchbed_common
  [PENDING] _incoming/hebi_cpp_api
  [PENDING] _incoming/hpp-fcl
  [PENDING] _incoming/jacro
  [PENDING] _incoming/laser_segmentation
  [PENDING] _incoming/libnabo
  [PENDING] _incoming/libpointmatcher
  [PENDING] _incoming/linux_isolate_process
  [PENDING] _incoming/log_view
  ... and 76 more (raise --limit or see *_pending.json)
  wrote /Users/dhruvpatel29/humble-ros2/src/scripts/ros2pkg/manifests/kilted_pending.json
  snapshot updated (640 rosdistro repos recorded)
[2026-08-24 09:01:29] === refresh done ===
Full log: /Users/dhruvpatel29/humble-ros2/src/scripts/ros2pkg/refresh.log
