-- The C compiler identification is AppleClang 16.0.0.16000026
-- The CXX compiler identification is AppleClang 16.0.0.16000026
-- Detecting C compiler ABI info
-- Detecting C compiler ABI info - done
-- Check for working C compiler: /usr/bin/cc - skipped
-- Detecting C compile features
-- Detecting C compile features - done
-- Detecting CXX compiler ABI info
-- Detecting CXX compiler ABI info - done
-- Check for working CXX compiler: /usr/bin/c++ - skipped
-- Detecting CXX compile features
-- Detecting CXX compile features - done
-- Found ament_cmake: 1.3.11 (/Users/dhruvpatel29/humble-ros2/install/ament_cmake/share/ament_cmake/cmake)
-- Found Python3: /Library/Frameworks/Python.framework/Versions/3.11/bin/python3 (found version "3.11.9") found components: Interpreter
-- Override CMake install command with custom implementation using symlinks instead of copying resources
-- Found pluginlib: 5.1.1 (/Users/dhruvpatel29/humble-ros2/install/pluginlib/share/pluginlib/cmake)
-- Found TinyXML2 via Config file: /opt/homebrew/lib/cmake/tinyxml2
-- Found rclcpp: 16.0.14 (/Users/dhruvpatel29/humble-ros2/install/rclcpp/share/rclcpp/cmake)
-- Found rosidl_generator_c: 3.1.7 (/Users/dhruvpatel29/humble-ros2/install/rosidl_generator_c/share/rosidl_generator_c/cmake)
-- Found rosidl_adapter: 3.1.7 (/Users/dhruvpatel29/humble-ros2/install/rosidl_adapter/share/rosidl_adapter/cmake)
-- Found rosidl_generator_cpp: 3.1.7 (/Users/dhruvpatel29/humble-ros2/install/rosidl_generator_cpp/share/rosidl_generator_cpp/cmake)
-- Using all available rosidl_typesupport_c: rosidl_typesupport_introspection_c;rosidl_typesupport_fastrtps_c
-- Using all available rosidl_typesupport_cpp: rosidl_typesupport_introspection_cpp;rosidl_typesupport_fastrtps_cpp
-- Found rmw_implementation_cmake: 6.1.2 (/Users/dhruvpatel29/humble-ros2/install/rmw_implementation_cmake/share/rmw_implementation_cmake/cmake)
-- Found rmw_fastrtps_cpp: 6.2.8 (/Users/dhruvpatel29/humble-ros2/install/rmw_fastrtps_cpp/share/rmw_fastrtps_cpp/cmake)
-- Found TinyXML2 via Config file: /opt/homebrew/lib/cmake/tinyxml2
-- Found OpenSSL: /opt/homebrew/opt/openssl@3/lib/libcrypto.dylib (found version "3.5.1")
-- Found TinyXML2 via Config file: /opt/homebrew/lib/cmake/tinyxml2
-- Found FastRTPS: /Users/dhruvpatel29/humble-ros2/install/fastrtps/include
-- Found TinyXML2 via Config file: /opt/homebrew/lib/cmake/tinyxml2
-- Found TinyXML2 via Config file: /opt/homebrew/lib/cmake/tinyxml2
-- Using RMW implementation 'rmw_fastrtps_cpp' as default
-- Performing Test CMAKE_HAVE_LIBC_PTHREAD
-- Performing Test CMAKE_HAVE_LIBC_PTHREAD - Success
-- Found Threads: TRUE
CMake Warning (dev) at CMakeLists.txt:38 (find_package):
  Policy CMP0144 is not set: find_package uses upper-case <PACKAGENAME>_ROOT
  variables.  Run "cmake --help-policy CMP0144" for policy details.  Use the
  cmake_policy command to set the policy and suppress this warning.

  Environment variable BOOST_ROOT is set to:

    /Users/dhruvpatel29/humble-ros2/src/ros-commondep/boost

  For compatibility, find_package is ignoring the variable, but code in a
  .cmake module might still use it.
This warning is for project developers.  Use -Wno-dev to suppress it.

CMake Warning (dev) at CMakeLists.txt:38 (find_package):
  Policy CMP0167 is not set: The FindBoost module is removed.  Run "cmake
  --help-policy CMP0167" for policy details.  Use the cmake_policy command to
  set the policy and suppress this warning.

This warning is for project developers.  Use -Wno-dev to suppress it.

-- Found ament_cmake_cppcheck: 0.12.12 (/Users/dhruvpatel29/humble-ros2/install/ament_cmake_cppcheck/share/ament_cmake_cppcheck/cmake)
-- Found ament_cmake_cpplint: 0.12.12 (/Users/dhruvpatel29/humble-ros2/install/ament_cmake_cpplint/share/ament_cmake_cpplint/cmake)
-- Found ament_cmake_uncrustify: 0.12.12 (/Users/dhruvpatel29/humble-ros2/install/ament_cmake_uncrustify/share/ament_cmake_uncrustify/cmake)
-- Found ament_cmake_xmllint: 0.12.12 (/Users/dhruvpatel29/humble-ros2/install/ament_cmake_xmllint/share/ament_cmake_xmllint/cmake)
-- Found ament_cmake_gtest: 1.3.11 (/Users/dhruvpatel29/humble-ros2/install/ament_cmake_gtest/share/ament_cmake_gtest/cmake)
-- Found gtest sources under '/Users/dhruvpatel29/humble-ros2/install/gtest_vendor/src/gtest_vendor': C++ tests using 'Google Test' will be built
CMake Deprecation Warning at /Users/dhruvpatel29/humble-ros2/install/gtest_vendor/src/gtest_vendor/CMakeLists.txt:2 (cmake_minimum_required):
  Compatibility with CMake < 3.10 will be removed from a future version of
  CMake.

  Update the VERSION argument <min> value.  Or, use the <min>...<max> syntax
  to tell CMake that the project requires at least <min> but has been updated
  to work with policies introduced by <max> or earlier.


CMake Warning (dev) at CMakeLists.txt:226 (add_custom_command):
  The following keywords are not supported when using
  add_custom_command(TARGET): DEPENDS.

  Policy CMP0175 is not set: add_custom_command() rejects invalid arguments.
  Run "cmake --help-policy CMP0175" for policy details.  Use the cmake_policy
  command to set the policy and suppress this warning.
This warning is for project developers.  Use -Wno-dev to suppress it.

CMake Warning (dev) at CMakeLists.txt:226 (add_custom_command):
  Exactly one of PRE_BUILD, PRE_LINK, or POST_BUILD must be given.  Assuming
  POST_BUILD to preserve backward compatibility.

  Policy CMP0175 is not set: add_custom_command() rejects invalid arguments.
  Run "cmake --help-policy CMP0175" for policy details.  Use the cmake_policy
  command to set the policy and suppress this warning.
This warning is for project developers.  Use -Wno-dev to suppress it.

CMake Warning (dev) at CMakeLists.txt:226 (add_custom_command):
  The following keywords are not supported when using
  add_custom_command(TARGET): DEPENDS.

  Policy CMP0175 is not set: add_custom_command() rejects invalid arguments.
  Run "cmake --help-policy CMP0175" for policy details.  Use the cmake_policy
  command to set the policy and suppress this warning.
This warning is for project developers.  Use -Wno-dev to suppress it.

CMake Warning (dev) at CMakeLists.txt:226 (add_custom_command):
  Exactly one of PRE_BUILD, PRE_LINK, or POST_BUILD must be given.  Assuming
  POST_BUILD to preserve backward compatibility.

  Policy CMP0175 is not set: add_custom_command() rejects invalid arguments.
  Run "cmake --help-policy CMP0175" for policy details.  Use the cmake_policy
  command to set the policy and suppress this warning.
This warning is for project developers.  Use -Wno-dev to suppress it.

CMake Warning (dev) at CMakeLists.txt:226 (add_custom_command):
  The following keywords are not supported when using
  add_custom_command(TARGET): DEPENDS.

  Policy CMP0175 is not set: add_custom_command() rejects invalid arguments.
  Run "cmake --help-policy CMP0175" for policy details.  Use the cmake_policy
  command to set the policy and suppress this warning.
This warning is for project developers.  Use -Wno-dev to suppress it.

CMake Warning (dev) at CMakeLists.txt:226 (add_custom_command):
  Exactly one of PRE_BUILD, PRE_LINK, or POST_BUILD must be given.  Assuming
  POST_BUILD to preserve backward compatibility.

  Policy CMP0175 is not set: add_custom_command() rejects invalid arguments.
  Run "cmake --help-policy CMP0175" for policy details.  Use the cmake_policy
  command to set the policy and suppress this warning.
This warning is for project developers.  Use -Wno-dev to suppress it.

CMake Warning (dev) at CMakeLists.txt:226 (add_custom_command):
  The following keywords are not supported when using
  add_custom_command(TARGET): DEPENDS.

  Policy CMP0175 is not set: add_custom_command() rejects invalid arguments.
  Run "cmake --help-policy CMP0175" for policy details.  Use the cmake_policy
  command to set the policy and suppress this warning.
This warning is for project developers.  Use -Wno-dev to suppress it.

CMake Warning (dev) at CMakeLists.txt:226 (add_custom_command):
  Exactly one of PRE_BUILD, PRE_LINK, or POST_BUILD must be given.  Assuming
  POST_BUILD to preserve backward compatibility.

  Policy CMP0175 is not set: add_custom_command() rejects invalid arguments.
  Run "cmake --help-policy CMP0175" for policy details.  Use the cmake_policy
  command to set the policy and suppress this warning.
This warning is for project developers.  Use -Wno-dev to suppress it.

-- Configuring done (24.4s)
-- Generating done (0.1s)
-- Build files have been written to: /Users/dhruvpatel29/humble-ros2/src/ros2_control/build/filters
[  0%] Built target realtime_circular_buffer
[  3%] Building CXX object gtest/CMakeFiles/gtest.dir/src/gtest-all.cc.o
[  7%] Linking CXX static library libgtest.a
[  7%] Built target gtest
[ 11%] Building CXX object gtest/CMakeFiles/gtest_main.dir/src/gtest_main.cc.o
[ 15%] Linking CXX static library libgtest_main.a
[ 15%] Built target gtest_main
[ 15%] Built target filter_chain
[ 19%] Building CXX object CMakeFiles/realtime_buffer_test.dir/test/test_realtime_circular_buffer.cpp.o
[ 23%] Linking CXX executable realtime_buffer_test
[ 23%] Built target realtime_buffer_test
[ 23%] Built target filter_base
[ 26%] Building CXX object CMakeFiles/mean.dir/src/mean.cpp.o
[ 30%] Linking CXX shared library libmean.dylib
Copying target mean for testing
[ 30%] Built target mean
[ 34%] Building CXX object CMakeFiles/transfer_function.dir/src/transfer_function.cpp.o
[ 38%] Linking CXX shared library libtransfer_function.dylib
Copying target transfer_function for testing
[ 38%] Built target transfer_function
[ 38%] Built target copy_mean_for_testing
[ 38%] Built target copy_transfer_function_for_testing
[ 42%] Building CXX object CMakeFiles/transfer_function_test.dir/test/test_transfer_function.cpp.o
[ 46%] Linking CXX executable transfer_function_test
[ 46%] Built target transfer_function_test
[ 50%] Building CXX object CMakeFiles/mean_test.dir/test/test_mean.cpp.o
[ 53%] Linking CXX executable mean_test
[ 53%] Built target mean_test
[ 57%] Building CXX object CMakeFiles/median.dir/src/median.cpp.o
[ 61%] Linking CXX shared library libmedian.dylib
Copying target median for testing
[ 61%] Built target median
[ 65%] Building CXX object CMakeFiles/increment.dir/src/increment.cpp.o
[ 69%] Linking CXX shared library libincrement.dylib
Copying target increment for testing
[ 69%] Built target increment
[ 69%] Built target copy_median_for_testing
[ 69%] Built target copy_increment_for_testing
[ 73%] Building CXX object CMakeFiles/median_test.dir/test/test_median.cpp.o
[ 76%] Linking CXX executable median_test
[ 76%] Built target median_test
[ 80%] Building CXX object CMakeFiles/chain_test.dir/test/test_chain.cpp.o
[ 84%] Linking CXX executable chain_test
[ 84%] Built target chain_test
[ 88%] Building CXX object CMakeFiles/params.dir/src/test_params.cpp.o
[ 92%] Linking CXX shared library libparams.dylib
[ 92%] Built target params
[ 96%] Building CXX object CMakeFiles/params_test.dir/test/test_params.cpp.o
/Users/dhruvpatel29/humble-ros2/src/ros2_control/filters/test/test_params.cpp:73:18: warning: variable 'out' is uninitialized when passed as a const reference argument here [-Wuninitialized-const-reference]
   73 |   filter->update(out, out);
      |                  ^~~
/Users/dhruvpatel29/humble-ros2/src/ros2_control/filters/test/test_params.cpp:87:18: warning: variable 'out' is uninitialized when passed as a const reference argument here [-Wuninitialized-const-reference]
   87 |   filter->update(out, out);
      |                  ^~~
/Users/dhruvpatel29/humble-ros2/src/ros2_control/filters/test/test_params.cpp:101:18: warning: variable 'out' is uninitialized when passed as a const reference argument here [-Wuninitialized-const-reference]
  101 |   filter->update(out, out);
      |                  ^~~
3 warnings generated.
[100%] Linking CXX executable params_test
[100%] Built target params_test
-- Install configuration: ""
-- Execute custom install script
-- Symlinking: /Users/dhruvpatel29/humble-ros2/src/ros2_control/install/filters/include/filters/filters/filter_base.h
-- Symlinking: /Users/dhruvpatel29/humble-ros2/src/ros2_control/install/filters/include/filters/filters/filter_base.hpp
-- Symlinking: /Users/dhruvpatel29/humble-ros2/src/ros2_control/install/filters/include/filters/filters/filter_chain.h
-- Symlinking: /Users/dhruvpatel29/humble-ros2/src/ros2_control/install/filters/include/filters/filters/filter_chain.hpp
-- Symlinking: /Users/dhruvpatel29/humble-ros2/src/ros2_control/install/filters/include/filters/filters/increment.h
-- Symlinking: /Users/dhruvpatel29/humble-ros2/src/ros2_control/install/filters/include/filters/filters/increment.hpp
-- Symlinking: /Users/dhruvpatel29/humble-ros2/src/ros2_control/install/filters/include/filters/filters/mean.h
-- Symlinking: /Users/dhruvpatel29/humble-ros2/src/ros2_control/install/filters/include/filters/filters/mean.hpp
-- Symlinking: /Users/dhruvpatel29/humble-ros2/src/ros2_control/install/filters/include/filters/filters/median.h
-- Symlinking: /Users/dhruvpatel29/humble-ros2/src/ros2_control/install/filters/include/filters/filters/median.hpp
-- Symlinking: /Users/dhruvpatel29/humble-ros2/src/ros2_control/install/filters/include/filters/filters/param_test.h
-- Symlinking: /Users/dhruvpatel29/humble-ros2/src/ros2_control/install/filters/include/filters/filters/param_test.hpp
-- Symlinking: /Users/dhruvpatel29/humble-ros2/src/ros2_control/install/filters/include/filters/filters/realtime_circular_buffer.h
-- Symlinking: /Users/dhruvpatel29/humble-ros2/src/ros2_control/install/filters/include/filters/filters/realtime_circular_buffer.hpp
-- Symlinking: /Users/dhruvpatel29/humble-ros2/src/ros2_control/install/filters/include/filters/filters/transfer_function.h
-- Symlinking: /Users/dhruvpatel29/humble-ros2/src/ros2_control/install/filters/include/filters/filters/transfer_function.hpp
-- Symlinking: /Users/dhruvpatel29/humble-ros2/src/ros2_control/install/filters/share/filters/environment/library_path.sh
-- Symlinking: /Users/dhruvpatel29/humble-ros2/src/ros2_control/install/filters/share/filters/environment/library_path.dsv
-- Symlinking: /Users/dhruvpatel29/humble-ros2/src/ros2_control/install/filters/share/filters//default_plugins.xml
-- Symlinking: /Users/dhruvpatel29/humble-ros2/src/ros2_control/install/filters/share/ament_index/resource_index/package_run_dependencies/filters
-- Symlinking: /Users/dhruvpatel29/humble-ros2/src/ros2_control/install/filters/share/ament_index/resource_index/parent_prefix_path/filters
-- Symlinking: /Users/dhruvpatel29/humble-ros2/src/ros2_control/install/filters/share/filters/environment/ament_prefix_path.sh
-- Symlinking: /Users/dhruvpatel29/humble-ros2/src/ros2_control/install/filters/share/filters/environment/ament_prefix_path.dsv
-- Symlinking: /Users/dhruvpatel29/humble-ros2/src/ros2_control/install/filters/share/filters/environment/path.sh
-- Symlinking: /Users/dhruvpatel29/humble-ros2/src/ros2_control/install/filters/share/filters/environment/path.dsv
-- Symlinking: /Users/dhruvpatel29/humble-ros2/src/ros2_control/install/filters/share/filters/local_setup.bash
-- Symlinking: /Users/dhruvpatel29/humble-ros2/src/ros2_control/install/filters/share/filters/local_setup.sh
-- Symlinking: /Users/dhruvpatel29/humble-ros2/src/ros2_control/install/filters/share/filters/local_setup.zsh
-- Symlinking: /Users/dhruvpatel29/humble-ros2/src/ros2_control/install/filters/share/filters/local_setup.dsv
-- Symlinking: /Users/dhruvpatel29/humble-ros2/src/ros2_control/install/filters/share/filters/package.dsv
-- Symlinking: /Users/dhruvpatel29/humble-ros2/src/ros2_control/install/filters/share/ament_index/resource_index/packages/filters
-- Symlinking: /Users/dhruvpatel29/humble-ros2/src/ros2_control/install/filters/share/ament_index/resource_index/filters__pluginlib__plugin/filters
-- Symlinking: /Users/dhruvpatel29/humble-ros2/src/ros2_control/install/filters/share/filters/cmake/ament_cmake_export_include_directories-extras.cmake
-- Symlinking: /Users/dhruvpatel29/humble-ros2/src/ros2_control/install/filters/share/filters/cmake/ament_cmake_export_targets-extras.cmake
-- Symlinking: /Users/dhruvpatel29/humble-ros2/src/ros2_control/install/filters/share/filters/cmake/ament_cmake_export_dependencies-extras.cmake
-- Symlinking: /Users/dhruvpatel29/humble-ros2/src/ros2_control/install/filters/share/filters/cmake/filtersConfig.cmake
-- Symlinking: /Users/dhruvpatel29/humble-ros2/src/ros2_control/install/filters/share/filters/cmake/filtersConfig-version.cmake
-- Symlinking: /Users/dhruvpatel29/humble-ros2/src/ros2_control/install/filters/share/filters/package.xml
-- Installing: /Users/dhruvpatel29/humble-ros2/src/ros2_control/install/filters/lib/libmean.dylib
-- Installing: /Users/dhruvpatel29/humble-ros2/src/ros2_control/install/filters/lib/libparams.dylib
-- Installing: /Users/dhruvpatel29/humble-ros2/src/ros2_control/install/filters/lib/libincrement.dylib
-- Installing: /Users/dhruvpatel29/humble-ros2/src/ros2_control/install/filters/lib/libmedian.dylib
-- Installing: /Users/dhruvpatel29/humble-ros2/src/ros2_control/install/filters/lib/libtransfer_function.dylib
-- Installing: /Users/dhruvpatel29/humble-ros2/src/ros2_control/install/filters/share/filters/cmake/export_filtersExport.cmake
-- Installing: /Users/dhruvpatel29/humble-ros2/src/ros2_control/install/filters/share/filters/cmake/export_filtersExport-noconfig.cmake
