CMake Warning (dev) at /Users/dhruvpatel29/humble-ros2/src/ros2_control/install/filters/share/filters/cmake/ament_cmake_export_dependencies-extras.cmake:21 (find_package):
  Policy CMP0144 is not set: find_package uses upper-case <PACKAGENAME>_ROOT
  variables.  Run "cmake --help-policy CMP0144" for policy details.  Use the
  cmake_policy command to set the policy and suppress this warning.

  Environment variable BOOST_ROOT is set to:

    /Users/dhruvpatel29/humble-ros2/src/ros-commondep/boost

  For compatibility, find_package is ignoring the variable, but code in a
  .cmake module might still use it.
Call Stack (most recent call first):
  /Users/dhruvpatel29/humble-ros2/src/ros2_control/install/filters/share/filters/cmake/filtersConfig.cmake:41 (include)
  CMakeLists.txt:62 (find_package)
This warning is for project developers.  Use -Wno-dev to suppress it.

CMake Warning (dev) at /Users/dhruvpatel29/humble-ros2/src/ros2_control/install/filters/share/filters/cmake/ament_cmake_export_dependencies-extras.cmake:21 (find_package):
  Policy CMP0167 is not set: The FindBoost module is removed.  Run "cmake
  --help-policy CMP0167" for policy details.  Use the cmake_policy command to
  set the policy and suppress this warning.

Call Stack (most recent call first):
  /Users/dhruvpatel29/humble-ros2/src/ros2_control/install/filters/share/filters/cmake/filtersConfig.cmake:41 (include)
  CMakeLists.txt:62 (find_package)
This warning is for project developers.  Use -Wno-dev to suppress it.

CMake Deprecation Warning at /Users/dhruvpatel29/humble-ros2/install/gmock_vendor/src/gmock_vendor/CMakeLists.txt:2 (cmake_minimum_required):
  Compatibility with CMake < 3.10 will be removed from a future version of
  CMake.

  Update the VERSION argument <min> value.  Or, use the <min>...<max> syntax
  to tell CMake that the project requires at least <min> but has been updated
  to work with policies introduced by <max> or earlier.


CMake Deprecation Warning at /Users/dhruvpatel29/humble-ros2/install/gtest_vendor/src/gtest_vendor/CMakeLists.txt:2 (cmake_minimum_required):
  Compatibility with CMake < 3.10 will be removed from a future version of
  CMake.

  Update the VERSION argument <min> value.  Or, use the <min>...<max> syntax
  to tell CMake that the project requires at least <min> but has been updated
  to work with policies introduced by <max> or earlier.


In file included from /Users/dhruvpatel29/humble-ros2/install/gmock_vendor/src/gmock_vendor/src/gmock-all.cc:39:
In file included from /Users/dhruvpatel29/humble-ros2/install/gmock_vendor/src/gmock_vendor/include/gmock/gmock.h:59:
/Users/dhruvpatel29/humble-ros2/install/gmock_vendor/src/gmock_vendor/include/gmock/gmock-actions.h:455:3: warning: definition of implicit copy constructor for 'PolymorphicAction<testing::internal::ReturnNullAction>' is deprecated because it has a user-declared copy assignment operator [-Wdeprecated-copy]
  455 |   GTEST_DISALLOW_ASSIGN_(PolymorphicAction);
      |   ^
/Users/dhruvpatel29/humble-ros2/install/gtest_vendor/src/gtest_vendor/include/gtest/internal/gtest-port.h:682:8: note: expanded from macro 'GTEST_DISALLOW_ASSIGN_'
  682 |   void operator=(type const &) = delete
      |        ^
/Users/dhruvpatel29/humble-ros2/install/gmock_vendor/src/gmock_vendor/include/gmock/gmock-actions.h:1011:10: note: in implicit copy constructor for 'testing::PolymorphicAction<testing::internal::ReturnNullAction>' first required here
 1011 |   return MakePolymorphicAction(internal::ReturnNullAction());
      |          ^
/Users/dhruvpatel29/humble-ros2/install/gmock_vendor/src/gmock_vendor/include/gmock/gmock-actions.h:455:3: warning: definition of implicit copy constructor for 'PolymorphicAction<testing::internal::ReturnVoidAction>' is deprecated because it has a user-declared copy assignment operator [-Wdeprecated-copy]
  455 |   GTEST_DISALLOW_ASSIGN_(PolymorphicAction);
      |   ^
/Users/dhruvpatel29/humble-ros2/install/gtest_vendor/src/gtest_vendor/include/gtest/internal/gtest-port.h:682:8: note: expanded from macro 'GTEST_DISALLOW_ASSIGN_'
  682 |   void operator=(type const &) = delete
      |        ^
/Users/dhruvpatel29/humble-ros2/install/gmock_vendor/src/gmock_vendor/include/gmock/gmock-actions.h:1016:10: note: in implicit copy constructor for 'testing::PolymorphicAction<testing::internal::ReturnVoidAction>' first required here
 1016 |   return MakePolymorphicAction(internal::ReturnVoidAction());
      |          ^
In file included from /Users/dhruvpatel29/humble-ros2/install/gmock_vendor/src/gmock_vendor/src/gmock-all.cc:39:
In file included from /Users/dhruvpatel29/humble-ros2/install/gmock_vendor/src/gmock_vendor/include/gmock/gmock.h:61:
In file included from /Users/dhruvpatel29/humble-ros2/install/gmock_vendor/src/gmock_vendor/include/gmock/gmock-function-mocker.h:39:
In file included from /Users/dhruvpatel29/humble-ros2/install/gmock_vendor/src/gmock_vendor/include/gmock/gmock-generated-function-mockers.h:47:
In file included from /Users/dhruvpatel29/humble-ros2/install/gmock_vendor/src/gmock_vendor/include/gmock/gmock-spec-builders.h:75:
/Users/dhruvpatel29/humble-ros2/install/gmock_vendor/src/gmock_vendor/include/gmock/gmock-matchers.h:1506:3: warning: definition of implicit copy constructor for 'FloatingEqMatcher<double>' is deprecated because it has a user-declared copy assignment operator [-Wdeprecated-copy]
 1506 |   GTEST_DISALLOW_ASSIGN_(FloatingEqMatcher);
      |   ^
/Users/dhruvpatel29/humble-ros2/install/gtest_vendor/src/gtest_vendor/include/gtest/internal/gtest-port.h:682:8: note: expanded from macro 'GTEST_DISALLOW_ASSIGN_'
  682 |   void operator=(type const &) = delete
      |        ^
/Users/dhruvpatel29/humble-ros2/install/gmock_vendor/src/gmock_vendor/include/gmock/gmock-matchers.h:3632:10: note: in implicit copy constructor for 'testing::internal::FloatingEqMatcher<double>' first required here
 3632 |   return internal::FloatingEqMatcher<double>(rhs, false);
      |          ^
/Users/dhruvpatel29/humble-ros2/install/gmock_vendor/src/gmock_vendor/include/gmock/gmock-matchers.h:1506:3: warning: definition of implicit copy constructor for 'FloatingEqMatcher<float>' is deprecated because it has a user-declared copy assignment operator [-Wdeprecated-copy]
 1506 |   GTEST_DISALLOW_ASSIGN_(FloatingEqMatcher);
      |   ^
/Users/dhruvpatel29/humble-ros2/install/gtest_vendor/src/gtest_vendor/include/gtest/internal/gtest-port.h:682:8: note: expanded from macro 'GTEST_DISALLOW_ASSIGN_'
  682 |   void operator=(type const &) = delete
      |        ^
/Users/dhruvpatel29/humble-ros2/install/gmock_vendor/src/gmock_vendor/include/gmock/gmock-matchers.h:3660:10: note: in implicit copy constructor for 'testing::internal::FloatingEqMatcher<float>' first required here
 3660 |   return internal::FloatingEqMatcher<float>(rhs, false);
      |          ^
/Users/dhruvpatel29/humble-ros2/install/gmock_vendor/src/gmock_vendor/include/gmock/gmock-matchers.h:721:3: warning: definition of implicit copy constructor for 'StrEqualityMatcher<std::string>' is deprecated because it has a user-declared copy assignment operator [-Wdeprecated-copy]
  721 |   GTEST_DISALLOW_ASSIGN_(StrEqualityMatcher);
      |   ^
/Users/dhruvpatel29/humble-ros2/install/gtest_vendor/src/gtest_vendor/include/gtest/internal/gtest-port.h:682:8: note: expanded from macro 'GTEST_DISALLOW_ASSIGN_'
  682 |   void operator=(type const &) = delete
      |        ^
/Users/dhruvpatel29/humble-ros2/install/gtest_vendor/src/gtest_vendor/include/gtest/gtest-matchers.h:454:7: note: in implicit copy constructor for 'testing::internal::StrEqualityMatcher<std::string>' first required here
  454 | class PolymorphicMatcher {
      |       ^
/Users/dhruvpatel29/humble-ros2/install/gmock_vendor/src/gmock_vendor/include/gmock/gmock-matchers.h:3813:10: note: in implicit move constructor for 'testing::PolymorphicMatcher<testing::internal::StrEqualityMatcher<std::string>>' first required here
 3813 |   return MakePolymorphicMatcher(
      |          ^
/Users/dhruvpatel29/humble-ros2/install/gmock_vendor/src/gmock_vendor/include/gmock/gmock-matchers.h:778:3: warning: definition of implicit copy constructor for 'HasSubstrMatcher<std::string>' is deprecated because it has a user-declared copy assignment operator [-Wdeprecated-copy]
  778 |   GTEST_DISALLOW_ASSIGN_(HasSubstrMatcher);
      |   ^
/Users/dhruvpatel29/humble-ros2/install/gtest_vendor/src/gtest_vendor/include/gtest/internal/gtest-port.h:682:8: note: expanded from macro 'GTEST_DISALLOW_ASSIGN_'
  682 |   void operator=(type const &) = delete
      |        ^
/Users/dhruvpatel29/humble-ros2/install/gtest_vendor/src/gtest_vendor/include/gtest/gtest-matchers.h:454:7: note: in implicit copy constructor for 'testing::internal::HasSubstrMatcher<std::string>' first required here
  454 | class PolymorphicMatcher {
      |       ^
/Users/dhruvpatel29/humble-ros2/install/gmock_vendor/src/gmock_vendor/include/gmock/gmock-matchers.h:3842:10: note: in implicit move constructor for 'testing::PolymorphicMatcher<testing::internal::HasSubstrMatcher<std::string>>' first required here
 3842 |   return MakePolymorphicMatcher(
      |          ^
/Users/dhruvpatel29/humble-ros2/install/gmock_vendor/src/gmock_vendor/include/gmock/gmock-matchers.h:835:3: warning: definition of implicit copy constructor for 'StartsWithMatcher<std::string>' is deprecated because it has a user-declared copy assignment operator [-Wdeprecated-copy]
  835 |   GTEST_DISALLOW_ASSIGN_(StartsWithMatcher);
      |   ^
/Users/dhruvpatel29/humble-ros2/install/gtest_vendor/src/gtest_vendor/include/gtest/internal/gtest-port.h:682:8: note: expanded from macro 'GTEST_DISALLOW_ASSIGN_'
  682 |   void operator=(type const &) = delete
      |        ^
/Users/dhruvpatel29/humble-ros2/install/gtest_vendor/src/gtest_vendor/include/gtest/gtest-matchers.h:454:7: note: in implicit copy constructor for 'testing::internal::StartsWithMatcher<std::string>' first required here
  454 | class PolymorphicMatcher {
      |       ^
/Users/dhruvpatel29/humble-ros2/install/gmock_vendor/src/gmock_vendor/include/gmock/gmock-matchers.h:3849:10: note: in implicit move constructor for 'testing::PolymorphicMatcher<testing::internal::StartsWithMatcher<std::string>>' first required here
 3849 |   return MakePolymorphicMatcher(
      |          ^
/Users/dhruvpatel29/humble-ros2/install/gmock_vendor/src/gmock_vendor/include/gmock/gmock-matchers.h:891:3: warning: definition of implicit copy constructor for 'EndsWithMatcher<std::string>' is deprecated because it has a user-declared copy assignment operator [-Wdeprecated-copy]
  891 |   GTEST_DISALLOW_ASSIGN_(EndsWithMatcher);
      |   ^
/Users/dhruvpatel29/humble-ros2/install/gtest_vendor/src/gtest_vendor/include/gtest/internal/gtest-port.h:682:8: note: expanded from macro 'GTEST_DISALLOW_ASSIGN_'
  682 |   void operator=(type const &) = delete
      |        ^
/Users/dhruvpatel29/humble-ros2/install/gtest_vendor/src/gtest_vendor/include/gtest/gtest-matchers.h:454:7: note: in implicit copy constructor for 'testing::internal::EndsWithMatcher<std::string>' first required here
  454 | class PolymorphicMatcher {
      |       ^
/Users/dhruvpatel29/humble-ros2/install/gmock_vendor/src/gmock_vendor/include/gmock/gmock-matchers.h:3856:10: note: in implicit move constructor for 'testing::PolymorphicMatcher<testing::internal::EndsWithMatcher<std::string>>' first required here
 3856 |   return MakePolymorphicMatcher(internal::EndsWithMatcher<std::string>(suffix));
      |          ^
/Users/dhruvpatel29/humble-ros2/install/gmock_vendor/src/gmock_vendor/include/gmock/gmock-matchers.h:721:3: warning: definition of implicit copy constructor for 'StrEqualityMatcher<std::wstring>' is deprecated because it has a user-declared copy assignment operator [-Wdeprecated-copy]
  721 |   GTEST_DISALLOW_ASSIGN_(StrEqualityMatcher);
      |   ^
/Users/dhruvpatel29/humble-ros2/install/gtest_vendor/src/gtest_vendor/include/gtest/internal/gtest-port.h:682:8: note: expanded from macro 'GTEST_DISALLOW_ASSIGN_'
  682 |   void operator=(type const &) = delete
      |        ^
/Users/dhruvpatel29/humble-ros2/install/gtest_vendor/src/gtest_vendor/include/gtest/gtest-matchers.h:454:7: note: in implicit copy constructor for 'testing::internal::StrEqualityMatcher<std::wstring>' first required here
  454 | class PolymorphicMatcher {
      |       ^
/Users/dhruvpatel29/humble-ros2/install/gmock_vendor/src/gmock_vendor/include/gmock/gmock-matchers.h:3865:10: note: in implicit move constructor for 'testing::PolymorphicMatcher<testing::internal::StrEqualityMatcher<std::wstring>>' first required here
 3865 |   return MakePolymorphicMatcher(
      |          ^
/Users/dhruvpatel29/humble-ros2/install/gmock_vendor/src/gmock_vendor/include/gmock/gmock-matchers.h:778:3: warning: definition of implicit copy constructor for 'HasSubstrMatcher<std::wstring>' is deprecated because it has a user-declared copy assignment operator [-Wdeprecated-copy]
  778 |   GTEST_DISALLOW_ASSIGN_(HasSubstrMatcher);
      |   ^
/Users/dhruvpatel29/humble-ros2/install/gtest_vendor/src/gtest_vendor/include/gtest/internal/gtest-port.h:682:8: note: expanded from macro 'GTEST_DISALLOW_ASSIGN_'
  682 |   void operator=(type const &) = delete
      |        ^
/Users/dhruvpatel29/humble-ros2/install/gtest_vendor/src/gtest_vendor/include/gtest/gtest-matchers.h:454:7: note: in implicit copy constructor for 'testing::internal::HasSubstrMatcher<std::wstring>' first required here
  454 | class PolymorphicMatcher {
      |       ^
/Users/dhruvpatel29/humble-ros2/install/gmock_vendor/src/gmock_vendor/include/gmock/gmock-matchers.h:3894:10: note: in implicit move constructor for 'testing::PolymorphicMatcher<testing::internal::HasSubstrMatcher<std::wstring>>' first required here
 3894 |   return MakePolymorphicMatcher(
      |          ^
/Users/dhruvpatel29/humble-ros2/install/gmock_vendor/src/gmock_vendor/include/gmock/gmock-matchers.h:835:3: warning: definition of implicit copy constructor for 'StartsWithMatcher<std::wstring>' is deprecated because it has a user-declared copy assignment operator [-Wdeprecated-copy]
  835 |   GTEST_DISALLOW_ASSIGN_(StartsWithMatcher);
      |   ^
/Users/dhruvpatel29/humble-ros2/install/gtest_vendor/src/gtest_vendor/include/gtest/internal/gtest-port.h:682:8: note: expanded from macro 'GTEST_DISALLOW_ASSIGN_'
  682 |   void operator=(type const &) = delete
      |        ^
/Users/dhruvpatel29/humble-ros2/install/gtest_vendor/src/gtest_vendor/include/gtest/gtest-matchers.h:454:7: note: in implicit copy constructor for 'testing::internal::StartsWithMatcher<std::wstring>' first required here
  454 | class PolymorphicMatcher {
      |       ^
/Users/dhruvpatel29/humble-ros2/install/gmock_vendor/src/gmock_vendor/include/gmock/gmock-matchers.h:3901:10: note: in implicit move constructor for 'testing::PolymorphicMatcher<testing::internal::StartsWithMatcher<std::wstring>>' first required here
 3901 |   return MakePolymorphicMatcher(
      |          ^
/Users/dhruvpatel29/humble-ros2/install/gmock_vendor/src/gmock_vendor/include/gmock/gmock-matchers.h:891:3: warning: definition of implicit copy constructor for 'EndsWithMatcher<std::wstring>' is deprecated because it has a user-declared copy assignment operator [-Wdeprecated-copy]
  891 |   GTEST_DISALLOW_ASSIGN_(EndsWithMatcher);
      |   ^
/Users/dhruvpatel29/humble-ros2/install/gtest_vendor/src/gtest_vendor/include/gtest/internal/gtest-port.h:682:8: note: expanded from macro 'GTEST_DISALLOW_ASSIGN_'
  682 |   void operator=(type const &) = delete
      |        ^
/Users/dhruvpatel29/humble-ros2/install/gtest_vendor/src/gtest_vendor/include/gtest/gtest-matchers.h:454:7: note: in implicit copy constructor for 'testing::internal::EndsWithMatcher<std::wstring>' first required here
  454 | class PolymorphicMatcher {
      |       ^
/Users/dhruvpatel29/humble-ros2/install/gmock_vendor/src/gmock_vendor/include/gmock/gmock-matchers.h:3908:10: note: in implicit move constructor for 'testing::PolymorphicMatcher<testing::internal::EndsWithMatcher<std::wstring>>' first required here
 3908 |   return MakePolymorphicMatcher(
      |          ^
12 warnings generated.
In file included from /Users/dhruvpatel29/humble-ros2/install/gmock_vendor/src/gmock_vendor/src/gmock_main.cc:32:
In file included from /Users/dhruvpatel29/humble-ros2/install/gmock_vendor/src/gmock_vendor/include/gmock/gmock.h:59:
/Users/dhruvpatel29/humble-ros2/install/gmock_vendor/src/gmock_vendor/include/gmock/gmock-actions.h:455:3: warning: definition of implicit copy constructor for 'PolymorphicAction<testing::internal::ReturnNullAction>' is deprecated because it has a user-declared copy assignment operator [-Wdeprecated-copy]
  455 |   GTEST_DISALLOW_ASSIGN_(PolymorphicAction);
      |   ^
/Users/dhruvpatel29/humble-ros2/install/gtest_vendor/src/gtest_vendor/include/gtest/internal/gtest-port.h:682:8: note: expanded from macro 'GTEST_DISALLOW_ASSIGN_'
  682 |   void operator=(type const &) = delete
      |        ^
/Users/dhruvpatel29/humble-ros2/install/gmock_vendor/src/gmock_vendor/include/gmock/gmock-actions.h:1011:10: note: in implicit copy constructor for 'testing::PolymorphicAction<testing::internal::ReturnNullAction>' first required here
 1011 |   return MakePolymorphicAction(internal::ReturnNullAction());
      |          ^
/Users/dhruvpatel29/humble-ros2/install/gmock_vendor/src/gmock_vendor/include/gmock/gmock-actions.h:455:3: warning: definition of implicit copy constructor for 'PolymorphicAction<testing::internal::ReturnVoidAction>' is deprecated because it has a user-declared copy assignment operator [-Wdeprecated-copy]
  455 |   GTEST_DISALLOW_ASSIGN_(PolymorphicAction);
      |   ^
/Users/dhruvpatel29/humble-ros2/install/gtest_vendor/src/gtest_vendor/include/gtest/internal/gtest-port.h:682:8: note: expanded from macro 'GTEST_DISALLOW_ASSIGN_'
  682 |   void operator=(type const &) = delete
      |        ^
/Users/dhruvpatel29/humble-ros2/install/gmock_vendor/src/gmock_vendor/include/gmock/gmock-actions.h:1016:10: note: in implicit copy constructor for 'testing::PolymorphicAction<testing::internal::ReturnVoidAction>' first required here
 1016 |   return MakePolymorphicAction(internal::ReturnVoidAction());
      |          ^
In file included from /Users/dhruvpatel29/humble-ros2/install/gmock_vendor/src/gmock_vendor/src/gmock_main.cc:32:
In file included from /Users/dhruvpatel29/humble-ros2/install/gmock_vendor/src/gmock_vendor/include/gmock/gmock.h:61:
In file included from /Users/dhruvpatel29/humble-ros2/install/gmock_vendor/src/gmock_vendor/include/gmock/gmock-function-mocker.h:39:
In file included from /Users/dhruvpatel29/humble-ros2/install/gmock_vendor/src/gmock_vendor/include/gmock/gmock-generated-function-mockers.h:47:
In file included from /Users/dhruvpatel29/humble-ros2/install/gmock_vendor/src/gmock_vendor/include/gmock/gmock-spec-builders.h:75:
/Users/dhruvpatel29/humble-ros2/install/gmock_vendor/src/gmock_vendor/include/gmock/gmock-matchers.h:1506:3: warning: definition of implicit copy constructor for 'FloatingEqMatcher<double>' is deprecated because it has a user-declared copy assignment operator [-Wdeprecated-copy]
 1506 |   GTEST_DISALLOW_ASSIGN_(FloatingEqMatcher);
      |   ^
/Users/dhruvpatel29/humble-ros2/install/gtest_vendor/src/gtest_vendor/include/gtest/internal/gtest-port.h:682:8: note: expanded from macro 'GTEST_DISALLOW_ASSIGN_'
  682 |   void operator=(type const &) = delete
      |        ^
/Users/dhruvpatel29/humble-ros2/install/gmock_vendor/src/gmock_vendor/include/gmock/gmock-matchers.h:3632:10: note: in implicit copy constructor for 'testing::internal::FloatingEqMatcher<double>' first required here
 3632 |   return internal::FloatingEqMatcher<double>(rhs, false);
      |          ^
/Users/dhruvpatel29/humble-ros2/install/gmock_vendor/src/gmock_vendor/include/gmock/gmock-matchers.h:1506:3: warning: definition of implicit copy constructor for 'FloatingEqMatcher<float>' is deprecated because it has a user-declared copy assignment operator [-Wdeprecated-copy]
 1506 |   GTEST_DISALLOW_ASSIGN_(FloatingEqMatcher);
      |   ^
/Users/dhruvpatel29/humble-ros2/install/gtest_vendor/src/gtest_vendor/include/gtest/internal/gtest-port.h:682:8: note: expanded from macro 'GTEST_DISALLOW_ASSIGN_'
  682 |   void operator=(type const &) = delete
      |        ^
/Users/dhruvpatel29/humble-ros2/install/gmock_vendor/src/gmock_vendor/include/gmock/gmock-matchers.h:3660:10: note: in implicit copy constructor for 'testing::internal::FloatingEqMatcher<float>' first required here
 3660 |   return internal::FloatingEqMatcher<float>(rhs, false);
      |          ^
/Users/dhruvpatel29/humble-ros2/install/gmock_vendor/src/gmock_vendor/include/gmock/gmock-matchers.h:721:3: warning: definition of implicit copy constructor for 'StrEqualityMatcher<std::string>' is deprecated because it has a user-declared copy assignment operator [-Wdeprecated-copy]
  721 |   GTEST_DISALLOW_ASSIGN_(StrEqualityMatcher);
      |   ^
/Users/dhruvpatel29/humble-ros2/install/gtest_vendor/src/gtest_vendor/include/gtest/internal/gtest-port.h:682:8: note: expanded from macro 'GTEST_DISALLOW_ASSIGN_'
  682 |   void operator=(type const &) = delete
      |        ^
/Users/dhruvpatel29/humble-ros2/install/gtest_vendor/src/gtest_vendor/include/gtest/gtest-matchers.h:454:7: note: in implicit copy constructor for 'testing::internal::StrEqualityMatcher<std::string>' first required here
  454 | class PolymorphicMatcher {
      |       ^
/Users/dhruvpatel29/humble-ros2/install/gmock_vendor/src/gmock_vendor/include/gmock/gmock-matchers.h:3813:10: note: in implicit move constructor for 'testing::PolymorphicMatcher<testing::internal::StrEqualityMatcher<std::string>>' first required here
 3813 |   return MakePolymorphicMatcher(
      |          ^
/Users/dhruvpatel29/humble-ros2/install/gmock_vendor/src/gmock_vendor/include/gmock/gmock-matchers.h:778:3: warning: definition of implicit copy constructor for 'HasSubstrMatcher<std::string>' is deprecated because it has a user-declared copy assignment operator [-Wdeprecated-copy]
  778 |   GTEST_DISALLOW_ASSIGN_(HasSubstrMatcher);
      |   ^
/Users/dhruvpatel29/humble-ros2/install/gtest_vendor/src/gtest_vendor/include/gtest/internal/gtest-port.h:682:8: note: expanded from macro 'GTEST_DISALLOW_ASSIGN_'
  682 |   void operator=(type const &) = delete
      |        ^
/Users/dhruvpatel29/humble-ros2/install/gtest_vendor/src/gtest_vendor/include/gtest/gtest-matchers.h:454:7: note: in implicit copy constructor for 'testing::internal::HasSubstrMatcher<std::string>' first required here
  454 | class PolymorphicMatcher {
      |       ^
/Users/dhruvpatel29/humble-ros2/install/gmock_vendor/src/gmock_vendor/include/gmock/gmock-matchers.h:3842:10: note: in implicit move constructor for 'testing::PolymorphicMatcher<testing::internal::HasSubstrMatcher<std::string>>' first required here
 3842 |   return MakePolymorphicMatcher(
      |          ^
/Users/dhruvpatel29/humble-ros2/install/gmock_vendor/src/gmock_vendor/include/gmock/gmock-matchers.h:835:3: warning: definition of implicit copy constructor for 'StartsWithMatcher<std::string>' is deprecated because it has a user-declared copy assignment operator [-Wdeprecated-copy]
  835 |   GTEST_DISALLOW_ASSIGN_(StartsWithMatcher);
      |   ^
/Users/dhruvpatel29/humble-ros2/install/gtest_vendor/src/gtest_vendor/include/gtest/internal/gtest-port.h:682:8: note: expanded from macro 'GTEST_DISALLOW_ASSIGN_'
  682 |   void operator=(type const &) = delete
      |        ^
/Users/dhruvpatel29/humble-ros2/install/gtest_vendor/src/gtest_vendor/include/gtest/gtest-matchers.h:454:7: note: in implicit copy constructor for 'testing::internal::StartsWithMatcher<std::string>' first required here
  454 | class PolymorphicMatcher {
      |       ^
/Users/dhruvpatel29/humble-ros2/install/gmock_vendor/src/gmock_vendor/include/gmock/gmock-matchers.h:3849:10: note: in implicit move constructor for 'testing::PolymorphicMatcher<testing::internal::StartsWithMatcher<std::string>>' first required here
 3849 |   return MakePolymorphicMatcher(
      |          ^
/Users/dhruvpatel29/humble-ros2/install/gmock_vendor/src/gmock_vendor/include/gmock/gmock-matchers.h:891:3: warning: definition of implicit copy constructor for 'EndsWithMatcher<std::string>' is deprecated because it has a user-declared copy assignment operator [-Wdeprecated-copy]
  891 |   GTEST_DISALLOW_ASSIGN_(EndsWithMatcher);
      |   ^
/Users/dhruvpatel29/humble-ros2/install/gtest_vendor/src/gtest_vendor/include/gtest/internal/gtest-port.h:682:8: note: expanded from macro 'GTEST_DISALLOW_ASSIGN_'
  682 |   void operator=(type const &) = delete
      |        ^
/Users/dhruvpatel29/humble-ros2/install/gtest_vendor/src/gtest_vendor/include/gtest/gtest-matchers.h:454:7: note: in implicit copy constructor for 'testing::internal::EndsWithMatcher<std::string>' first required here
  454 | class PolymorphicMatcher {
      |       ^
/Users/dhruvpatel29/humble-ros2/install/gmock_vendor/src/gmock_vendor/include/gmock/gmock-matchers.h:3856:10: note: in implicit move constructor for 'testing::PolymorphicMatcher<testing::internal::EndsWithMatcher<std::string>>' first required here
 3856 |   return MakePolymorphicMatcher(internal::EndsWithMatcher<std::string>(suffix));
      |          ^
/Users/dhruvpatel29/humble-ros2/install/gmock_vendor/src/gmock_vendor/include/gmock/gmock-matchers.h:721:3: warning: definition of implicit copy constructor for 'StrEqualityMatcher<std::wstring>' is deprecated because it has a user-declared copy assignment operator [-Wdeprecated-copy]
  721 |   GTEST_DISALLOW_ASSIGN_(StrEqualityMatcher);
      |   ^
/Users/dhruvpatel29/humble-ros2/install/gtest_vendor/src/gtest_vendor/include/gtest/internal/gtest-port.h:682:8: note: expanded from macro 'GTEST_DISALLOW_ASSIGN_'
  682 |   void operator=(type const &) = delete
      |        ^
/Users/dhruvpatel29/humble-ros2/install/gtest_vendor/src/gtest_vendor/include/gtest/gtest-matchers.h:454:7: note: in implicit copy constructor for 'testing::internal::StrEqualityMatcher<std::wstring>' first required here
  454 | class PolymorphicMatcher {
      |       ^
/Users/dhruvpatel29/humble-ros2/install/gmock_vendor/src/gmock_vendor/include/gmock/gmock-matchers.h:3865:10: note: in implicit move constructor for 'testing::PolymorphicMatcher<testing::internal::StrEqualityMatcher<std::wstring>>' first required here
 3865 |   return MakePolymorphicMatcher(
      |          ^
/Users/dhruvpatel29/humble-ros2/install/gmock_vendor/src/gmock_vendor/include/gmock/gmock-matchers.h:778:3: warning: definition of implicit copy constructor for 'HasSubstrMatcher<std::wstring>' is deprecated because it has a user-declared copy assignment operator [-Wdeprecated-copy]
  778 |   GTEST_DISALLOW_ASSIGN_(HasSubstrMatcher);
      |   ^
/Users/dhruvpatel29/humble-ros2/install/gtest_vendor/src/gtest_vendor/include/gtest/internal/gtest-port.h:682:8: note: expanded from macro 'GTEST_DISALLOW_ASSIGN_'
  682 |   void operator=(type const &) = delete
      |        ^
/Users/dhruvpatel29/humble-ros2/install/gtest_vendor/src/gtest_vendor/include/gtest/gtest-matchers.h:454:7: note: in implicit copy constructor for 'testing::internal::HasSubstrMatcher<std::wstring>' first required here
  454 | class PolymorphicMatcher {
      |       ^
/Users/dhruvpatel29/humble-ros2/install/gmock_vendor/src/gmock_vendor/include/gmock/gmock-matchers.h:3894:10: note: in implicit move constructor for 'testing::PolymorphicMatcher<testing::internal::HasSubstrMatcher<std::wstring>>' first required here
 3894 |   return MakePolymorphicMatcher(
      |          ^
/Users/dhruvpatel29/humble-ros2/install/gmock_vendor/src/gmock_vendor/include/gmock/gmock-matchers.h:835:3: warning: definition of implicit copy constructor for 'StartsWithMatcher<std::wstring>' is deprecated because it has a user-declared copy assignment operator [-Wdeprecated-copy]
  835 |   GTEST_DISALLOW_ASSIGN_(StartsWithMatcher);
      |   ^
/Users/dhruvpatel29/humble-ros2/install/gtest_vendor/src/gtest_vendor/include/gtest/internal/gtest-port.h:682:8: note: expanded from macro 'GTEST_DISALLOW_ASSIGN_'
  682 |   void operator=(type const &) = delete
      |        ^
/Users/dhruvpatel29/humble-ros2/install/gtest_vendor/src/gtest_vendor/include/gtest/gtest-matchers.h:454:7: note: in implicit copy constructor for 'testing::internal::StartsWithMatcher<std::wstring>' first required here
  454 | class PolymorphicMatcher {
      |       ^
/Users/dhruvpatel29/humble-ros2/install/gmock_vendor/src/gmock_vendor/include/gmock/gmock-matchers.h:3901:10: note: in implicit move constructor for 'testing::PolymorphicMatcher<testing::internal::StartsWithMatcher<std::wstring>>' first required here
 3901 |   return MakePolymorphicMatcher(
      |          ^
/Users/dhruvpatel29/humble-ros2/install/gmock_vendor/src/gmock_vendor/include/gmock/gmock-matchers.h:891:3: warning: definition of implicit copy constructor for 'EndsWithMatcher<std::wstring>' is deprecated because it has a user-declared copy assignment operator [-Wdeprecated-copy]
  891 |   GTEST_DISALLOW_ASSIGN_(EndsWithMatcher);
      |   ^
/Users/dhruvpatel29/humble-ros2/install/gtest_vendor/src/gtest_vendor/include/gtest/internal/gtest-port.h:682:8: note: expanded from macro 'GTEST_DISALLOW_ASSIGN_'
  682 |   void operator=(type const &) = delete
      |        ^
/Users/dhruvpatel29/humble-ros2/install/gtest_vendor/src/gtest_vendor/include/gtest/gtest-matchers.h:454:7: note: in implicit copy constructor for 'testing::internal::EndsWithMatcher<std::wstring>' first required here
  454 | class PolymorphicMatcher {
      |       ^
/Users/dhruvpatel29/humble-ros2/install/gmock_vendor/src/gmock_vendor/include/gmock/gmock-matchers.h:3908:10: note: in implicit move constructor for 'testing::PolymorphicMatcher<testing::internal::EndsWithMatcher<std::wstring>>' first required here
 3908 |   return MakePolymorphicMatcher(
      |          ^
12 warnings generated.
/Users/dhruvpatel29/humble-ros2/src/ros2_control/control_toolbox/test/control_filters/test_exponential_filter.cpp:27:34: warning: variable 'in' is uninitialized when passed as a const reference argument here [-Wuninitialized-const-reference]
   27 |     ASSERT_THROW(filter_->update(in, out), std::runtime_error);
      |                                  ^~
/Users/dhruvpatel29/humble-ros2/install/gtest_vendor/src/gtest_vendor/include/gtest/gtest.h:1959:21: note: expanded from macro 'ASSERT_THROW'
 1959 |   GTEST_TEST_THROW_(statement, expected_exception, GTEST_FATAL_FAILURE_)
      |                     ^~~~~~~~~
/Users/dhruvpatel29/humble-ros2/install/gtest_vendor/src/gtest_vendor/include/gtest/internal/gtest-internal.h:1265:54: note: expanded from macro 'GTEST_TEST_THROW_'
 1265 |       GTEST_SUPPRESS_UNREACHABLE_CODE_WARNING_BELOW_(statement); \
      |                                                      ^~~~~~~~~
/Users/dhruvpatel29/humble-ros2/install/gtest_vendor/src/gtest_vendor/include/gtest/internal/gtest-internal.h:1258:44: note: expanded from macro 'GTEST_SUPPRESS_UNREACHABLE_CODE_WARNING_BELOW_'
 1258 |   if (::testing::internal::AlwaysTrue()) { statement; }
      |                                            ^~~~~~~~~
In file included from /Users/dhruvpatel29/humble-ros2/src/ros2_control/control_toolbox/test/control_filters/test_exponential_filter.cpp:15:
In file included from /Users/dhruvpatel29/humble-ros2/src/ros2_control/control_toolbox/test/control_filters/test_filter_util.hpp:19:
In file included from /Users/dhruvpatel29/humble-ros2/install/gmock_vendor/src/gmock_vendor/include/gmock/gmock.h:61:
In file included from /Users/dhruvpatel29/humble-ros2/install/gmock_vendor/src/gmock_vendor/include/gmock/gmock-function-mocker.h:39:
In file included from /Users/dhruvpatel29/humble-ros2/install/gmock_vendor/src/gmock_vendor/include/gmock/gmock-generated-function-mockers.h:47:
In file included from /Users/dhruvpatel29/humble-ros2/install/gmock_vendor/src/gmock_vendor/include/gmock/gmock-spec-builders.h:75:
/Users/dhruvpatel29/humble-ros2/install/gmock_vendor/src/gmock_vendor/include/gmock/gmock-matchers.h:721:3: warning: definition of implicit copy constructor for 'StrEqualityMatcher<std::string>' is deprecated because it has a user-declared copy assignment operator [-Wdeprecated-copy]
  721 |   GTEST_DISALLOW_ASSIGN_(StrEqualityMatcher);
      |   ^
/Users/dhruvpatel29/humble-ros2/install/gtest_vendor/src/gtest_vendor/include/gtest/internal/gtest-port.h:682:8: note: expanded from macro 'GTEST_DISALLOW_ASSIGN_'
  682 |   void operator=(type const &) = delete
      |        ^
/Users/dhruvpatel29/humble-ros2/install/gtest_vendor/src/gtest_vendor/include/gtest/gtest-matchers.h:456:54: note: in implicit copy constructor for 'testing::internal::StrEqualityMatcher<std::string>' first required here
  456 |   explicit PolymorphicMatcher(const Impl& an_impl) : impl_(an_impl) {}
      |                                                      ^
/Users/dhruvpatel29/humble-ros2/install/gtest_vendor/src/gtest_vendor/include/gtest/gtest-matchers.h:514:10: note: in instantiation of member function 'testing::PolymorphicMatcher<testing::internal::StrEqualityMatcher<std::string>>::PolymorphicMatcher' requested here
  514 |   return PolymorphicMatcher<Impl>(impl);
      |          ^
/Users/dhruvpatel29/humble-ros2/install/gmock_vendor/src/gmock_vendor/include/gmock/gmock-matchers.h:3813:10: note: in instantiation of function template specialization 'testing::MakePolymorphicMatcher<testing::internal::StrEqualityMatcher<std::string>>' requested here
 3813 |   return MakePolymorphicMatcher(
      |          ^
/Users/dhruvpatel29/humble-ros2/install/gmock_vendor/src/gmock_vendor/include/gmock/gmock-matchers.h:778:3: warning: definition of implicit copy constructor for 'HasSubstrMatcher<std::string>' is deprecated because it has a user-declared copy assignment operator [-Wdeprecated-copy]
  778 |   GTEST_DISALLOW_ASSIGN_(HasSubstrMatcher);
      |   ^
/Users/dhruvpatel29/humble-ros2/install/gtest_vendor/src/gtest_vendor/include/gtest/internal/gtest-port.h:682:8: note: expanded from macro 'GTEST_DISALLOW_ASSIGN_'
  682 |   void operator=(type const &) = delete
      |        ^
/Users/dhruvpatel29/humble-ros2/install/gtest_vendor/src/gtest_vendor/include/gtest/gtest-matchers.h:456:54: note: in implicit copy constructor for 'testing::internal::HasSubstrMatcher<std::string>' first required here
  456 |   explicit PolymorphicMatcher(const Impl& an_impl) : impl_(an_impl) {}
      |                                                      ^
/Users/dhruvpatel29/humble-ros2/install/gtest_vendor/src/gtest_vendor/include/gtest/gtest-matchers.h:514:10: note: in instantiation of member function 'testing::PolymorphicMatcher<testing::internal::HasSubstrMatcher<std::string>>::PolymorphicMatcher' requested here
  514 |   return PolymorphicMatcher<Impl>(impl);
      |          ^
/Users/dhruvpatel29/humble-ros2/install/gmock_vendor/src/gmock_vendor/include/gmock/gmock-matchers.h:3842:10: note: in instantiation of function template specialization 'testing::MakePolymorphicMatcher<testing::internal::HasSubstrMatcher<std::string>>' requested here
 3842 |   return MakePolymorphicMatcher(
      |          ^
/Users/dhruvpatel29/humble-ros2/install/gmock_vendor/src/gmock_vendor/include/gmock/gmock-matchers.h:835:3: warning: definition of implicit copy constructor for 'StartsWithMatcher<std::string>' is deprecated because it has a user-declared copy assignment operator [-Wdeprecated-copy]
  835 |   GTEST_DISALLOW_ASSIGN_(StartsWithMatcher);
      |   ^
/Users/dhruvpatel29/humble-ros2/install/gtest_vendor/src/gtest_vendor/include/gtest/internal/gtest-port.h:682:8: note: expanded from macro 'GTEST_DISALLOW_ASSIGN_'
  682 |   void operator=(type const &) = delete
      |        ^
/Users/dhruvpatel29/humble-ros2/install/gtest_vendor/src/gtest_vendor/include/gtest/gtest-matchers.h:456:54: note: in implicit copy constructor for 'testing::internal::StartsWithMatcher<std::string>' first required here
  456 |   explicit PolymorphicMatcher(const Impl& an_impl) : impl_(an_impl) {}
      |                                                      ^
/Users/dhruvpatel29/humble-ros2/install/gtest_vendor/src/gtest_vendor/include/gtest/gtest-matchers.h:514:10: note: in instantiation of member function 'testing::PolymorphicMatcher<testing::internal::StartsWithMatcher<std::string>>::PolymorphicMatcher' requested here
  514 |   return PolymorphicMatcher<Impl>(impl);
      |          ^
/Users/dhruvpatel29/humble-ros2/install/gmock_vendor/src/gmock_vendor/include/gmock/gmock-matchers.h:3849:10: note: in instantiation of function template specialization 'testing::MakePolymorphicMatcher<testing::internal::StartsWithMatcher<std::string>>' requested here
 3849 |   return MakePolymorphicMatcher(
      |          ^
/Users/dhruvpatel29/humble-ros2/install/gmock_vendor/src/gmock_vendor/include/gmock/gmock-matchers.h:891:3: warning: definition of implicit copy constructor for 'EndsWithMatcher<std::string>' is deprecated because it has a user-declared copy assignment operator [-Wdeprecated-copy]
  891 |   GTEST_DISALLOW_ASSIGN_(EndsWithMatcher);
      |   ^
/Users/dhruvpatel29/humble-ros2/install/gtest_vendor/src/gtest_vendor/include/gtest/internal/gtest-port.h:682:8: note: expanded from macro 'GTEST_DISALLOW_ASSIGN_'
  682 |   void operator=(type const &) = delete
      |        ^
/Users/dhruvpatel29/humble-ros2/install/gtest_vendor/src/gtest_vendor/include/gtest/gtest-matchers.h:456:54: note: in implicit copy constructor for 'testing::internal::EndsWithMatcher<std::string>' first required here
  456 |   explicit PolymorphicMatcher(const Impl& an_impl) : impl_(an_impl) {}
      |                                                      ^
/Users/dhruvpatel29/humble-ros2/install/gtest_vendor/src/gtest_vendor/include/gtest/gtest-matchers.h:514:10: note: in instantiation of member function 'testing::PolymorphicMatcher<testing::internal::EndsWithMatcher<std::string>>::PolymorphicMatcher' requested here
  514 |   return PolymorphicMatcher<Impl>(impl);
      |          ^
/Users/dhruvpatel29/humble-ros2/install/gmock_vendor/src/gmock_vendor/include/gmock/gmock-matchers.h:3856:10: note: in instantiation of function template specialization 'testing::MakePolymorphicMatcher<testing::internal::EndsWithMatcher<std::string>>' requested here
 3856 |   return MakePolymorphicMatcher(internal::EndsWithMatcher<std::string>(suffix));
      |          ^
/Users/dhruvpatel29/humble-ros2/install/gmock_vendor/src/gmock_vendor/include/gmock/gmock-matchers.h:721:3: warning: definition of implicit copy constructor for 'StrEqualityMatcher<std::wstring>' is deprecated because it has a user-declared copy assignment operator [-Wdeprecated-copy]
  721 |   GTEST_DISALLOW_ASSIGN_(StrEqualityMatcher);
      |   ^
/Users/dhruvpatel29/humble-ros2/install/gtest_vendor/src/gtest_vendor/include/gtest/internal/gtest-port.h:682:8: note: expanded from macro 'GTEST_DISALLOW_ASSIGN_'
  682 |   void operator=(type const &) = delete
      |        ^
/Users/dhruvpatel29/humble-ros2/install/gtest_vendor/src/gtest_vendor/include/gtest/gtest-matchers.h:456:54: note: in implicit copy constructor for 'testing::internal::StrEqualityMatcher<std::wstring>' first required here
  456 |   explicit PolymorphicMatcher(const Impl& an_impl) : impl_(an_impl) {}
      |                                                      ^
/Users/dhruvpatel29/humble-ros2/install/gtest_vendor/src/gtest_vendor/include/gtest/gtest-matchers.h:514:10: note: in instantiation of member function 'testing::PolymorphicMatcher<testing::internal::StrEqualityMatcher<std::wstring>>::PolymorphicMatcher' requested here
  514 |   return PolymorphicMatcher<Impl>(impl);
      |          ^
/Users/dhruvpatel29/humble-ros2/install/gmock_vendor/src/gmock_vendor/include/gmock/gmock-matchers.h:3865:10: note: in instantiation of function template specialization 'testing::MakePolymorphicMatcher<testing::internal::StrEqualityMatcher<std::wstring>>' requested here
 3865 |   return MakePolymorphicMatcher(
      |          ^
/Users/dhruvpatel29/humble-ros2/install/gmock_vendor/src/gmock_vendor/include/gmock/gmock-matchers.h:778:3: warning: definition of implicit copy constructor for 'HasSubstrMatcher<std::wstring>' is deprecated because it has a user-declared copy assignment operator [-Wdeprecated-copy]
  778 |   GTEST_DISALLOW_ASSIGN_(HasSubstrMatcher);
      |   ^
/Users/dhruvpatel29/humble-ros2/install/gtest_vendor/src/gtest_vendor/include/gtest/internal/gtest-port.h:682:8: note: expanded from macro 'GTEST_DISALLOW_ASSIGN_'
  682 |   void operator=(type const &) = delete
      |        ^
/Users/dhruvpatel29/humble-ros2/install/gtest_vendor/src/gtest_vendor/include/gtest/gtest-matchers.h:456:54: note: in implicit copy constructor for 'testing::internal::HasSubstrMatcher<std::wstring>' first required here
  456 |   explicit PolymorphicMatcher(const Impl& an_impl) : impl_(an_impl) {}
      |                                                      ^
/Users/dhruvpatel29/humble-ros2/install/gtest_vendor/src/gtest_vendor/include/gtest/gtest-matchers.h:514:10: note: in instantiation of member function 'testing::PolymorphicMatcher<testing::internal::HasSubstrMatcher<std::wstring>>::PolymorphicMatcher' requested here
  514 |   return PolymorphicMatcher<Impl>(impl);
      |          ^
/Users/dhruvpatel29/humble-ros2/install/gmock_vendor/src/gmock_vendor/include/gmock/gmock-matchers.h:3894:10: note: in instantiation of function template specialization 'testing::MakePolymorphicMatcher<testing::internal::HasSubstrMatcher<std::wstring>>' requested here
 3894 |   return MakePolymorphicMatcher(
      |          ^
/Users/dhruvpatel29/humble-ros2/install/gmock_vendor/src/gmock_vendor/include/gmock/gmock-matchers.h:835:3: warning: definition of implicit copy constructor for 'StartsWithMatcher<std::wstring>' is deprecated because it has a user-declared copy assignment operator [-Wdeprecated-copy]
  835 |   GTEST_DISALLOW_ASSIGN_(StartsWithMatcher);
      |   ^
/Users/dhruvpatel29/humble-ros2/install/gtest_vendor/src/gtest_vendor/include/gtest/internal/gtest-port.h:682:8: note: expanded from macro 'GTEST_DISALLOW_ASSIGN_'
  682 |   void operator=(type const &) = delete
      |        ^
/Users/dhruvpatel29/humble-ros2/install/gtest_vendor/src/gtest_vendor/include/gtest/gtest-matchers.h:456:54: note: in implicit copy constructor for 'testing::internal::StartsWithMatcher<std::wstring>' first required here
  456 |   explicit PolymorphicMatcher(const Impl& an_impl) : impl_(an_impl) {}
      |                                                      ^
/Users/dhruvpatel29/humble-ros2/install/gtest_vendor/src/gtest_vendor/include/gtest/gtest-matchers.h:514:10: note: in instantiation of member function 'testing::PolymorphicMatcher<testing::internal::StartsWithMatcher<std::wstring>>::PolymorphicMatcher' requested here
  514 |   return PolymorphicMatcher<Impl>(impl);
      |          ^
/Users/dhruvpatel29/humble-ros2/install/gmock_vendor/src/gmock_vendor/include/gmock/gmock-matchers.h:3901:10: note: in instantiation of function template specialization 'testing::MakePolymorphicMatcher<testing::internal::StartsWithMatcher<std::wstring>>' requested here
 3901 |   return MakePolymorphicMatcher(
      |          ^
/Users/dhruvpatel29/humble-ros2/install/gmock_vendor/src/gmock_vendor/include/gmock/gmock-matchers.h:891:3: warning: definition of implicit copy constructor for 'EndsWithMatcher<std::wstring>' is deprecated because it has a user-declared copy assignment operator [-Wdeprecated-copy]
  891 |   GTEST_DISALLOW_ASSIGN_(EndsWithMatcher);
      |   ^
/Users/dhruvpatel29/humble-ros2/install/gtest_vendor/src/gtest_vendor/include/gtest/internal/gtest-port.h:682:8: note: expanded from macro 'GTEST_DISALLOW_ASSIGN_'
  682 |   void operator=(type const &) = delete
      |        ^
/Users/dhruvpatel29/humble-ros2/install/gtest_vendor/src/gtest_vendor/include/gtest/gtest-matchers.h:456:54: note: in implicit copy constructor for 'testing::internal::EndsWithMatcher<std::wstring>' first required here
  456 |   explicit PolymorphicMatcher(const Impl& an_impl) : impl_(an_impl) {}
      |                                                      ^
/Users/dhruvpatel29/humble-ros2/install/gtest_vendor/src/gtest_vendor/include/gtest/gtest-matchers.h:514:10: note: in instantiation of member function 'testing::PolymorphicMatcher<testing::internal::EndsWithMatcher<std::wstring>>::PolymorphicMatcher' requested here
  514 |   return PolymorphicMatcher<Impl>(impl);
      |          ^
/Users/dhruvpatel29/humble-ros2/install/gmock_vendor/src/gmock_vendor/include/gmock/gmock-matchers.h:3908:10: note: in instantiation of function template specialization 'testing::MakePolymorphicMatcher<testing::internal::EndsWithMatcher<std::wstring>>' requested here
 3908 |   return MakePolymorphicMatcher(
      |          ^
9 warnings generated.
/Users/dhruvpatel29/humble-ros2/src/ros2_control/control_toolbox/test/control_filters/test_low_pass_filter.cpp:73:34: warning: variable 'in' is uninitialized when passed as a const reference argument here [-Wuninitialized-const-reference]
   73 |     ASSERT_THROW(filter_->update(in, out), std::runtime_error);
      |                                  ^~
/Users/dhruvpatel29/humble-ros2/install/gtest_vendor/src/gtest_vendor/include/gtest/gtest.h:1959:21: note: expanded from macro 'ASSERT_THROW'
 1959 |   GTEST_TEST_THROW_(statement, expected_exception, GTEST_FATAL_FAILURE_)
      |                     ^~~~~~~~~
/Users/dhruvpatel29/humble-ros2/install/gtest_vendor/src/gtest_vendor/include/gtest/internal/gtest-internal.h:1265:54: note: expanded from macro 'GTEST_TEST_THROW_'
 1265 |       GTEST_SUPPRESS_UNREACHABLE_CODE_WARNING_BELOW_(statement); \
      |                                                      ^~~~~~~~~
/Users/dhruvpatel29/humble-ros2/install/gtest_vendor/src/gtest_vendor/include/gtest/internal/gtest-internal.h:1258:44: note: expanded from macro 'GTEST_SUPPRESS_UNREACHABLE_CODE_WARNING_BELOW_'
 1258 |   if (::testing::internal::AlwaysTrue()) { statement; }
      |                                            ^~~~~~~~~
In file included from /Users/dhruvpatel29/humble-ros2/src/ros2_control/control_toolbox/test/control_filters/test_low_pass_filter.cpp:15:
In file included from /Users/dhruvpatel29/humble-ros2/src/ros2_control/control_toolbox/test/control_filters/test_filter_util.hpp:19:
In file included from /Users/dhruvpatel29/humble-ros2/install/gmock_vendor/src/gmock_vendor/include/gmock/gmock.h:61:
In file included from /Users/dhruvpatel29/humble-ros2/install/gmock_vendor/src/gmock_vendor/include/gmock/gmock-function-mocker.h:39:
In file included from /Users/dhruvpatel29/humble-ros2/install/gmock_vendor/src/gmock_vendor/include/gmock/gmock-generated-function-mockers.h:47:
In file included from /Users/dhruvpatel29/humble-ros2/install/gmock_vendor/src/gmock_vendor/include/gmock/gmock-spec-builders.h:75:
/Users/dhruvpatel29/humble-ros2/install/gmock_vendor/src/gmock_vendor/include/gmock/gmock-matchers.h:721:3: warning: definition of implicit copy constructor for 'StrEqualityMatcher<std::string>' is deprecated because it has a user-declared copy assignment operator [-Wdeprecated-copy]
  721 |   GTEST_DISALLOW_ASSIGN_(StrEqualityMatcher);
      |   ^
/Users/dhruvpatel29/humble-ros2/install/gtest_vendor/src/gtest_vendor/include/gtest/internal/gtest-port.h:682:8: note: expanded from macro 'GTEST_DISALLOW_ASSIGN_'
  682 |   void operator=(type const &) = delete
      |        ^
/Users/dhruvpatel29/humble-ros2/install/gtest_vendor/src/gtest_vendor/include/gtest/gtest-matchers.h:456:54: note: in implicit copy constructor for 'testing::internal::StrEqualityMatcher<std::string>' first required here
  456 |   explicit PolymorphicMatcher(const Impl& an_impl) : impl_(an_impl) {}
      |                                                      ^
/Users/dhruvpatel29/humble-ros2/install/gtest_vendor/src/gtest_vendor/include/gtest/gtest-matchers.h:514:10: note: in instantiation of member function 'testing::PolymorphicMatcher<testing::internal::StrEqualityMatcher<std::string>>::PolymorphicMatcher' requested here
  514 |   return PolymorphicMatcher<Impl>(impl);
      |          ^
/Users/dhruvpatel29/humble-ros2/install/gmock_vendor/src/gmock_vendor/include/gmock/gmock-matchers.h:3813:10: note: in instantiation of function template specialization 'testing::MakePolymorphicMatcher<testing::internal::StrEqualityMatcher<std::string>>' requested here
 3813 |   return MakePolymorphicMatcher(
      |          ^
/Users/dhruvpatel29/humble-ros2/install/gmock_vendor/src/gmock_vendor/include/gmock/gmock-matchers.h:778:3: warning: definition of implicit copy constructor for 'HasSubstrMatcher<std::string>' is deprecated because it has a user-declared copy assignment operator [-Wdeprecated-copy]
  778 |   GTEST_DISALLOW_ASSIGN_(HasSubstrMatcher);
      |   ^
/Users/dhruvpatel29/humble-ros2/install/gtest_vendor/src/gtest_vendor/include/gtest/internal/gtest-port.h:682:8: note: expanded from macro 'GTEST_DISALLOW_ASSIGN_'
  682 |   void operator=(type const &) = delete
      |        ^
/Users/dhruvpatel29/humble-ros2/install/gtest_vendor/src/gtest_vendor/include/gtest/gtest-matchers.h:456:54: note: in implicit copy constructor for 'testing::internal::HasSubstrMatcher<std::string>' first required here
  456 |   explicit PolymorphicMatcher(const Impl& an_impl) : impl_(an_impl) {}
      |                                                      ^
/Users/dhruvpatel29/humble-ros2/install/gtest_vendor/src/gtest_vendor/include/gtest/gtest-matchers.h:514:10: note: in instantiation of member function 'testing::PolymorphicMatcher<testing::internal::HasSubstrMatcher<std::string>>::PolymorphicMatcher' requested here
  514 |   return PolymorphicMatcher<Impl>(impl);
      |          ^
/Users/dhruvpatel29/humble-ros2/install/gmock_vendor/src/gmock_vendor/include/gmock/gmock-matchers.h:3842:10: note: in instantiation of function template specialization 'testing::MakePolymorphicMatcher<testing::internal::HasSubstrMatcher<std::string>>' requested here
 3842 |   return MakePolymorphicMatcher(
      |          ^
/Users/dhruvpatel29/humble-ros2/install/gmock_vendor/src/gmock_vendor/include/gmock/gmock-matchers.h:835:3: warning: definition of implicit copy constructor for 'StartsWithMatcher<std::string>' is deprecated because it has a user-declared copy assignment operator [-Wdeprecated-copy]
  835 |   GTEST_DISALLOW_ASSIGN_(StartsWithMatcher);
      |   ^
/Users/dhruvpatel29/humble-ros2/install/gtest_vendor/src/gtest_vendor/include/gtest/internal/gtest-port.h:682:8: note: expanded from macro 'GTEST_DISALLOW_ASSIGN_'
  682 |   void operator=(type const &) = delete
      |        ^
/Users/dhruvpatel29/humble-ros2/install/gtest_vendor/src/gtest_vendor/include/gtest/gtest-matchers.h:456:54: note: in implicit copy constructor for 'testing::internal::StartsWithMatcher<std::string>' first required here
  456 |   explicit PolymorphicMatcher(const Impl& an_impl) : impl_(an_impl) {}
      |                                                      ^
/Users/dhruvpatel29/humble-ros2/install/gtest_vendor/src/gtest_vendor/include/gtest/gtest-matchers.h:514:10: note: in instantiation of member function 'testing::PolymorphicMatcher<testing::internal::StartsWithMatcher<std::string>>::PolymorphicMatcher' requested here
  514 |   return PolymorphicMatcher<Impl>(impl);
      |          ^
/Users/dhruvpatel29/humble-ros2/install/gmock_vendor/src/gmock_vendor/include/gmock/gmock-matchers.h:3849:10: note: in instantiation of function template specialization 'testing::MakePolymorphicMatcher<testing::internal::StartsWithMatcher<std::string>>' requested here
 3849 |   return MakePolymorphicMatcher(
      |          ^
/Users/dhruvpatel29/humble-ros2/install/gmock_vendor/src/gmock_vendor/include/gmock/gmock-matchers.h:891:3: warning: definition of implicit copy constructor for 'EndsWithMatcher<std::string>' is deprecated because it has a user-declared copy assignment operator [-Wdeprecated-copy]
  891 |   GTEST_DISALLOW_ASSIGN_(EndsWithMatcher);
      |   ^
/Users/dhruvpatel29/humble-ros2/install/gtest_vendor/src/gtest_vendor/include/gtest/internal/gtest-port.h:682:8: note: expanded from macro 'GTEST_DISALLOW_ASSIGN_'
  682 |   void operator=(type const &) = delete
      |        ^
/Users/dhruvpatel29/humble-ros2/install/gtest_vendor/src/gtest_vendor/include/gtest/gtest-matchers.h:456:54: note: in implicit copy constructor for 'testing::internal::EndsWithMatcher<std::string>' first required here
  456 |   explicit PolymorphicMatcher(const Impl& an_impl) : impl_(an_impl) {}
      |                                                      ^
/Users/dhruvpatel29/humble-ros2/install/gtest_vendor/src/gtest_vendor/include/gtest/gtest-matchers.h:514:10: note: in instantiation of member function 'testing::PolymorphicMatcher<testing::internal::EndsWithMatcher<std::string>>::PolymorphicMatcher' requested here
  514 |   return PolymorphicMatcher<Impl>(impl);
      |          ^
/Users/dhruvpatel29/humble-ros2/install/gmock_vendor/src/gmock_vendor/include/gmock/gmock-matchers.h:3856:10: note: in instantiation of function template specialization 'testing::MakePolymorphicMatcher<testing::internal::EndsWithMatcher<std::string>>' requested here
 3856 |   return MakePolymorphicMatcher(internal::EndsWithMatcher<std::string>(suffix));
      |          ^
/Users/dhruvpatel29/humble-ros2/install/gmock_vendor/src/gmock_vendor/include/gmock/gmock-matchers.h:721:3: warning: definition of implicit copy constructor for 'StrEqualityMatcher<std::wstring>' is deprecated because it has a user-declared copy assignment operator [-Wdeprecated-copy]
  721 |   GTEST_DISALLOW_ASSIGN_(StrEqualityMatcher);
      |   ^
/Users/dhruvpatel29/humble-ros2/install/gtest_vendor/src/gtest_vendor/include/gtest/internal/gtest-port.h:682:8: note: expanded from macro 'GTEST_DISALLOW_ASSIGN_'
  682 |   void operator=(type const &) = delete
      |        ^
/Users/dhruvpatel29/humble-ros2/install/gtest_vendor/src/gtest_vendor/include/gtest/gtest-matchers.h:456:54: note: in implicit copy constructor for 'testing::internal::StrEqualityMatcher<std::wstring>' first required here
  456 |   explicit PolymorphicMatcher(const Impl& an_impl) : impl_(an_impl) {}
      |                                                      ^
/Users/dhruvpatel29/humble-ros2/install/gtest_vendor/src/gtest_vendor/include/gtest/gtest-matchers.h:514:10: note: in instantiation of member function 'testing::PolymorphicMatcher<testing::internal::StrEqualityMatcher<std::wstring>>::PolymorphicMatcher' requested here
  514 |   return PolymorphicMatcher<Impl>(impl);
      |          ^
/Users/dhruvpatel29/humble-ros2/install/gmock_vendor/src/gmock_vendor/include/gmock/gmock-matchers.h:3865:10: note: in instantiation of function template specialization 'testing::MakePolymorphicMatcher<testing::internal::StrEqualityMatcher<std::wstring>>' requested here
 3865 |   return MakePolymorphicMatcher(
      |          ^
/Users/dhruvpatel29/humble-ros2/install/gmock_vendor/src/gmock_vendor/include/gmock/gmock-matchers.h:778:3: warning: definition of implicit copy constructor for 'HasSubstrMatcher<std::wstring>' is deprecated because it has a user-declared copy assignment operator [-Wdeprecated-copy]
  778 |   GTEST_DISALLOW_ASSIGN_(HasSubstrMatcher);
      |   ^
/Users/dhruvpatel29/humble-ros2/install/gtest_vendor/src/gtest_vendor/include/gtest/internal/gtest-port.h:682:8: note: expanded from macro 'GTEST_DISALLOW_ASSIGN_'
  682 |   void operator=(type const &) = delete
      |        ^
/Users/dhruvpatel29/humble-ros2/install/gtest_vendor/src/gtest_vendor/include/gtest/gtest-matchers.h:456:54: note: in implicit copy constructor for 'testing::internal::HasSubstrMatcher<std::wstring>' first required here
  456 |   explicit PolymorphicMatcher(const Impl& an_impl) : impl_(an_impl) {}
      |                                                      ^
/Users/dhruvpatel29/humble-ros2/install/gtest_vendor/src/gtest_vendor/include/gtest/gtest-matchers.h:514:10: note: in instantiation of member function 'testing::PolymorphicMatcher<testing::internal::HasSubstrMatcher<std::wstring>>::PolymorphicMatcher' requested here
  514 |   return PolymorphicMatcher<Impl>(impl);
      |          ^
/Users/dhruvpatel29/humble-ros2/install/gmock_vendor/src/gmock_vendor/include/gmock/gmock-matchers.h:3894:10: note: in instantiation of function template specialization 'testing::MakePolymorphicMatcher<testing::internal::HasSubstrMatcher<std::wstring>>' requested here
 3894 |   return MakePolymorphicMatcher(
      |          ^
/Users/dhruvpatel29/humble-ros2/install/gmock_vendor/src/gmock_vendor/include/gmock/gmock-matchers.h:835:3: warning: definition of implicit copy constructor for 'StartsWithMatcher<std::wstring>' is deprecated because it has a user-declared copy assignment operator [-Wdeprecated-copy]
  835 |   GTEST_DISALLOW_ASSIGN_(StartsWithMatcher);
      |   ^
/Users/dhruvpatel29/humble-ros2/install/gtest_vendor/src/gtest_vendor/include/gtest/internal/gtest-port.h:682:8: note: expanded from macro 'GTEST_DISALLOW_ASSIGN_'
  682 |   void operator=(type const &) = delete
      |        ^
/Users/dhruvpatel29/humble-ros2/install/gtest_vendor/src/gtest_vendor/include/gtest/gtest-matchers.h:456:54: note: in implicit copy constructor for 'testing::internal::StartsWithMatcher<std::wstring>' first required here
  456 |   explicit PolymorphicMatcher(const Impl& an_impl) : impl_(an_impl) {}
      |                                                      ^
/Users/dhruvpatel29/humble-ros2/install/gtest_vendor/src/gtest_vendor/include/gtest/gtest-matchers.h:514:10: note: in instantiation of member function 'testing::PolymorphicMatcher<testing::internal::StartsWithMatcher<std::wstring>>::PolymorphicMatcher' requested here
  514 |   return PolymorphicMatcher<Impl>(impl);
      |          ^
/Users/dhruvpatel29/humble-ros2/install/gmock_vendor/src/gmock_vendor/include/gmock/gmock-matchers.h:3901:10: note: in instantiation of function template specialization 'testing::MakePolymorphicMatcher<testing::internal::StartsWithMatcher<std::wstring>>' requested here
 3901 |   return MakePolymorphicMatcher(
      |          ^
/Users/dhruvpatel29/humble-ros2/install/gmock_vendor/src/gmock_vendor/include/gmock/gmock-matchers.h:891:3: warning: definition of implicit copy constructor for 'EndsWithMatcher<std::wstring>' is deprecated because it has a user-declared copy assignment operator [-Wdeprecated-copy]
  891 |   GTEST_DISALLOW_ASSIGN_(EndsWithMatcher);
      |   ^
/Users/dhruvpatel29/humble-ros2/install/gtest_vendor/src/gtest_vendor/include/gtest/internal/gtest-port.h:682:8: note: expanded from macro 'GTEST_DISALLOW_ASSIGN_'
  682 |   void operator=(type const &) = delete
      |        ^
/Users/dhruvpatel29/humble-ros2/install/gtest_vendor/src/gtest_vendor/include/gtest/gtest-matchers.h:456:54: note: in implicit copy constructor for 'testing::internal::EndsWithMatcher<std::wstring>' first required here
  456 |   explicit PolymorphicMatcher(const Impl& an_impl) : impl_(an_impl) {}
      |                                                      ^
/Users/dhruvpatel29/humble-ros2/install/gtest_vendor/src/gtest_vendor/include/gtest/gtest-matchers.h:514:10: note: in instantiation of member function 'testing::PolymorphicMatcher<testing::internal::EndsWithMatcher<std::wstring>>::PolymorphicMatcher' requested here
  514 |   return PolymorphicMatcher<Impl>(impl);
      |          ^
/Users/dhruvpatel29/humble-ros2/install/gmock_vendor/src/gmock_vendor/include/gmock/gmock-matchers.h:3908:10: note: in instantiation of function template specialization 'testing::MakePolymorphicMatcher<testing::internal::EndsWithMatcher<std::wstring>>' requested here
 3908 |   return MakePolymorphicMatcher(
      |          ^
9 warnings generated.
/Users/dhruvpatel29/humble-ros2/src/ros2_control/control_toolbox/test/control_filters/test_rate_limiter.cpp:72:34: warning: variable 'in' is uninitialized when passed as a const reference argument here [-Wuninitialized-const-reference]
   72 |     ASSERT_THROW(filter_->update(in, out), std::runtime_error);
      |                                  ^~
/Users/dhruvpatel29/humble-ros2/install/gtest_vendor/src/gtest_vendor/include/gtest/gtest.h:1959:21: note: expanded from macro 'ASSERT_THROW'
 1959 |   GTEST_TEST_THROW_(statement, expected_exception, GTEST_FATAL_FAILURE_)
      |                     ^~~~~~~~~
/Users/dhruvpatel29/humble-ros2/install/gtest_vendor/src/gtest_vendor/include/gtest/internal/gtest-internal.h:1265:54: note: expanded from macro 'GTEST_TEST_THROW_'
 1265 |       GTEST_SUPPRESS_UNREACHABLE_CODE_WARNING_BELOW_(statement); \
      |                                                      ^~~~~~~~~
/Users/dhruvpatel29/humble-ros2/install/gtest_vendor/src/gtest_vendor/include/gtest/internal/gtest-internal.h:1258:44: note: expanded from macro 'GTEST_SUPPRESS_UNREACHABLE_CODE_WARNING_BELOW_'
 1258 |   if (::testing::internal::AlwaysTrue()) { statement; }
      |                                            ^~~~~~~~~
In file included from /Users/dhruvpatel29/humble-ros2/src/ros2_control/control_toolbox/test/control_filters/test_rate_limiter.cpp:15:
In file included from /Users/dhruvpatel29/humble-ros2/src/ros2_control/control_toolbox/test/control_filters/test_filter_util.hpp:19:
In file included from /Users/dhruvpatel29/humble-ros2/install/gmock_vendor/src/gmock_vendor/include/gmock/gmock.h:61:
In file included from /Users/dhruvpatel29/humble-ros2/install/gmock_vendor/src/gmock_vendor/include/gmock/gmock-function-mocker.h:39:
In file included from /Users/dhruvpatel29/humble-ros2/install/gmock_vendor/src/gmock_vendor/include/gmock/gmock-generated-function-mockers.h:47:
In file included from /Users/dhruvpatel29/humble-ros2/install/gmock_vendor/src/gmock_vendor/include/gmock/gmock-spec-builders.h:75:
/Users/dhruvpatel29/humble-ros2/install/gmock_vendor/src/gmock_vendor/include/gmock/gmock-matchers.h:721:3: warning: definition of implicit copy constructor for 'StrEqualityMatcher<std::string>' is deprecated because it has a user-declared copy assignment operator [-Wdeprecated-copy]
  721 |   GTEST_DISALLOW_ASSIGN_(StrEqualityMatcher);
      |   ^
/Users/dhruvpatel29/humble-ros2/install/gtest_vendor/src/gtest_vendor/include/gtest/internal/gtest-port.h:682:8: note: expanded from macro 'GTEST_DISALLOW_ASSIGN_'
  682 |   void operator=(type const &) = delete
      |        ^
/Users/dhruvpatel29/humble-ros2/install/gtest_vendor/src/gtest_vendor/include/gtest/gtest-matchers.h:456:54: note: in implicit copy constructor for 'testing::internal::StrEqualityMatcher<std::string>' first required here
  456 |   explicit PolymorphicMatcher(const Impl& an_impl) : impl_(an_impl) {}
      |                                                      ^
/Users/dhruvpatel29/humble-ros2/install/gtest_vendor/src/gtest_vendor/include/gtest/gtest-matchers.h:514:10: note: in instantiation of member function 'testing::PolymorphicMatcher<testing::internal::StrEqualityMatcher<std::string>>::PolymorphicMatcher' requested here
  514 |   return PolymorphicMatcher<Impl>(impl);
      |          ^
/Users/dhruvpatel29/humble-ros2/install/gmock_vendor/src/gmock_vendor/include/gmock/gmock-matchers.h:3813:10: note: in instantiation of function template specialization 'testing::MakePolymorphicMatcher<testing::internal::StrEqualityMatcher<std::string>>' requested here
 3813 |   return MakePolymorphicMatcher(
      |          ^
/Users/dhruvpatel29/humble-ros2/install/gmock_vendor/src/gmock_vendor/include/gmock/gmock-matchers.h:778:3: warning: definition of implicit copy constructor for 'HasSubstrMatcher<std::string>' is deprecated because it has a user-declared copy assignment operator [-Wdeprecated-copy]
  778 |   GTEST_DISALLOW_ASSIGN_(HasSubstrMatcher);
      |   ^
/Users/dhruvpatel29/humble-ros2/install/gtest_vendor/src/gtest_vendor/include/gtest/internal/gtest-port.h:682:8: note: expanded from macro 'GTEST_DISALLOW_ASSIGN_'
  682 |   void operator=(type const &) = delete
      |        ^
/Users/dhruvpatel29/humble-ros2/install/gtest_vendor/src/gtest_vendor/include/gtest/gtest-matchers.h:456:54: note: in implicit copy constructor for 'testing::internal::HasSubstrMatcher<std::string>' first required here
  456 |   explicit PolymorphicMatcher(const Impl& an_impl) : impl_(an_impl) {}
      |                                                      ^
/Users/dhruvpatel29/humble-ros2/install/gtest_vendor/src/gtest_vendor/include/gtest/gtest-matchers.h:514:10: note: in instantiation of member function 'testing::PolymorphicMatcher<testing::internal::HasSubstrMatcher<std::string>>::PolymorphicMatcher' requested here
  514 |   return PolymorphicMatcher<Impl>(impl);
      |          ^
/Users/dhruvpatel29/humble-ros2/install/gmock_vendor/src/gmock_vendor/include/gmock/gmock-matchers.h:3842:10: note: in instantiation of function template specialization 'testing::MakePolymorphicMatcher<testing::internal::HasSubstrMatcher<std::string>>' requested here
 3842 |   return MakePolymorphicMatcher(
      |          ^
/Users/dhruvpatel29/humble-ros2/install/gmock_vendor/src/gmock_vendor/include/gmock/gmock-matchers.h:835:3: warning: definition of implicit copy constructor for 'StartsWithMatcher<std::string>' is deprecated because it has a user-declared copy assignment operator [-Wdeprecated-copy]
  835 |   GTEST_DISALLOW_ASSIGN_(StartsWithMatcher);
      |   ^
/Users/dhruvpatel29/humble-ros2/install/gtest_vendor/src/gtest_vendor/include/gtest/internal/gtest-port.h:682:8: note: expanded from macro 'GTEST_DISALLOW_ASSIGN_'
  682 |   void operator=(type const &) = delete
      |        ^
/Users/dhruvpatel29/humble-ros2/install/gtest_vendor/src/gtest_vendor/include/gtest/gtest-matchers.h:456:54: note: in implicit copy constructor for 'testing::internal::StartsWithMatcher<std::string>' first required here
  456 |   explicit PolymorphicMatcher(const Impl& an_impl) : impl_(an_impl) {}
      |                                                      ^
/Users/dhruvpatel29/humble-ros2/install/gtest_vendor/src/gtest_vendor/include/gtest/gtest-matchers.h:514:10: note: in instantiation of member function 'testing::PolymorphicMatcher<testing::internal::StartsWithMatcher<std::string>>::PolymorphicMatcher' requested here
  514 |   return PolymorphicMatcher<Impl>(impl);
      |          ^
/Users/dhruvpatel29/humble-ros2/install/gmock_vendor/src/gmock_vendor/include/gmock/gmock-matchers.h:3849:10: note: in instantiation of function template specialization 'testing::MakePolymorphicMatcher<testing::internal::StartsWithMatcher<std::string>>' requested here
 3849 |   return MakePolymorphicMatcher(
      |          ^
/Users/dhruvpatel29/humble-ros2/install/gmock_vendor/src/gmock_vendor/include/gmock/gmock-matchers.h:891:3: warning: definition of implicit copy constructor for 'EndsWithMatcher<std::string>' is deprecated because it has a user-declared copy assignment operator [-Wdeprecated-copy]
  891 |   GTEST_DISALLOW_ASSIGN_(EndsWithMatcher);
      |   ^
/Users/dhruvpatel29/humble-ros2/install/gtest_vendor/src/gtest_vendor/include/gtest/internal/gtest-port.h:682:8: note: expanded from macro 'GTEST_DISALLOW_ASSIGN_'
  682 |   void operator=(type const &) = delete
      |        ^
/Users/dhruvpatel29/humble-ros2/install/gtest_vendor/src/gtest_vendor/include/gtest/gtest-matchers.h:456:54: note: in implicit copy constructor for 'testing::internal::EndsWithMatcher<std::string>' first required here
  456 |   explicit PolymorphicMatcher(const Impl& an_impl) : impl_(an_impl) {}
      |                                                      ^
/Users/dhruvpatel29/humble-ros2/install/gtest_vendor/src/gtest_vendor/include/gtest/gtest-matchers.h:514:10: note: in instantiation of member function 'testing::PolymorphicMatcher<testing::internal::EndsWithMatcher<std::string>>::PolymorphicMatcher' requested here
  514 |   return PolymorphicMatcher<Impl>(impl);
      |          ^
/Users/dhruvpatel29/humble-ros2/install/gmock_vendor/src/gmock_vendor/include/gmock/gmock-matchers.h:3856:10: note: in instantiation of function template specialization 'testing::MakePolymorphicMatcher<testing::internal::EndsWithMatcher<std::string>>' requested here
 3856 |   return MakePolymorphicMatcher(internal::EndsWithMatcher<std::string>(suffix));
      |          ^
/Users/dhruvpatel29/humble-ros2/install/gmock_vendor/src/gmock_vendor/include/gmock/gmock-matchers.h:721:3: warning: definition of implicit copy constructor for 'StrEqualityMatcher<std::wstring>' is deprecated because it has a user-declared copy assignment operator [-Wdeprecated-copy]
  721 |   GTEST_DISALLOW_ASSIGN_(StrEqualityMatcher);
      |   ^
/Users/dhruvpatel29/humble-ros2/install/gtest_vendor/src/gtest_vendor/include/gtest/internal/gtest-port.h:682:8: note: expanded from macro 'GTEST_DISALLOW_ASSIGN_'
  682 |   void operator=(type const &) = delete
      |        ^
/Users/dhruvpatel29/humble-ros2/install/gtest_vendor/src/gtest_vendor/include/gtest/gtest-matchers.h:456:54: note: in implicit copy constructor for 'testing::internal::StrEqualityMatcher<std::wstring>' first required here
  456 |   explicit PolymorphicMatcher(const Impl& an_impl) : impl_(an_impl) {}
      |                                                      ^
/Users/dhruvpatel29/humble-ros2/install/gtest_vendor/src/gtest_vendor/include/gtest/gtest-matchers.h:514:10: note: in instantiation of member function 'testing::PolymorphicMatcher<testing::internal::StrEqualityMatcher<std::wstring>>::PolymorphicMatcher' requested here
  514 |   return PolymorphicMatcher<Impl>(impl);
      |          ^
/Users/dhruvpatel29/humble-ros2/install/gmock_vendor/src/gmock_vendor/include/gmock/gmock-matchers.h:3865:10: note: in instantiation of function template specialization 'testing::MakePolymorphicMatcher<testing::internal::StrEqualityMatcher<std::wstring>>' requested here
 3865 |   return MakePolymorphicMatcher(
      |          ^
/Users/dhruvpatel29/humble-ros2/install/gmock_vendor/src/gmock_vendor/include/gmock/gmock-matchers.h:778:3: warning: definition of implicit copy constructor for 'HasSubstrMatcher<std::wstring>' is deprecated because it has a user-declared copy assignment operator [-Wdeprecated-copy]
  778 |   GTEST_DISALLOW_ASSIGN_(HasSubstrMatcher);
      |   ^
/Users/dhruvpatel29/humble-ros2/install/gtest_vendor/src/gtest_vendor/include/gtest/internal/gtest-port.h:682:8: note: expanded from macro 'GTEST_DISALLOW_ASSIGN_'
  682 |   void operator=(type const &) = delete
      |        ^
/Users/dhruvpatel29/humble-ros2/install/gtest_vendor/src/gtest_vendor/include/gtest/gtest-matchers.h:456:54: note: in implicit copy constructor for 'testing::internal::HasSubstrMatcher<std::wstring>' first required here
  456 |   explicit PolymorphicMatcher(const Impl& an_impl) : impl_(an_impl) {}
      |                                                      ^
/Users/dhruvpatel29/humble-ros2/install/gtest_vendor/src/gtest_vendor/include/gtest/gtest-matchers.h:514:10: note: in instantiation of member function 'testing::PolymorphicMatcher<testing::internal::HasSubstrMatcher<std::wstring>>::PolymorphicMatcher' requested here
  514 |   return PolymorphicMatcher<Impl>(impl);
      |          ^
/Users/dhruvpatel29/humble-ros2/install/gmock_vendor/src/gmock_vendor/include/gmock/gmock-matchers.h:3894:10: note: in instantiation of function template specialization 'testing::MakePolymorphicMatcher<testing::internal::HasSubstrMatcher<std::wstring>>' requested here
 3894 |   return MakePolymorphicMatcher(
      |          ^
/Users/dhruvpatel29/humble-ros2/install/gmock_vendor/src/gmock_vendor/include/gmock/gmock-matchers.h:835:3: warning: definition of implicit copy constructor for 'StartsWithMatcher<std::wstring>' is deprecated because it has a user-declared copy assignment operator [-Wdeprecated-copy]
  835 |   GTEST_DISALLOW_ASSIGN_(StartsWithMatcher);
      |   ^
/Users/dhruvpatel29/humble-ros2/install/gtest_vendor/src/gtest_vendor/include/gtest/internal/gtest-port.h:682:8: note: expanded from macro 'GTEST_DISALLOW_ASSIGN_'
  682 |   void operator=(type const &) = delete
      |        ^
/Users/dhruvpatel29/humble-ros2/install/gtest_vendor/src/gtest_vendor/include/gtest/gtest-matchers.h:456:54: note: in implicit copy constructor for 'testing::internal::StartsWithMatcher<std::wstring>' first required here
  456 |   explicit PolymorphicMatcher(const Impl& an_impl) : impl_(an_impl) {}
      |                                                      ^
/Users/dhruvpatel29/humble-ros2/install/gtest_vendor/src/gtest_vendor/include/gtest/gtest-matchers.h:514:10: note: in instantiation of member function 'testing::PolymorphicMatcher<testing::internal::StartsWithMatcher<std::wstring>>::PolymorphicMatcher' requested here
  514 |   return PolymorphicMatcher<Impl>(impl);
      |          ^
/Users/dhruvpatel29/humble-ros2/install/gmock_vendor/src/gmock_vendor/include/gmock/gmock-matchers.h:3901:10: note: in instantiation of function template specialization 'testing::MakePolymorphicMatcher<testing::internal::StartsWithMatcher<std::wstring>>' requested here
 3901 |   return MakePolymorphicMatcher(
      |          ^
/Users/dhruvpatel29/humble-ros2/install/gmock_vendor/src/gmock_vendor/include/gmock/gmock-matchers.h:891:3: warning: definition of implicit copy constructor for 'EndsWithMatcher<std::wstring>' is deprecated because it has a user-declared copy assignment operator [-Wdeprecated-copy]
  891 |   GTEST_DISALLOW_ASSIGN_(EndsWithMatcher);
      |   ^
/Users/dhruvpatel29/humble-ros2/install/gtest_vendor/src/gtest_vendor/include/gtest/internal/gtest-port.h:682:8: note: expanded from macro 'GTEST_DISALLOW_ASSIGN_'
  682 |   void operator=(type const &) = delete
      |        ^
/Users/dhruvpatel29/humble-ros2/install/gtest_vendor/src/gtest_vendor/include/gtest/gtest-matchers.h:456:54: note: in implicit copy constructor for 'testing::internal::EndsWithMatcher<std::wstring>' first required here
  456 |   explicit PolymorphicMatcher(const Impl& an_impl) : impl_(an_impl) {}
      |                                                      ^
/Users/dhruvpatel29/humble-ros2/install/gtest_vendor/src/gtest_vendor/include/gtest/gtest-matchers.h:514:10: note: in instantiation of member function 'testing::PolymorphicMatcher<testing::internal::EndsWithMatcher<std::wstring>>::PolymorphicMatcher' requested here
  514 |   return PolymorphicMatcher<Impl>(impl);
      |          ^
/Users/dhruvpatel29/humble-ros2/install/gmock_vendor/src/gmock_vendor/include/gmock/gmock-matchers.h:3908:10: note: in instantiation of function template specialization 'testing::MakePolymorphicMatcher<testing::internal::EndsWithMatcher<std::wstring>>' requested here
 3908 |   return MakePolymorphicMatcher(
      |          ^
/Users/dhruvpatel29/humble-ros2/install/gmock_vendor/src/gmock_vendor/include/gmock/gmock-matchers.h:1506:3: warning: definition of implicit copy constructor for 'FloatingEqMatcher<double>' is deprecated because it has a user-declared copy assignment operator [-Wdeprecated-copy]
 1506 |   GTEST_DISALLOW_ASSIGN_(FloatingEqMatcher);
      |   ^
/Users/dhruvpatel29/humble-ros2/install/gtest_vendor/src/gtest_vendor/include/gtest/internal/gtest-port.h:682:8: note: expanded from macro 'GTEST_DISALLOW_ASSIGN_'
  682 |   void operator=(type const &) = delete
      |        ^
/Users/dhruvpatel29/humble-ros2/install/gmock_vendor/src/gmock_vendor/include/gmock/gmock-matchers.h:1349:43: note: in implicit copy constructor for 'testing::internal::FloatingEqMatcher<double>' first required here
 1349 |   return PredicateFormatterFromMatcher<M>(std::move(matcher));
      |                                           ^
/Users/dhruvpatel29/humble-ros2/src/ros2_control/control_toolbox/test/control_filters/test_rate_limiter.cpp:88:9: note: in instantiation of function template specialization 'testing::internal::MakePredicateFormatterFromMatcher<testing::internal::FloatingEqMatcher<double>>' requested here
   88 |         EXPECT_THAT(out, ::testing::DoubleEq(in));
      |         ^
/Users/dhruvpatel29/humble-ros2/install/gmock_vendor/src/gmock_vendor/include/gmock/gmock-matchers.h:4557:26: note: expanded from macro 'EXPECT_THAT'
 4557 |     ::testing::internal::MakePredicateFormatterFromMatcher(matcher), value)
      |                          ^
/Users/dhruvpatel29/humble-ros2/install/gmock_vendor/src/gmock_vendor/include/gmock/gmock-matchers.h:1006:3: warning: definition of implicit copy constructor for 'NotMatcher<testing::internal::FloatingEqMatcher<double>>' is deprecated because it has a user-declared copy assignment operator [-Wdeprecated-copy]
 1006 |   GTEST_DISALLOW_ASSIGN_(NotMatcher);
      |   ^
/Users/dhruvpatel29/humble-ros2/install/gtest_vendor/src/gtest_vendor/include/gtest/internal/gtest-port.h:682:8: note: expanded from macro 'GTEST_DISALLOW_ASSIGN_'
  682 |   void operator=(type const &) = delete
      |        ^
/Users/dhruvpatel29/humble-ros2/install/gmock_vendor/src/gmock_vendor/include/gmock/gmock-matchers.h:1349:43: note: in implicit copy constructor for 'testing::internal::NotMatcher<testing::internal::FloatingEqMatcher<double>>' first required here
 1349 |   return PredicateFormatterFromMatcher<M>(std::move(matcher));
      |                                           ^
/Users/dhruvpatel29/humble-ros2/src/ros2_control/control_toolbox/test/control_filters/test_rate_limiter.cpp:95:9: note: in instantiation of function template specialization 'testing::internal::MakePredicateFormatterFromMatcher<testing::internal::NotMatcher<testing::internal::FloatingEqMatcher<double>>>' requested here
   95 |         EXPECT_THAT(out, ::testing::Not(::testing::DoubleNear(in, 1e-6))) << "i=" << i;
      |         ^
/Users/dhruvpatel29/humble-ros2/install/gmock_vendor/src/gmock_vendor/include/gmock/gmock-matchers.h:4557:26: note: expanded from macro 'EXPECT_THAT'
 4557 |     ::testing::internal::MakePredicateFormatterFromMatcher(matcher), value)
      |                          ^
11 warnings generated.
