-- The CXX compiler identification is AppleClang 16.0.0.16000026
-- Detecting CXX compiler ABI info
-- Detecting CXX compiler ABI info - done
-- Check for working CXX compiler: /usr/bin/c++ - skipped
-- Detecting CXX compile features
-- Detecting CXX compile features - done
-- Found ament_cmake: 1.3.11 (/Users/dhruvpatel29/humble-ros2/install/ament_cmake/share/ament_cmake/cmake)
-- Found Python3: /Library/Frameworks/Python.framework/Versions/3.11/bin/python3 (found version "3.11.9") found components: Interpreter
-- Override CMake install command with custom implementation using symlinks instead of copying resources
-- Found control_msgs: 4.8.0 (/Users/dhruvpatel29/humble-ros2/install/control_msgs/share/control_msgs/cmake)
-- Found rosidl_generator_c: 3.1.7 (/Users/dhruvpatel29/humble-ros2/install/rosidl_generator_c/share/rosidl_generator_c/cmake)
-- Found rosidl_adapter: 3.1.7 (/Users/dhruvpatel29/humble-ros2/install/rosidl_adapter/share/rosidl_adapter/cmake)
-- Found rosidl_generator_cpp: 3.1.7 (/Users/dhruvpatel29/humble-ros2/install/rosidl_generator_cpp/share/rosidl_generator_cpp/cmake)
-- Using all available rosidl_typesupport_c: rosidl_typesupport_introspection_c;rosidl_typesupport_fastrtps_c
-- Using all available rosidl_typesupport_cpp: rosidl_typesupport_introspection_cpp;rosidl_typesupport_fastrtps_cpp
-- Found rclcpp: 16.0.14 (/Users/dhruvpatel29/humble-ros2/install/rclcpp/share/rclcpp/cmake)
-- Found rmw_implementation_cmake: 6.1.2 (/Users/dhruvpatel29/humble-ros2/install/rmw_implementation_cmake/share/rmw_implementation_cmake/cmake)
-- Found rmw_fastrtps_cpp: 6.2.8 (/Users/dhruvpatel29/humble-ros2/install/rmw_fastrtps_cpp/share/rmw_fastrtps_cpp/cmake)
-- Found OpenSSL: /opt/homebrew/opt/openssl@3/lib/libcrypto.dylib (found version "3.5.1")
-- Found FastRTPS: /Users/dhruvpatel29/humble-ros2/install/fastrtps/include
-- Using RMW implementation 'rmw_fastrtps_cpp' as default
-- Performing Test CMAKE_HAVE_LIBC_PTHREAD
-- Performing Test CMAKE_HAVE_LIBC_PTHREAD - Success
-- Found Threads: TRUE
-- Found realtime_tools: 2.14.0 (/Users/dhruvpatel29/humble-ros2/install/realtime_tools/share/realtime_tools/cmake)
-- Found filters: 2.2.2 (/Users/dhruvpatel29/humble-ros2/src/ros2_control/install/filters/share/filters/cmake)
-- Found generate_parameter_library: 0.4.0 (/Users/dhruvpatel29/backup_ros/humble-ros2/install/generate_parameter_library/share/generate_parameter_library/cmake)
-- Found parameter_traits: 0.4.0 (/Users/dhruvpatel29/backup_ros/humble-ros2/install/parameter_traits/share/parameter_traits/cmake)
-- Found rclcpp_lifecycle: 16.0.14 (/Users/dhruvpatel29/humble-ros2/install/rclcpp_lifecycle/share/rclcpp_lifecycle/cmake)
-- Found ament_cmake_gmock: 1.3.11 (/Users/dhruvpatel29/humble-ros2/install/ament_cmake_gmock/share/ament_cmake_gmock/cmake)
-- Found ament_cmake_gtest: 1.3.11 (/Users/dhruvpatel29/humble-ros2/install/ament_cmake_gtest/share/ament_cmake_gtest/cmake)
-- Found gmock sources under '/Users/dhruvpatel29/humble-ros2/install/gmock_vendor/src/gmock_vendor': C++ tests using 'Google Mock' will be built
-- The C compiler identification is AppleClang 16.0.0.16000026
-- Detecting C compiler ABI info
-- Detecting C compiler ABI info - done
-- Check for working C compiler: /usr/bin/cc - skipped
-- Detecting C compile features
-- Detecting C compile features - done
-- Found gtest sources under '/Users/dhruvpatel29/humble-ros2/install/gtest_vendor/src/gtest_vendor': C++ tests using 'Google Test' will be built
-- Configuring done (27.5s)
-- Generating done (0.2s)
-- Build files have been written to: /Users/dhruvpatel29/humble-ros2/src/ros2_control/build/control_toolbox
[  2%] Building CXX object CMakeFiles/control_toolbox.dir/src/dither.cpp.o
[  4%] Building CXX object CMakeFiles/control_toolbox.dir/src/limited_proxy.cpp.o
[  6%] Building CXX object CMakeFiles/control_toolbox.dir/src/pid_ros.cpp.o
[  8%] Building CXX object CMakeFiles/control_toolbox.dir/src/pid.cpp.o
[ 10%] Building CXX object CMakeFiles/control_toolbox.dir/src/sine_sweep.cpp.o
[ 12%] Building CXX object CMakeFiles/control_toolbox.dir/src/sinusoid.cpp.o
[ 14%] Linking CXX shared library libcontrol_toolbox.dylib
[ 14%] Built target control_toolbox
[ 16%] Building CXX object gtest/CMakeFiles/gtest.dir/src/gtest-all.cc.o
[ 18%] Linking CXX static library libgtest.a
[ 18%] Built target gtest
[ 20%] Building CXX object gtest/CMakeFiles/gtest_main.dir/src/gtest_main.cc.o
[ 22%] Linking CXX static library libgtest_main.a
[ 22%] Built target gtest_main
[ 25%] Building CXX object gmock/CMakeFiles/gmock.dir/Users/dhruvpatel29/humble-ros2/install/gtest_vendor/src/gtest_vendor/src/gtest-all.cc.o
[ 27%] Building CXX object gmock/CMakeFiles/gmock.dir/src/gmock-all.cc.o
[ 29%] Linking CXX static library libgmock.a
[ 29%] Built target gmock
[ 31%] Building CXX object CMakeFiles/pid_publisher_tests.dir/test/pid_publisher_tests.cpp.o
[ 33%] Linking CXX executable pid_publisher_tests
[ 33%] Built target pid_publisher_tests
[ 35%] Building CXX object CMakeFiles/pid_parameters_tests.dir/test/pid_parameters_tests.cpp.o
[ 37%] Linking CXX executable pid_parameters_tests
[ 37%] Built target pid_parameters_tests
[ 39%] Building CXX object gmock/CMakeFiles/gmock_main.dir/src/gmock_main.cc.o
[ 41%] Linking CXX static library libgmock_main.a
[ 41%] Built target gmock_main
[ 43%] Running `/Users/dhruvpatel29/backup_ros/humble-ros2/install/generate_parameter_library_py/bin/generate_parameter_library_cpp /Users/dhruvpatel29/humble-ros2/src/ros2_control/build/control_toolbox/include/control_toolbox/exponential_filter_parameters.hpp /Users/dhruvpatel29/humble-ros2/src/ros2_control/control_toolbox/src/control_filters/exponential_filter_parameters.yaml custom_validators.hpp`
[ 45%] Creating deprecated header file /Users/dhruvpatel29/humble-ros2/src/ros2_control/build/control_toolbox/include/exponential_filter_parameters.hpp
[ 45%] Built target exponential_filter_parameters
[ 47%] Building CXX object CMakeFiles/rate_limiter_tests.dir/test/rate_limiter.cpp.o
[ 50%] Linking CXX executable rate_limiter_tests
[ 50%] Built target rate_limiter_tests
[ 52%] Building CXX object CMakeFiles/exponential_filter.dir/src/control_filters/exponential_filter.cpp.o
[ 54%] Linking CXX shared library libexponential_filter.dylib
[ 54%] Built target exponential_filter
[ 56%] Building CXX object CMakeFiles/pid_tests.dir/test/pid_tests.cpp.o
[ 58%] Linking CXX executable pid_tests
[ 58%] Built target pid_tests
[ 60%] Building CXX object CMakeFiles/test_load_exponential_filter.dir/test/control_filters/test_load_exponential_filter.cpp.o
[ 62%] Linking CXX executable test_load_exponential_filter
[ 62%] Built target test_load_exponential_filter
[ 64%] Building CXX object CMakeFiles/test_exponential_filter.dir/test/control_filters/test_exponential_filter.cpp.o
[ 66%] Linking CXX executable test_exponential_filter
[ 66%] Built target test_exponential_filter
[ 68%] Running `/Users/dhruvpatel29/backup_ros/humble-ros2/install/generate_parameter_library_py/bin/generate_parameter_library_cpp /Users/dhruvpatel29/humble-ros2/src/ros2_control/build/control_toolbox/include/control_toolbox/rate_limiter_parameters.hpp /Users/dhruvpatel29/humble-ros2/src/ros2_control/control_toolbox/src/control_filters/rate_limiter_parameters.yaml custom_validators.hpp`
[ 70%] Creating deprecated header file /Users/dhruvpatel29/humble-ros2/src/ros2_control/build/control_toolbox/include/rate_limiter_parameters.hpp
[ 70%] Built target rate_limiter_parameters
[ 72%] Running `/Users/dhruvpatel29/backup_ros/humble-ros2/install/generate_parameter_library_py/bin/generate_parameter_library_cpp /Users/dhruvpatel29/humble-ros2/src/ros2_control/build/control_toolbox/include/control_toolbox/low_pass_filter_parameters.hpp /Users/dhruvpatel29/humble-ros2/src/ros2_control/control_toolbox/src/control_filters/low_pass_filter_parameters.yaml `
[ 75%] Creating deprecated header file /Users/dhruvpatel29/humble-ros2/src/ros2_control/build/control_toolbox/include/low_pass_filter_parameters.hpp
[ 75%] Built target low_pass_filter_parameters
[ 77%] Building CXX object CMakeFiles/rate_limiter.dir/src/control_filters/rate_limiter.cpp.o
[ 79%] Linking CXX shared library librate_limiter.dylib
[ 79%] Built target rate_limiter
[ 81%] Building CXX object CMakeFiles/low_pass_filter.dir/src/control_filters/low_pass_filter.cpp.o
[ 83%] Linking CXX shared library liblow_pass_filter.dylib
[ 83%] Built target low_pass_filter
[ 85%] Building CXX object CMakeFiles/test_load_rate_limiter.dir/test/control_filters/test_load_rate_limiter.cpp.o
[ 87%] Linking CXX executable test_load_rate_limiter
[ 87%] Built target test_load_rate_limiter
[ 89%] Building CXX object CMakeFiles/test_load_low_pass_filter.dir/test/control_filters/test_load_low_pass_filter.cpp.o
[ 91%] Linking CXX executable test_load_low_pass_filter
[ 91%] Built target test_load_low_pass_filter
[ 93%] Building CXX object CMakeFiles/test_low_pass_filter.dir/test/control_filters/test_low_pass_filter.cpp.o
[ 95%] Linking CXX executable test_low_pass_filter
[ 95%] Built target test_low_pass_filter
[ 97%] Building CXX object CMakeFiles/test_rate_limiter.dir/test/control_filters/test_rate_limiter.cpp.o
[100%] Linking CXX executable test_rate_limiter
[100%] Built target test_rate_limiter
-- Install configuration: ""
-- Execute custom install script
-- Symlinking: /Users/dhruvpatel29/humble-ros2/src/ros2_control/install/control_toolbox/include/control_toolbox/custom_validators.hpp
-- Symlinking: /Users/dhruvpatel29/humble-ros2/src/ros2_control/install/control_toolbox/include/control_toolbox/exponential_filter_parameters.hpp
-- Symlinking: /Users/dhruvpatel29/humble-ros2/src/ros2_control/install/control_toolbox/include/control_toolbox/low_pass_filter_parameters.hpp
-- Symlinking: /Users/dhruvpatel29/humble-ros2/src/ros2_control/install/control_toolbox/include/control_toolbox/rate_limiter_parameters.hpp
-- Up-to-date symlink: /Users/dhruvpatel29/humble-ros2/src/ros2_control/install/control_toolbox/include/control_toolbox/custom_validators.hpp
-- Up-to-date symlink: /Users/dhruvpatel29/humble-ros2/src/ros2_control/install/control_toolbox/include/control_toolbox/exponential_filter_parameters.hpp
-- Up-to-date symlink: /Users/dhruvpatel29/humble-ros2/src/ros2_control/install/control_toolbox/include/control_toolbox/low_pass_filter_parameters.hpp
-- Up-to-date symlink: /Users/dhruvpatel29/humble-ros2/src/ros2_control/install/control_toolbox/include/control_toolbox/rate_limiter_parameters.hpp
-- Up-to-date symlink: /Users/dhruvpatel29/humble-ros2/src/ros2_control/install/control_toolbox/include/control_toolbox/custom_validators.hpp
-- Up-to-date symlink: /Users/dhruvpatel29/humble-ros2/src/ros2_control/install/control_toolbox/include/control_toolbox/exponential_filter_parameters.hpp
-- Up-to-date symlink: /Users/dhruvpatel29/humble-ros2/src/ros2_control/install/control_toolbox/include/control_toolbox/low_pass_filter_parameters.hpp
-- Up-to-date symlink: /Users/dhruvpatel29/humble-ros2/src/ros2_control/install/control_toolbox/include/control_toolbox/rate_limiter_parameters.hpp
-- Symlinking: /Users/dhruvpatel29/humble-ros2/src/ros2_control/install/control_toolbox/share/control_toolbox//control_filters.xml
-- Symlinking: /Users/dhruvpatel29/humble-ros2/src/ros2_control/install/control_toolbox/include/control_toolbox/control_filters/custom_validators.hpp
-- Symlinking: /Users/dhruvpatel29/humble-ros2/src/ros2_control/install/control_toolbox/include/control_toolbox/control_filters/exponential_filter.hpp
-- Symlinking: /Users/dhruvpatel29/humble-ros2/src/ros2_control/install/control_toolbox/include/control_toolbox/control_filters/low_pass_filter.hpp
-- Symlinking: /Users/dhruvpatel29/humble-ros2/src/ros2_control/install/control_toolbox/include/control_toolbox/control_filters/rate_limiter.hpp
-- Symlinking: /Users/dhruvpatel29/humble-ros2/src/ros2_control/install/control_toolbox/include/control_toolbox/control_toolbox/dither.hpp
-- Symlinking: /Users/dhruvpatel29/humble-ros2/src/ros2_control/install/control_toolbox/include/control_toolbox/control_toolbox/filters.hpp
-- Symlinking: /Users/dhruvpatel29/humble-ros2/src/ros2_control/install/control_toolbox/include/control_toolbox/control_toolbox/limited_proxy.hpp
-- Symlinking: /Users/dhruvpatel29/humble-ros2/src/ros2_control/install/control_toolbox/include/control_toolbox/control_toolbox/low_pass_filter.hpp
-- Symlinking: /Users/dhruvpatel29/humble-ros2/src/ros2_control/install/control_toolbox/include/control_toolbox/control_toolbox/pid.hpp
-- Symlinking: /Users/dhruvpatel29/humble-ros2/src/ros2_control/install/control_toolbox/include/control_toolbox/control_toolbox/pid_ros.hpp
-- Symlinking: /Users/dhruvpatel29/humble-ros2/src/ros2_control/install/control_toolbox/include/control_toolbox/control_toolbox/rate_limiter.hpp
-- Symlinking: /Users/dhruvpatel29/humble-ros2/src/ros2_control/install/control_toolbox/include/control_toolbox/control_toolbox/sine_sweep.hpp
-- Symlinking: /Users/dhruvpatel29/humble-ros2/src/ros2_control/install/control_toolbox/include/control_toolbox/control_toolbox/sinusoid.hpp
-- Symlinking: /Users/dhruvpatel29/humble-ros2/src/ros2_control/install/control_toolbox/share/control_toolbox/environment/library_path.sh
-- Symlinking: /Users/dhruvpatel29/humble-ros2/src/ros2_control/install/control_toolbox/share/control_toolbox/environment/library_path.dsv
-- Symlinking: /Users/dhruvpatel29/humble-ros2/src/ros2_control/install/control_toolbox/share/ament_index/resource_index/package_run_dependencies/control_toolbox
-- Symlinking: /Users/dhruvpatel29/humble-ros2/src/ros2_control/install/control_toolbox/share/ament_index/resource_index/parent_prefix_path/control_toolbox
-- Symlinking: /Users/dhruvpatel29/humble-ros2/src/ros2_control/install/control_toolbox/share/control_toolbox/environment/ament_prefix_path.sh
-- Symlinking: /Users/dhruvpatel29/humble-ros2/src/ros2_control/install/control_toolbox/share/control_toolbox/environment/ament_prefix_path.dsv
-- Symlinking: /Users/dhruvpatel29/humble-ros2/src/ros2_control/install/control_toolbox/share/control_toolbox/environment/path.sh
-- Symlinking: /Users/dhruvpatel29/humble-ros2/src/ros2_control/install/control_toolbox/share/control_toolbox/environment/path.dsv
-- Symlinking: /Users/dhruvpatel29/humble-ros2/src/ros2_control/install/control_toolbox/share/control_toolbox/local_setup.bash
-- Symlinking: /Users/dhruvpatel29/humble-ros2/src/ros2_control/install/control_toolbox/share/control_toolbox/local_setup.sh
-- Symlinking: /Users/dhruvpatel29/humble-ros2/src/ros2_control/install/control_toolbox/share/control_toolbox/local_setup.zsh
-- Symlinking: /Users/dhruvpatel29/humble-ros2/src/ros2_control/install/control_toolbox/share/control_toolbox/local_setup.dsv
-- Symlinking: /Users/dhruvpatel29/humble-ros2/src/ros2_control/install/control_toolbox/share/control_toolbox/package.dsv
-- Symlinking: /Users/dhruvpatel29/humble-ros2/src/ros2_control/install/control_toolbox/share/ament_index/resource_index/packages/control_toolbox
-- Symlinking: /Users/dhruvpatel29/humble-ros2/src/ros2_control/install/control_toolbox/share/ament_index/resource_index/filters__pluginlib__plugin/control_toolbox
-- Symlinking: /Users/dhruvpatel29/humble-ros2/src/ros2_control/install/control_toolbox/share/control_toolbox/cmake/ament_cmake_export_dependencies-extras.cmake
-- Symlinking: /Users/dhruvpatel29/humble-ros2/src/ros2_control/install/control_toolbox/share/control_toolbox/cmake/ament_cmake_export_targets-extras.cmake
-- Symlinking: /Users/dhruvpatel29/humble-ros2/src/ros2_control/install/control_toolbox/share/control_toolbox/cmake/control_toolboxConfig.cmake
-- Symlinking: /Users/dhruvpatel29/humble-ros2/src/ros2_control/install/control_toolbox/share/control_toolbox/cmake/control_toolboxConfig-version.cmake
-- Symlinking: /Users/dhruvpatel29/humble-ros2/src/ros2_control/install/control_toolbox/share/control_toolbox/package.xml
-- Installing: /Users/dhruvpatel29/humble-ros2/src/ros2_control/install/control_toolbox/lib/libcontrol_toolbox.dylib
-- Installing: /Users/dhruvpatel29/humble-ros2/src/ros2_control/install/control_toolbox/lib/liblow_pass_filter.dylib
-- Installing: /Users/dhruvpatel29/humble-ros2/src/ros2_control/install/control_toolbox/lib/librate_limiter.dylib
-- Installing: /Users/dhruvpatel29/humble-ros2/src/ros2_control/install/control_toolbox/lib/libexponential_filter.dylib
-- Installing: /Users/dhruvpatel29/humble-ros2/src/ros2_control/install/control_toolbox/share/control_toolbox/cmake/export_control_toolboxExport.cmake
-- Installing: /Users/dhruvpatel29/humble-ros2/src/ros2_control/install/control_toolbox/share/control_toolbox/cmake/export_control_toolboxExport-noconfig.cmake
