-- The CXX compiler identification is AppleClang 16.0.0.16000026
-- Detecting CXX compiler ABI info
-- Detecting CXX compiler ABI info - done
-- Check for working CXX compiler: /usr/bin/c++ - skipped
-- Detecting CXX compile features
-- Detecting CXX compile features - done
-- Found ament_cmake: 1.3.11 (/Users/dhruvpatel29/humble-ros2/install/ament_cmake/share/ament_cmake/cmake)
-- Found Python3: /Library/Frameworks/Python.framework/Versions/3.11/bin/python3 (found version "3.11.9") found components: Interpreter
-- Override CMake install command with custom implementation using symlinks instead of copying resources
-- Found control_msgs: 4.8.0 (/Users/dhruvpatel29/humble-ros2/install/control_msgs/share/control_msgs/cmake)
-- Found rosidl_generator_c: 3.1.7 (/Users/dhruvpatel29/humble-ros2/install/rosidl_generator_c/share/rosidl_generator_c/cmake)
-- Found rosidl_adapter: 3.1.7 (/Users/dhruvpatel29/humble-ros2/install/rosidl_adapter/share/rosidl_adapter/cmake)
-- Found rosidl_generator_cpp: 3.1.7 (/Users/dhruvpatel29/humble-ros2/install/rosidl_generator_cpp/share/rosidl_generator_cpp/cmake)
-- Using all available rosidl_typesupport_c: rosidl_typesupport_introspection_c;rosidl_typesupport_fastrtps_c
-- Using all available rosidl_typesupport_cpp: rosidl_typesupport_introspection_cpp;rosidl_typesupport_fastrtps_cpp
-- Found rclcpp: 16.0.14 (/Users/dhruvpatel29/humble-ros2/install/rclcpp/share/rclcpp/cmake)
-- Found rmw_implementation_cmake: 6.1.2 (/Users/dhruvpatel29/humble-ros2/install/rmw_implementation_cmake/share/rmw_implementation_cmake/cmake)
-- Found rmw_fastrtps_cpp: 6.2.8 (/Users/dhruvpatel29/humble-ros2/install/rmw_fastrtps_cpp/share/rmw_fastrtps_cpp/cmake)
-- Found OpenSSL: /opt/homebrew/opt/openssl@3/lib/libcrypto.dylib (found version "3.5.1")
-- Found FastRTPS: /Users/dhruvpatel29/humble-ros2/install/fastrtps/include
-- Using RMW implementation 'rmw_fastrtps_cpp' as default
-- Performing Test CMAKE_HAVE_LIBC_PTHREAD
-- Performing Test CMAKE_HAVE_LIBC_PTHREAD - Success
-- Found Threads: TRUE
-- Found realtime_tools: 2.14.0 (/Users/dhruvpatel29/humble-ros2/install/realtime_tools/share/realtime_tools/cmake)
-- Found filters: 2.2.2 (/Users/dhruvpatel29/humble-ros2/src/ros2_control/install/filters/share/filters/cmake)
CMake Warning (dev) at /Users/dhruvpatel29/humble-ros2/src/ros2_control/install/filters/share/filters/cmake/ament_cmake_export_dependencies-extras.cmake:21 (find_package):
  Policy CMP0144 is not set: find_package uses upper-case <PACKAGENAME>_ROOT
  variables.  Run "cmake --help-policy CMP0144" for policy details.  Use the
  cmake_policy command to set the policy and suppress this warning.

  Environment variable BOOST_ROOT is set to:

    /Users/dhruvpatel29/humble-ros2/src/ros-commondep/boost

  For compatibility, find_package is ignoring the variable, but code in a
  .cmake module might still use it.
Call Stack (most recent call first):
  /Users/dhruvpatel29/humble-ros2/src/ros2_control/install/filters/share/filters/cmake/filtersConfig.cmake:41 (include)
  CMakeLists.txt:62 (find_package)
This warning is for project developers.  Use -Wno-dev to suppress it.

CMake Warning (dev) at /Users/dhruvpatel29/humble-ros2/src/ros2_control/install/filters/share/filters/cmake/ament_cmake_export_dependencies-extras.cmake:21 (find_package):
  Policy CMP0167 is not set: The FindBoost module is removed.  Run "cmake
  --help-policy CMP0167" for policy details.  Use the cmake_policy command to
  set the policy and suppress this warning.

Call Stack (most recent call first):
  /Users/dhruvpatel29/humble-ros2/src/ros2_control/install/filters/share/filters/cmake/filtersConfig.cmake:41 (include)
  CMakeLists.txt:62 (find_package)
This warning is for project developers.  Use -Wno-dev to suppress it.

-- Found generate_parameter_library: 0.4.0 (/Users/dhruvpatel29/backup_ros/humble-ros2/install/generate_parameter_library/share/generate_parameter_library/cmake)
-- Found parameter_traits: 0.4.0 (/Users/dhruvpatel29/backup_ros/humble-ros2/install/parameter_traits/share/parameter_traits/cmake)
-- Found rclcpp_lifecycle: 16.0.14 (/Users/dhruvpatel29/humble-ros2/install/rclcpp_lifecycle/share/rclcpp_lifecycle/cmake)
-- Found ament_cmake_gmock: 1.3.11 (/Users/dhruvpatel29/humble-ros2/install/ament_cmake_gmock/share/ament_cmake_gmock/cmake)
-- Found ament_cmake_gtest: 1.3.11 (/Users/dhruvpatel29/humble-ros2/install/ament_cmake_gtest/share/ament_cmake_gtest/cmake)
-- Found gmock sources under '/Users/dhruvpatel29/humble-ros2/install/gmock_vendor/src/gmock_vendor': C++ tests using 'Google Mock' will be built
-- The C compiler identification is AppleClang 16.0.0.16000026
-- Detecting C compiler ABI info
-- Detecting C compiler ABI info - done
-- Check for working C compiler: /usr/bin/cc - skipped
-- Detecting C compile features
-- Detecting C compile features - done
CMake Deprecation Warning at /Users/dhruvpatel29/humble-ros2/install/gmock_vendor/src/gmock_vendor/CMakeLists.txt:2 (cmake_minimum_required):
  Compatibility with CMake < 3.10 will be removed from a future version of
  CMake.

  Update the VERSION argument <min> value.  Or, use the <min>...<max> syntax
  to tell CMake that the project requires at least <min> but has been updated
  to work with policies introduced by <max> or earlier.


-- Found gtest sources under '/Users/dhruvpatel29/humble-ros2/install/gtest_vendor/src/gtest_vendor': C++ tests using 'Google Test' will be built
CMake Deprecation Warning at /Users/dhruvpatel29/humble-ros2/install/gtest_vendor/src/gtest_vendor/CMakeLists.txt:2 (cmake_minimum_required):
  Compatibility with CMake < 3.10 will be removed from a future version of
  CMake.

  Update the VERSION argument <min> value.  Or, use the <min>...<max> syntax
  to tell CMake that the project requires at least <min> but has been updated
  to work with policies introduced by <max> or earlier.


-- Configuring done (27.5s)
-- Generating done (0.2s)
-- Build files have been written to: /Users/dhruvpatel29/humble-ros2/src/ros2_control/build/control_toolbox
[  2%] Building CXX object CMakeFiles/control_toolbox.dir/src/dither.cpp.o
[  4%] Building CXX object CMakeFiles/control_toolbox.dir/src/limited_proxy.cpp.o
[  6%] Building CXX object CMakeFiles/control_toolbox.dir/src/pid_ros.cpp.o
[  8%] Building CXX object CMakeFiles/control_toolbox.dir/src/pid.cpp.o
[ 10%] Building CXX object CMakeFiles/control_toolbox.dir/src/sine_sweep.cpp.o
[ 12%] Building CXX object CMakeFiles/control_toolbox.dir/src/sinusoid.cpp.o
[ 14%] Linking CXX shared library libcontrol_toolbox.dylib
[ 14%] Built target control_toolbox
[ 16%] Building CXX object gtest/CMakeFiles/gtest.dir/src/gtest-all.cc.o
[ 18%] Linking CXX static library libgtest.a
[ 18%] Built target gtest
[ 20%] Building CXX object gtest/CMakeFiles/gtest_main.dir/src/gtest_main.cc.o
[ 22%] Linking CXX static library libgtest_main.a
[ 22%] Built target gtest_main
[ 25%] Building CXX object gmock/CMakeFiles/gmock.dir/Users/dhruvpatel29/humble-ros2/install/gtest_vendor/src/gtest_vendor/src/gtest-all.cc.o
[ 27%] Building CXX object gmock/CMakeFiles/gmock.dir/src/gmock-all.cc.o
In file included from /Users/dhruvpatel29/humble-ros2/install/gmock_vendor/src/gmock_vendor/src/gmock-all.cc:39:
In file included from /Users/dhruvpatel29/humble-ros2/install/gmock_vendor/src/gmock_vendor/include/gmock/gmock.h:59:
/Users/dhruvpatel29/humble-ros2/install/gmock_vendor/src/gmock_vendor/include/gmock/gmock-actions.h:455:3: warning: definition of implicit copy constructor for 'PolymorphicAction<testing::internal::ReturnNullAction>' is deprecated because it has a user-declared copy assignment operator [-Wdeprecated-copy]
  455 |   GTEST_DISALLOW_ASSIGN_(PolymorphicAction);
      |   ^
/Users/dhruvpatel29/humble-ros2/install/gtest_vendor/src/gtest_vendor/include/gtest/internal/gtest-port.h:682:8: note: expanded from macro 'GTEST_DISALLOW_ASSIGN_'
  682 |   void operator=(type const &) = delete
      |        ^
/Users/dhruvpatel29/humble-ros2/install/gmock_vendor/src/gmock_vendor/include/gmock/gmock-actions.h:1011:10: note: in implicit copy constructor for 'testing::PolymorphicAction<testing::internal::ReturnNullAction>' first required here
 1011 |   return MakePolymorphicAction(internal::ReturnNullAction());
      |          ^
/Users/dhruvpatel29/humble-ros2/install/gmock_vendor/src/gmock_vendor/include/gmock/gmock-actions.h:455:3: warning: definition of implicit copy constructor for 'PolymorphicAction<testing::internal::ReturnVoidAction>' is deprecated because it has a user-declared copy assignment operator [-Wdeprecated-copy]
  455 |   GTEST_DISALLOW_ASSIGN_(PolymorphicAction);
      |   ^
/Users/dhruvpatel29/humble-ros2/install/gtest_vendor/src/gtest_vendor/include/gtest/internal/gtest-port.h:682:8: note: expanded from macro 'GTEST_DISALLOW_ASSIGN_'
  682 |   void operator=(type const &) = delete
      |        ^
/Users/dhruvpatel29/humble-ros2/install/gmock_vendor/src/gmock_vendor/include/gmock/gmock-actions.h:1016:10: note: in implicit copy constructor for 'testing::PolymorphicAction<testing::internal::ReturnVoidAction>' first required here
 1016 |   return MakePolymorphicAction(internal::ReturnVoidAction());
      |          ^
In file included from /Users/dhruvpatel29/humble-ros2/install/gmock_vendor/src/gmock_vendor/src/gmock-all.cc:39:
In file included from /Users/dhruvpatel29/humble-ros2/install/gmock_vendor/src/gmock_vendor/include/gmock/gmock.h:61:
In file included from /Users/dhruvpatel29/humble-ros2/install/gmock_vendor/src/gmock_vendor/include/gmock/gmock-function-mocker.h:39:
In file included from /Users/dhruvpatel29/humble-ros2/install/gmock_vendor/src/gmock_vendor/include/gmock/gmock-generated-function-mockers.h:47:
In file included from /Users/dhruvpatel29/humble-ros2/install/gmock_vendor/src/gmock_vendor/include/gmock/gmock-spec-builders.h:75:
/Users/dhruvpatel29/humble-ros2/install/gmock_vendor/src/gmock_vendor/include/gmock/gmock-matchers.h:1506:3: warning: definition of implicit copy constructor for 'FloatingEqMatcher<double>' is deprecated because it has a user-declared copy assignment operator [-Wdeprecated-copy]
 1506 |   GTEST_DISALLOW_ASSIGN_(FloatingEqMatcher);
      |   ^
/Users/dhruvpatel29/humble-ros2/install/gtest_vendor/src/gtest_vendor/include/gtest/internal/gtest-port.h:682:8: note: expanded from macro 'GTEST_DISALLOW_ASSIGN_'
  682 |   void operator=(type const &) = delete
      |        ^
/Users/dhruvpatel29/humble-ros2/install/gmock_vendor/src/gmock_vendor/include/gmock/gmock-matchers.h:3632:10: note: in implicit copy constructor for 'testing::internal::FloatingEqMatcher<double>' first required here
 3632 |   return internal::FloatingEqMatcher<double>(rhs, false);
      |          ^
/Users/dhruvpatel29/humble-ros2/install/gmock_vendor/src/gmock_vendor/include/gmock/gmock-matchers.h:1506:3: warning: definition of implicit copy constructor for 'FloatingEqMatcher<float>' is deprecated because it has a user-declared copy assignment operator [-Wdeprecated-copy]
 1506 |   GTEST_DISALLOW_ASSIGN_(FloatingEqMatcher);
      |   ^
/Users/dhruvpatel29/humble-ros2/install/gtest_vendor/src/gtest_vendor/include/gtest/internal/gtest-port.h:682:8: note: expanded from macro 'GTEST_DISALLOW_ASSIGN_'
  682 |   void operator=(type const &) = delete
      |        ^
/Users/dhruvpatel29/humble-ros2/install/gmock_vendor/src/gmock_vendor/include/gmock/gmock-matchers.h:3660:10: note: in implicit copy constructor for 'testing::internal::FloatingEqMatcher<float>' first required here
 3660 |   return internal::FloatingEqMatcher<float>(rhs, false);
      |          ^
/Users/dhruvpatel29/humble-ros2/install/gmock_vendor/src/gmock_vendor/include/gmock/gmock-matchers.h:721:3: warning: definition of implicit copy constructor for 'StrEqualityMatcher<std::string>' is deprecated because it has a user-declared copy assignment operator [-Wdeprecated-copy]
  721 |   GTEST_DISALLOW_ASSIGN_(StrEqualityMatcher);
      |   ^
/Users/dhruvpatel29/humble-ros2/install/gtest_vendor/src/gtest_vendor/include/gtest/internal/gtest-port.h:682:8: note: expanded from macro 'GTEST_DISALLOW_ASSIGN_'
  682 |   void operator=(type const &) = delete
      |        ^
/Users/dhruvpatel29/humble-ros2/install/gtest_vendor/src/gtest_vendor/include/gtest/gtest-matchers.h:454:7: note: in implicit copy constructor for 'testing::internal::StrEqualityMatcher<std::string>' first required here
  454 | class PolymorphicMatcher {
      |       ^
/Users/dhruvpatel29/humble-ros2/install/gmock_vendor/src/gmock_vendor/include/gmock/gmock-matchers.h:3813:10: note: in implicit move constructor for 'testing::PolymorphicMatcher<testing::internal::StrEqualityMatcher<std::string>>' first required here
 3813 |   return MakePolymorphicMatcher(
      |          ^
/Users/dhruvpatel29/humble-ros2/install/gmock_vendor/src/gmock_vendor/include/gmock/gmock-matchers.h:778:3: warning: definition of implicit copy constructor for 'HasSubstrMatcher<std::string>' is deprecated because it has a user-declared copy assignment operator [-Wdeprecated-copy]
  778 |   GTEST_DISALLOW_ASSIGN_(HasSubstrMatcher);
      |   ^
/Users/dhruvpatel29/humble-ros2/install/gtest_vendor/src/gtest_vendor/include/gtest/internal/gtest-port.h:682:8: note: expanded from macro 'GTEST_DISALLOW_ASSIGN_'
  682 |   void operator=(type const &) = delete
      |        ^
/Users/dhruvpatel29/humble-ros2/install/gtest_vendor/src/gtest_vendor/include/gtest/gtest-matchers.h:454:7: note: in implicit copy constructor for 'testing::internal::HasSubstrMatcher<std::string>' first required here
  454 | class PolymorphicMatcher {
      |       ^
/Users/dhruvpatel29/humble-ros2/install/gmock_vendor/src/gmock_vendor/include/gmock/gmock-matchers.h:3842:10: note: in implicit move constructor for 'testing::PolymorphicMatcher<testing::internal::HasSubstrMatcher<std::string>>' first required here
 3842 |   return MakePolymorphicMatcher(
      |          ^
/Users/dhruvpatel29/humble-ros2/install/gmock_vendor/src/gmock_vendor/include/gmock/gmock-matchers.h:835:3: warning: definition of implicit copy constructor for 'StartsWithMatcher<std::string>' is deprecated because it has a user-declared copy assignment operator [-Wdeprecated-copy]
  835 |   GTEST_DISALLOW_ASSIGN_(StartsWithMatcher);
      |   ^
/Users/dhruvpatel29/humble-ros2/install/gtest_vendor/src/gtest_vendor/include/gtest/internal/gtest-port.h:682:8: note: expanded from macro 'GTEST_DISALLOW_ASSIGN_'
  682 |   void operator=(type const &) = delete
      |        ^
/Users/dhruvpatel29/humble-ros2/install/gtest_vendor/src/gtest_vendor/include/gtest/gtest-matchers.h:454:7: note: in implicit copy constructor for 'testing::internal::StartsWithMatcher<std::string>' first required here
  454 | class PolymorphicMatcher {
      |       ^
/Users/dhruvpatel29/humble-ros2/install/gmock_vendor/src/gmock_vendor/include/gmock/gmock-matchers.h:3849:10: note: in implicit move constructor for 'testing::PolymorphicMatcher<testing::internal::StartsWithMatcher<std::string>>' first required here
 3849 |   return MakePolymorphicMatcher(
      |          ^
/Users/dhruvpatel29/humble-ros2/install/gmock_vendor/src/gmock_vendor/include/gmock/gmock-matchers.h:891:3: warning: definition of implicit copy constructor for 'EndsWithMatcher<std::string>' is deprecated because it has a user-declared copy assignment operator [-Wdeprecated-copy]
  891 |   GTEST_DISALLOW_ASSIGN_(EndsWithMatcher);
      |   ^
/Users/dhruvpatel29/humble-ros2/install/gtest_vendor/src/gtest_vendor/include/gtest/internal/gtest-port.h:682:8: note: expanded from macro 'GTEST_DISALLOW_ASSIGN_'
  682 |   void operator=(type const &) = delete
      |        ^
/Users/dhruvpatel29/humble-ros2/install/gtest_vendor/src/gtest_vendor/include/gtest/gtest-matchers.h:454:7: note: in implicit copy constructor for 'testing::internal::EndsWithMatcher<std::string>' first required here
  454 | class PolymorphicMatcher {
      |       ^
/Users/dhruvpatel29/humble-ros2/install/gmock_vendor/src/gmock_vendor/include/gmock/gmock-matchers.h:3856:10: note: in implicit move constructor for 'testing::PolymorphicMatcher<testing::internal::EndsWithMatcher<std::string>>' first required here
 3856 |   return MakePolymorphicMatcher(internal::EndsWithMatcher<std::string>(suffix));
      |          ^
/Users/dhruvpatel29/humble-ros2/install/gmock_vendor/src/gmock_vendor/include/gmock/gmock-matchers.h:721:3: warning: definition of implicit copy constructor for 'StrEqualityMatcher<std::wstring>' is deprecated because it has a user-declared copy assignment operator [-Wdeprecated-copy]
  721 |   GTEST_DISALLOW_ASSIGN_(StrEqualityMatcher);
      |   ^
/Users/dhruvpatel29/humble-ros2/install/gtest_vendor/src/gtest_vendor/include/gtest/internal/gtest-port.h:682:8: note: expanded from macro 'GTEST_DISALLOW_ASSIGN_'
  682 |   void operator=(type const &) = delete
      |        ^
/Users/dhruvpatel29/humble-ros2/install/gtest_vendor/src/gtest_vendor/include/gtest/gtest-matchers.h:454:7: note: in implicit copy constructor for 'testing::internal::StrEqualityMatcher<std::wstring>' first required here
  454 | class PolymorphicMatcher {
      |       ^
/Users/dhruvpatel29/humble-ros2/install/gmock_vendor/src/gmock_vendor/include/gmock/gmock-matchers.h:3865:10: note: in implicit move constructor for 'testing::PolymorphicMatcher<testing::internal::StrEqualityMatcher<std::wstring>>' first required here
 3865 |   return MakePolymorphicMatcher(
      |          ^
/Users/dhruvpatel29/humble-ros2/install/gmock_vendor/src/gmock_vendor/include/gmock/gmock-matchers.h:778:3: warning: definition of implicit copy constructor for 'HasSubstrMatcher<std::wstring>' is deprecated because it has a user-declared copy assignment operator [-Wdeprecated-copy]
  778 |   GTEST_DISALLOW_ASSIGN_(HasSubstrMatcher);
      |   ^
/Users/dhruvpatel29/humble-ros2/install/gtest_vendor/src/gtest_vendor/include/gtest/internal/gtest-port.h:682:8: note: expanded from macro 'GTEST_DISALLOW_ASSIGN_'
  682 |   void operator=(type const &) = delete
      |        ^
/Users/dhruvpatel29/humble-ros2/install/gtest_vendor/src/gtest_vendor/include/gtest/gtest-matchers.h:454:7: note: in implicit copy constructor for 'testing::internal::HasSubstrMatcher<std::wstring>' first required here
  454 | class PolymorphicMatcher {
      |       ^
/Users/dhruvpatel29/humble-ros2/install/gmock_vendor/src/gmock_vendor/include/gmock/gmock-matchers.h:3894:10: note: in implicit move constructor for 'testing::PolymorphicMatcher<testing::internal::HasSubstrMatcher<std::wstring>>' first required here
 3894 |   return MakePolymorphicMatcher(
      |          ^
/Users/dhruvpatel29/humble-ros2/install/gmock_vendor/src/gmock_vendor/include/gmock/gmock-matchers.h:835:3: warning: definition of implicit copy constructor for 'StartsWithMatcher<std::wstring>' is deprecated because it has a user-declared copy assignment operator [-Wdeprecated-copy]
  835 |   GTEST_DISALLOW_ASSIGN_(StartsWithMatcher);
      |   ^
/Users/dhruvpatel29/humble-ros2/install/gtest_vendor/src/gtest_vendor/include/gtest/internal/gtest-port.h:682:8: note: expanded from macro 'GTEST_DISALLOW_ASSIGN_'
  682 |   void operator=(type const &) = delete
      |        ^
/Users/dhruvpatel29/humble-ros2/install/gtest_vendor/src/gtest_vendor/include/gtest/gtest-matchers.h:454:7: note: in implicit copy constructor for 'testing::internal::StartsWithMatcher<std::wstring>' first required here
  454 | class PolymorphicMatcher {
      |       ^
/Users/dhruvpatel29/humble-ros2/install/gmock_vendor/src/gmock_vendor/include/gmock/gmock-matchers.h:3901:10: note: in implicit move constructor for 'testing::PolymorphicMatcher<testing::internal::StartsWithMatcher<std::wstring>>' first required here
 3901 |   return MakePolymorphicMatcher(
      |          ^
/Users/dhruvpatel29/humble-ros2/install/gmock_vendor/src/gmock_vendor/include/gmock/gmock-matchers.h:891:3: warning: definition of implicit copy constructor for 'EndsWithMatcher<std::wstring>' is deprecated because it has a user-declared copy assignment operator [-Wdeprecated-copy]
  891 |   GTEST_DISALLOW_ASSIGN_(EndsWithMatcher);
      |   ^
/Users/dhruvpatel29/humble-ros2/install/gtest_vendor/src/gtest_vendor/include/gtest/internal/gtest-port.h:682:8: note: expanded from macro 'GTEST_DISALLOW_ASSIGN_'
  682 |   void operator=(type const &) = delete
      |        ^
/Users/dhruvpatel29/humble-ros2/install/gtest_vendor/src/gtest_vendor/include/gtest/gtest-matchers.h:454:7: note: in implicit copy constructor for 'testing::internal::EndsWithMatcher<std::wstring>' first required here
  454 | class PolymorphicMatcher {
      |       ^
/Users/dhruvpatel29/humble-ros2/install/gmock_vendor/src/gmock_vendor/include/gmock/gmock-matchers.h:3908:10: note: in implicit move constructor for 'testing::PolymorphicMatcher<testing::internal::EndsWithMatcher<std::wstring>>' first required here
 3908 |   return MakePolymorphicMatcher(
      |          ^
12 warnings generated.
[ 29%] Linking CXX static library libgmock.a
[ 29%] Built target gmock
[ 31%] Building CXX object CMakeFiles/pid_publisher_tests.dir/test/pid_publisher_tests.cpp.o
[ 33%] Linking CXX executable pid_publisher_tests
[ 33%] Built target pid_publisher_tests
[ 35%] Building CXX object CMakeFiles/pid_parameters_tests.dir/test/pid_parameters_tests.cpp.o
[ 37%] Linking CXX executable pid_parameters_tests
[ 37%] Built target pid_parameters_tests
[ 39%] Building CXX object gmock/CMakeFiles/gmock_main.dir/src/gmock_main.cc.o
In file included from /Users/dhruvpatel29/humble-ros2/install/gmock_vendor/src/gmock_vendor/src/gmock_main.cc:32:
In file included from /Users/dhruvpatel29/humble-ros2/install/gmock_vendor/src/gmock_vendor/include/gmock/gmock.h:59:
/Users/dhruvpatel29/humble-ros2/install/gmock_vendor/src/gmock_vendor/include/gmock/gmock-actions.h:455:3: warning: definition of implicit copy constructor for 'PolymorphicAction<testing::internal::ReturnNullAction>' is deprecated because it has a user-declared copy assignment operator [-Wdeprecated-copy]
  455 |   GTEST_DISALLOW_ASSIGN_(PolymorphicAction);
      |   ^
/Users/dhruvpatel29/humble-ros2/install/gtest_vendor/src/gtest_vendor/include/gtest/internal/gtest-port.h:682:8: note: expanded from macro 'GTEST_DISALLOW_ASSIGN_'
  682 |   void operator=(type const &) = delete
      |        ^
/Users/dhruvpatel29/humble-ros2/install/gmock_vendor/src/gmock_vendor/include/gmock/gmock-actions.h:1011:10: note: in implicit copy constructor for 'testing::PolymorphicAction<testing::internal::ReturnNullAction>' first required here
 1011 |   return MakePolymorphicAction(internal::ReturnNullAction());
      |          ^
/Users/dhruvpatel29/humble-ros2/install/gmock_vendor/src/gmock_vendor/include/gmock/gmock-actions.h:455:3: warning: definition of implicit copy constructor for 'PolymorphicAction<testing::internal::ReturnVoidAction>' is deprecated because it has a user-declared copy assignment operator [-Wdeprecated-copy]
  455 |   GTEST_DISALLOW_ASSIGN_(PolymorphicAction);
      |   ^
/Users/dhruvpatel29/humble-ros2/install/gtest_vendor/src/gtest_vendor/include/gtest/internal/gtest-port.h:682:8: note: expanded from macro 'GTEST_DISALLOW_ASSIGN_'
  682 |   void operator=(type const &) = delete
      |        ^
/Users/dhruvpatel29/humble-ros2/install/gmock_vendor/src/gmock_vendor/include/gmock/gmock-actions.h:1016:10: note: in implicit copy constructor for 'testing::PolymorphicAction<testing::internal::ReturnVoidAction>' first required here
 1016 |   return MakePolymorphicAction(internal::ReturnVoidAction());
      |          ^
In file included from /Users/dhruvpatel29/humble-ros2/install/gmock_vendor/src/gmock_vendor/src/gmock_main.cc:32:
In file included from /Users/dhruvpatel29/humble-ros2/install/gmock_vendor/src/gmock_vendor/include/gmock/gmock.h:61:
In file included from /Users/dhruvpatel29/humble-ros2/install/gmock_vendor/src/gmock_vendor/include/gmock/gmock-function-mocker.h:39:
In file included from /Users/dhruvpatel29/humble-ros2/install/gmock_vendor/src/gmock_vendor/include/gmock/gmock-generated-function-mockers.h:47:
In file included from /Users/dhruvpatel29/humble-ros2/install/gmock_vendor/src/gmock_vendor/include/gmock/gmock-spec-builders.h:75:
/Users/dhruvpatel29/humble-ros2/install/gmock_vendor/src/gmock_vendor/include/gmock/gmock-matchers.h:1506:3: warning: definition of implicit copy constructor for 'FloatingEqMatcher<double>' is deprecated because it has a user-declared copy assignment operator [-Wdeprecated-copy]
 1506 |   GTEST_DISALLOW_ASSIGN_(FloatingEqMatcher);
      |   ^
/Users/dhruvpatel29/humble-ros2/install/gtest_vendor/src/gtest_vendor/include/gtest/internal/gtest-port.h:682:8: note: expanded from macro 'GTEST_DISALLOW_ASSIGN_'
  682 |   void operator=(type const &) = delete
      |        ^
/Users/dhruvpatel29/humble-ros2/install/gmock_vendor/src/gmock_vendor/include/gmock/gmock-matchers.h:3632:10: note: in implicit copy constructor for 'testing::internal::FloatingEqMatcher<double>' first required here
 3632 |   return internal::FloatingEqMatcher<double>(rhs, false);
      |          ^
/Users/dhruvpatel29/humble-ros2/install/gmock_vendor/src/gmock_vendor/include/gmock/gmock-matchers.h:1506:3: warning: definition of implicit copy constructor for 'FloatingEqMatcher<float>' is deprecated because it has a user-declared copy assignment operator [-Wdeprecated-copy]
 1506 |   GTEST_DISALLOW_ASSIGN_(FloatingEqMatcher);
      |   ^
/Users/dhruvpatel29/humble-ros2/install/gtest_vendor/src/gtest_vendor/include/gtest/internal/gtest-port.h:682:8: note: expanded from macro 'GTEST_DISALLOW_ASSIGN_'
  682 |   void operator=(type const &) = delete
      |        ^
/Users/dhruvpatel29/humble-ros2/install/gmock_vendor/src/gmock_vendor/include/gmock/gmock-matchers.h:3660:10: note: in implicit copy constructor for 'testing::internal::FloatingEqMatcher<float>' first required here
 3660 |   return internal::FloatingEqMatcher<float>(rhs, false);
      |          ^
/Users/dhruvpatel29/humble-ros2/install/gmock_vendor/src/gmock_vendor/include/gmock/gmock-matchers.h:721:3: warning: definition of implicit copy constructor for 'StrEqualityMatcher<std::string>' is deprecated because it has a user-declared copy assignment operator [-Wdeprecated-copy]
  721 |   GTEST_DISALLOW_ASSIGN_(StrEqualityMatcher);
      |   ^
/Users/dhruvpatel29/humble-ros2/install/gtest_vendor/src/gtest_vendor/include/gtest/internal/gtest-port.h:682:8: note: expanded from macro 'GTEST_DISALLOW_ASSIGN_'
  682 |   void operator=(type const &) = delete
      |        ^
/Users/dhruvpatel29/humble-ros2/install/gtest_vendor/src/gtest_vendor/include/gtest/gtest-matchers.h:454:7: note: in implicit copy constructor for 'testing::internal::StrEqualityMatcher<std::string>' first required here
  454 | class PolymorphicMatcher {
      |       ^
/Users/dhruvpatel29/humble-ros2/install/gmock_vendor/src/gmock_vendor/include/gmock/gmock-matchers.h:3813:10: note: in implicit move constructor for 'testing::PolymorphicMatcher<testing::internal::StrEqualityMatcher<std::string>>' first required here
 3813 |   return MakePolymorphicMatcher(
      |          ^
/Users/dhruvpatel29/humble-ros2/install/gmock_vendor/src/gmock_vendor/include/gmock/gmock-matchers.h:778:3: warning: definition of implicit copy constructor for 'HasSubstrMatcher<std::string>' is deprecated because it has a user-declared copy assignment operator [-Wdeprecated-copy]
  778 |   GTEST_DISALLOW_ASSIGN_(HasSubstrMatcher);
      |   ^
/Users/dhruvpatel29/humble-ros2/install/gtest_vendor/src/gtest_vendor/include/gtest/internal/gtest-port.h:682:8: note: expanded from macro 'GTEST_DISALLOW_ASSIGN_'
  682 |   void operator=(type const &) = delete
      |        ^
/Users/dhruvpatel29/humble-ros2/install/gtest_vendor/src/gtest_vendor/include/gtest/gtest-matchers.h:454:7: note: in implicit copy constructor for 'testing::internal::HasSubstrMatcher<std::string>' first required here
  454 | class PolymorphicMatcher {
      |       ^
/Users/dhruvpatel29/humble-ros2/install/gmock_vendor/src/gmock_vendor/include/gmock/gmock-matchers.h:3842:10: note: in implicit move constructor for 'testing::PolymorphicMatcher<testing::internal::HasSubstrMatcher<std::string>>' first required here
 3842 |   return MakePolymorphicMatcher(
      |          ^
/Users/dhruvpatel29/humble-ros2/install/gmock_vendor/src/gmock_vendor/include/gmock/gmock-matchers.h:835:3: warning: definition of implicit copy constructor for 'StartsWithMatcher<std::string>' is deprecated because it has a user-declared copy assignment operator [-Wdeprecated-copy]
  835 |   GTEST_DISALLOW_ASSIGN_(StartsWithMatcher);
      |   ^
/Users/dhruvpatel29/humble-ros2/install/gtest_vendor/src/gtest_vendor/include/gtest/internal/gtest-port.h:682:8: note: expanded from macro 'GTEST_DISALLOW_ASSIGN_'
  682 |   void operator=(type const &) = delete
      |        ^
/Users/dhruvpatel29/humble-ros2/install/gtest_vendor/src/gtest_vendor/include/gtest/gtest-matchers.h:454:7: note: in implicit copy constructor for 'testing::internal::StartsWithMatcher<std::string>' first required here
  454 | class PolymorphicMatcher {
      |       ^
/Users/dhruvpatel29/humble-ros2/install/gmock_vendor/src/gmock_vendor/include/gmock/gmock-matchers.h:3849:10: note: in implicit move constructor for 'testing::PolymorphicMatcher<testing::internal::StartsWithMatcher<std::string>>' first required here
 3849 |   return MakePolymorphicMatcher(
      |          ^
/Users/dhruvpatel29/humble-ros2/install/gmock_vendor/src/gmock_vendor/include/gmock/gmock-matchers.h:891:3: warning: definition of implicit copy constructor for 'EndsWithMatcher<std::string>' is deprecated because it has a user-declared copy assignment operator [-Wdeprecated-copy]
  891 |   GTEST_DISALLOW_ASSIGN_(EndsWithMatcher);
      |   ^
/Users/dhruvpatel29/humble-ros2/install/gtest_vendor/src/gtest_vendor/include/gtest/internal/gtest-port.h:682:8: note: expanded from macro 'GTEST_DISALLOW_ASSIGN_'
  682 |   void operator=(type const &) = delete
      |        ^
/Users/dhruvpatel29/humble-ros2/install/gtest_vendor/src/gtest_vendor/include/gtest/gtest-matchers.h:454:7: note: in implicit copy constructor for 'testing::internal::EndsWithMatcher<std::string>' first required here
  454 | class PolymorphicMatcher {
      |       ^
/Users/dhruvpatel29/humble-ros2/install/gmock_vendor/src/gmock_vendor/include/gmock/gmock-matchers.h:3856:10: note: in implicit move constructor for 'testing::PolymorphicMatcher<testing::internal::EndsWithMatcher<std::string>>' first required here
 3856 |   return MakePolymorphicMatcher(internal::EndsWithMatcher<std::string>(suffix));
      |          ^
/Users/dhruvpatel29/humble-ros2/install/gmock_vendor/src/gmock_vendor/include/gmock/gmock-matchers.h:721:3: warning: definition of implicit copy constructor for 'StrEqualityMatcher<std::wstring>' is deprecated because it has a user-declared copy assignment operator [-Wdeprecated-copy]
  721 |   GTEST_DISALLOW_ASSIGN_(StrEqualityMatcher);
      |   ^
/Users/dhruvpatel29/humble-ros2/install/gtest_vendor/src/gtest_vendor/include/gtest/internal/gtest-port.h:682:8: note: expanded from macro 'GTEST_DISALLOW_ASSIGN_'
  682 |   void operator=(type const &) = delete
      |        ^
/Users/dhruvpatel29/humble-ros2/install/gtest_vendor/src/gtest_vendor/include/gtest/gtest-matchers.h:454:7: note: in implicit copy constructor for 'testing::internal::StrEqualityMatcher<std::wstring>' first required here
  454 | class PolymorphicMatcher {
      |       ^
/Users/dhruvpatel29/humble-ros2/install/gmock_vendor/src/gmock_vendor/include/gmock/gmock-matchers.h:3865:10: note: in implicit move constructor for 'testing::PolymorphicMatcher<testing::internal::StrEqualityMatcher<std::wstring>>' first required here
 3865 |   return MakePolymorphicMatcher(
      |          ^
/Users/dhruvpatel29/humble-ros2/install/gmock_vendor/src/gmock_vendor/include/gmock/gmock-matchers.h:778:3: warning: definition of implicit copy constructor for 'HasSubstrMatcher<std::wstring>' is deprecated because it has a user-declared copy assignment operator [-Wdeprecated-copy]
  778 |   GTEST_DISALLOW_ASSIGN_(HasSubstrMatcher);
      |   ^
/Users/dhruvpatel29/humble-ros2/install/gtest_vendor/src/gtest_vendor/include/gtest/internal/gtest-port.h:682:8: note: expanded from macro 'GTEST_DISALLOW_ASSIGN_'
  682 |   void operator=(type const &) = delete
      |        ^
/Users/dhruvpatel29/humble-ros2/install/gtest_vendor/src/gtest_vendor/include/gtest/gtest-matchers.h:454:7: note: in implicit copy constructor for 'testing::internal::HasSubstrMatcher<std::wstring>' first required here
  454 | class PolymorphicMatcher {
      |       ^
/Users/dhruvpatel29/humble-ros2/install/gmock_vendor/src/gmock_vendor/include/gmock/gmock-matchers.h:3894:10: note: in implicit move constructor for 'testing::PolymorphicMatcher<testing::internal::HasSubstrMatcher<std::wstring>>' first required here
 3894 |   return MakePolymorphicMatcher(
      |          ^
/Users/dhruvpatel29/humble-ros2/install/gmock_vendor/src/gmock_vendor/include/gmock/gmock-matchers.h:835:3: warning: definition of implicit copy constructor for 'StartsWithMatcher<std::wstring>' is deprecated because it has a user-declared copy assignment operator [-Wdeprecated-copy]
  835 |   GTEST_DISALLOW_ASSIGN_(StartsWithMatcher);
      |   ^
/Users/dhruvpatel29/humble-ros2/install/gtest_vendor/src/gtest_vendor/include/gtest/internal/gtest-port.h:682:8: note: expanded from macro 'GTEST_DISALLOW_ASSIGN_'
  682 |   void operator=(type const &) = delete
      |        ^
/Users/dhruvpatel29/humble-ros2/install/gtest_vendor/src/gtest_vendor/include/gtest/gtest-matchers.h:454:7: note: in implicit copy constructor for 'testing::internal::StartsWithMatcher<std::wstring>' first required here
  454 | class PolymorphicMatcher {
      |       ^
/Users/dhruvpatel29/humble-ros2/install/gmock_vendor/src/gmock_vendor/include/gmock/gmock-matchers.h:3901:10: note: in implicit move constructor for 'testing::PolymorphicMatcher<testing::internal::StartsWithMatcher<std::wstring>>' first required here
 3901 |   return MakePolymorphicMatcher(
      |          ^
/Users/dhruvpatel29/humble-ros2/install/gmock_vendor/src/gmock_vendor/include/gmock/gmock-matchers.h:891:3: warning: definition of implicit copy constructor for 'EndsWithMatcher<std::wstring>' is deprecated because it has a user-declared copy assignment operator [-Wdeprecated-copy]
  891 |   GTEST_DISALLOW_ASSIGN_(EndsWithMatcher);
      |   ^
/Users/dhruvpatel29/humble-ros2/install/gtest_vendor/src/gtest_vendor/include/gtest/internal/gtest-port.h:682:8: note: expanded from macro 'GTEST_DISALLOW_ASSIGN_'
  682 |   void operator=(type const &) = delete
      |        ^
/Users/dhruvpatel29/humble-ros2/install/gtest_vendor/src/gtest_vendor/include/gtest/gtest-matchers.h:454:7: note: in implicit copy constructor for 'testing::internal::EndsWithMatcher<std::wstring>' first required here
  454 | class PolymorphicMatcher {
      |       ^
/Users/dhruvpatel29/humble-ros2/install/gmock_vendor/src/gmock_vendor/include/gmock/gmock-matchers.h:3908:10: note: in implicit move constructor for 'testing::PolymorphicMatcher<testing::internal::EndsWithMatcher<std::wstring>>' first required here
 3908 |   return MakePolymorphicMatcher(
      |          ^
12 warnings generated.
[ 41%] Linking CXX static library libgmock_main.a
[ 41%] Built target gmock_main
[ 43%] Running `/Users/dhruvpatel29/backup_ros/humble-ros2/install/generate_parameter_library_py/bin/generate_parameter_library_cpp /Users/dhruvpatel29/humble-ros2/src/ros2_control/build/control_toolbox/include/control_toolbox/exponential_filter_parameters.hpp /Users/dhruvpatel29/humble-ros2/src/ros2_control/control_toolbox/src/control_filters/exponential_filter_parameters.yaml custom_validators.hpp`
[ 45%] Creating deprecated header file /Users/dhruvpatel29/humble-ros2/src/ros2_control/build/control_toolbox/include/exponential_filter_parameters.hpp
[ 45%] Built target exponential_filter_parameters
[ 47%] Building CXX object CMakeFiles/rate_limiter_tests.dir/test/rate_limiter.cpp.o
[ 50%] Linking CXX executable rate_limiter_tests
[ 50%] Built target rate_limiter_tests
[ 52%] Building CXX object CMakeFiles/exponential_filter.dir/src/control_filters/exponential_filter.cpp.o
[ 54%] Linking CXX shared library libexponential_filter.dylib
[ 54%] Built target exponential_filter
[ 56%] Building CXX object CMakeFiles/pid_tests.dir/test/pid_tests.cpp.o
[ 58%] Linking CXX executable pid_tests
[ 58%] Built target pid_tests
[ 60%] Building CXX object CMakeFiles/test_load_exponential_filter.dir/test/control_filters/test_load_exponential_filter.cpp.o
[ 62%] Linking CXX executable test_load_exponential_filter
[ 62%] Built target test_load_exponential_filter
[ 64%] Building CXX object CMakeFiles/test_exponential_filter.dir/test/control_filters/test_exponential_filter.cpp.o
/Users/dhruvpatel29/humble-ros2/src/ros2_control/control_toolbox/test/control_filters/test_exponential_filter.cpp:27:34: warning: variable 'in' is uninitialized when passed as a const reference argument here [-Wuninitialized-const-reference]
   27 |     ASSERT_THROW(filter_->update(in, out), std::runtime_error);
      |                                  ^~
/Users/dhruvpatel29/humble-ros2/install/gtest_vendor/src/gtest_vendor/include/gtest/gtest.h:1959:21: note: expanded from macro 'ASSERT_THROW'
 1959 |   GTEST_TEST_THROW_(statement, expected_exception, GTEST_FATAL_FAILURE_)
      |                     ^~~~~~~~~
/Users/dhruvpatel29/humble-ros2/install/gtest_vendor/src/gtest_vendor/include/gtest/internal/gtest-internal.h:1265:54: note: expanded from macro 'GTEST_TEST_THROW_'
 1265 |       GTEST_SUPPRESS_UNREACHABLE_CODE_WARNING_BELOW_(statement); \
      |                                                      ^~~~~~~~~
/Users/dhruvpatel29/humble-ros2/install/gtest_vendor/src/gtest_vendor/include/gtest/internal/gtest-internal.h:1258:44: note: expanded from macro 'GTEST_SUPPRESS_UNREACHABLE_CODE_WARNING_BELOW_'
 1258 |   if (::testing::internal::AlwaysTrue()) { statement; }
      |                                            ^~~~~~~~~
In file included from /Users/dhruvpatel29/humble-ros2/src/ros2_control/control_toolbox/test/control_filters/test_exponential_filter.cpp:15:
In file included from /Users/dhruvpatel29/humble-ros2/src/ros2_control/control_toolbox/test/control_filters/test_filter_util.hpp:19:
In file included from /Users/dhruvpatel29/humble-ros2/install/gmock_vendor/src/gmock_vendor/include/gmock/gmock.h:61:
In file included from /Users/dhruvpatel29/humble-ros2/install/gmock_vendor/src/gmock_vendor/include/gmock/gmock-function-mocker.h:39:
In file included from /Users/dhruvpatel29/humble-ros2/install/gmock_vendor/src/gmock_vendor/include/gmock/gmock-generated-function-mockers.h:47:
In file included from /Users/dhruvpatel29/humble-ros2/install/gmock_vendor/src/gmock_vendor/include/gmock/gmock-spec-builders.h:75:
/Users/dhruvpatel29/humble-ros2/install/gmock_vendor/src/gmock_vendor/include/gmock/gmock-matchers.h:721:3: warning: definition of implicit copy constructor for 'StrEqualityMatcher<std::string>' is deprecated because it has a user-declared copy assignment operator [-Wdeprecated-copy]
  721 |   GTEST_DISALLOW_ASSIGN_(StrEqualityMatcher);
      |   ^
/Users/dhruvpatel29/humble-ros2/install/gtest_vendor/src/gtest_vendor/include/gtest/internal/gtest-port.h:682:8: note: expanded from macro 'GTEST_DISALLOW_ASSIGN_'
  682 |   void operator=(type const &) = delete
      |        ^
/Users/dhruvpatel29/humble-ros2/install/gtest_vendor/src/gtest_vendor/include/gtest/gtest-matchers.h:456:54: note: in implicit copy constructor for 'testing::internal::StrEqualityMatcher<std::string>' first required here
  456 |   explicit PolymorphicMatcher(const Impl& an_impl) : impl_(an_impl) {}
      |                                                      ^
/Users/dhruvpatel29/humble-ros2/install/gtest_vendor/src/gtest_vendor/include/gtest/gtest-matchers.h:514:10: note: in instantiation of member function 'testing::PolymorphicMatcher<testing::internal::StrEqualityMatcher<std::string>>::PolymorphicMatcher' requested here
  514 |   return PolymorphicMatcher<Impl>(impl);
      |          ^
/Users/dhruvpatel29/humble-ros2/install/gmock_vendor/src/gmock_vendor/include/gmock/gmock-matchers.h:3813:10: note: in instantiation of function template specialization 'testing::MakePolymorphicMatcher<testing::internal::StrEqualityMatcher<std::string>>' requested here
 3813 |   return MakePolymorphicMatcher(
      |          ^
/Users/dhruvpatel29/humble-ros2/install/gmock_vendor/src/gmock_vendor/include/gmock/gmock-matchers.h:778:3: warning: definition of implicit copy constructor for 'HasSubstrMatcher<std::string>' is deprecated because it has a user-declared copy assignment operator [-Wdeprecated-copy]
  778 |   GTEST_DISALLOW_ASSIGN_(HasSubstrMatcher);
      |   ^
/Users/dhruvpatel29/humble-ros2/install/gtest_vendor/src/gtest_vendor/include/gtest/internal/gtest-port.h:682:8: note: expanded from macro 'GTEST_DISALLOW_ASSIGN_'
  682 |   void operator=(type const &) = delete
      |        ^
/Users/dhruvpatel29/humble-ros2/install/gtest_vendor/src/gtest_vendor/include/gtest/gtest-matchers.h:456:54: note: in implicit copy constructor for 'testing::internal::HasSubstrMatcher<std::string>' first required here
  456 |   explicit PolymorphicMatcher(const Impl& an_impl) : impl_(an_impl) {}
      |                                                      ^
/Users/dhruvpatel29/humble-ros2/install/gtest_vendor/src/gtest_vendor/include/gtest/gtest-matchers.h:514:10: note: in instantiation of member function 'testing::PolymorphicMatcher<testing::internal::HasSubstrMatcher<std::string>>::PolymorphicMatcher' requested here
  514 |   return PolymorphicMatcher<Impl>(impl);
      |          ^
/Users/dhruvpatel29/humble-ros2/install/gmock_vendor/src/gmock_vendor/include/gmock/gmock-matchers.h:3842:10: note: in instantiation of function template specialization 'testing::MakePolymorphicMatcher<testing::internal::HasSubstrMatcher<std::string>>' requested here
 3842 |   return MakePolymorphicMatcher(
      |          ^
/Users/dhruvpatel29/humble-ros2/install/gmock_vendor/src/gmock_vendor/include/gmock/gmock-matchers.h:835:3: warning: definition of implicit copy constructor for 'StartsWithMatcher<std::string>' is deprecated because it has a user-declared copy assignment operator [-Wdeprecated-copy]
  835 |   GTEST_DISALLOW_ASSIGN_(StartsWithMatcher);
      |   ^
/Users/dhruvpatel29/humble-ros2/install/gtest_vendor/src/gtest_vendor/include/gtest/internal/gtest-port.h:682:8: note: expanded from macro 'GTEST_DISALLOW_ASSIGN_'
  682 |   void operator=(type const &) = delete
      |        ^
/Users/dhruvpatel29/humble-ros2/install/gtest_vendor/src/gtest_vendor/include/gtest/gtest-matchers.h:456:54: note: in implicit copy constructor for 'testing::internal::StartsWithMatcher<std::string>' first required here
  456 |   explicit PolymorphicMatcher(const Impl& an_impl) : impl_(an_impl) {}
      |                                                      ^
/Users/dhruvpatel29/humble-ros2/install/gtest_vendor/src/gtest_vendor/include/gtest/gtest-matchers.h:514:10: note: in instantiation of member function 'testing::PolymorphicMatcher<testing::internal::StartsWithMatcher<std::string>>::PolymorphicMatcher' requested here
  514 |   return PolymorphicMatcher<Impl>(impl);
      |          ^
/Users/dhruvpatel29/humble-ros2/install/gmock_vendor/src/gmock_vendor/include/gmock/gmock-matchers.h:3849:10: note: in instantiation of function template specialization 'testing::MakePolymorphicMatcher<testing::internal::StartsWithMatcher<std::string>>' requested here
 3849 |   return MakePolymorphicMatcher(
      |          ^
/Users/dhruvpatel29/humble-ros2/install/gmock_vendor/src/gmock_vendor/include/gmock/gmock-matchers.h:891:3: warning: definition of implicit copy constructor for 'EndsWithMatcher<std::string>' is deprecated because it has a user-declared copy assignment operator [-Wdeprecated-copy]
  891 |   GTEST_DISALLOW_ASSIGN_(EndsWithMatcher);
      |   ^
/Users/dhruvpatel29/humble-ros2/install/gtest_vendor/src/gtest_vendor/include/gtest/internal/gtest-port.h:682:8: note: expanded from macro 'GTEST_DISALLOW_ASSIGN_'
  682 |   void operator=(type const &) = delete
      |        ^
/Users/dhruvpatel29/humble-ros2/install/gtest_vendor/src/gtest_vendor/include/gtest/gtest-matchers.h:456:54: note: in implicit copy constructor for 'testing::internal::EndsWithMatcher<std::string>' first required here
  456 |   explicit PolymorphicMatcher(const Impl& an_impl) : impl_(an_impl) {}
      |                                                      ^
/Users/dhruvpatel29/humble-ros2/install/gtest_vendor/src/gtest_vendor/include/gtest/gtest-matchers.h:514:10: note: in instantiation of member function 'testing::PolymorphicMatcher<testing::internal::EndsWithMatcher<std::string>>::PolymorphicMatcher' requested here
  514 |   return PolymorphicMatcher<Impl>(impl);
      |          ^
/Users/dhruvpatel29/humble-ros2/install/gmock_vendor/src/gmock_vendor/include/gmock/gmock-matchers.h:3856:10: note: in instantiation of function template specialization 'testing::MakePolymorphicMatcher<testing::internal::EndsWithMatcher<std::string>>' requested here
 3856 |   return MakePolymorphicMatcher(internal::EndsWithMatcher<std::string>(suffix));
      |          ^
/Users/dhruvpatel29/humble-ros2/install/gmock_vendor/src/gmock_vendor/include/gmock/gmock-matchers.h:721:3: warning: definition of implicit copy constructor for 'StrEqualityMatcher<std::wstring>' is deprecated because it has a user-declared copy assignment operator [-Wdeprecated-copy]
  721 |   GTEST_DISALLOW_ASSIGN_(StrEqualityMatcher);
      |   ^
/Users/dhruvpatel29/humble-ros2/install/gtest_vendor/src/gtest_vendor/include/gtest/internal/gtest-port.h:682:8: note: expanded from macro 'GTEST_DISALLOW_ASSIGN_'
  682 |   void operator=(type const &) = delete
      |        ^
/Users/dhruvpatel29/humble-ros2/install/gtest_vendor/src/gtest_vendor/include/gtest/gtest-matchers.h:456:54: note: in implicit copy constructor for 'testing::internal::StrEqualityMatcher<std::wstring>' first required here
  456 |   explicit PolymorphicMatcher(const Impl& an_impl) : impl_(an_impl) {}
      |                                                      ^
/Users/dhruvpatel29/humble-ros2/install/gtest_vendor/src/gtest_vendor/include/gtest/gtest-matchers.h:514:10: note: in instantiation of member function 'testing::PolymorphicMatcher<testing::internal::StrEqualityMatcher<std::wstring>>::PolymorphicMatcher' requested here
  514 |   return PolymorphicMatcher<Impl>(impl);
      |          ^
/Users/dhruvpatel29/humble-ros2/install/gmock_vendor/src/gmock_vendor/include/gmock/gmock-matchers.h:3865:10: note: in instantiation of function template specialization 'testing::MakePolymorphicMatcher<testing::internal::StrEqualityMatcher<std::wstring>>' requested here
 3865 |   return MakePolymorphicMatcher(
      |          ^
/Users/dhruvpatel29/humble-ros2/install/gmock_vendor/src/gmock_vendor/include/gmock/gmock-matchers.h:778:3: warning: definition of implicit copy constructor for 'HasSubstrMatcher<std::wstring>' is deprecated because it has a user-declared copy assignment operator [-Wdeprecated-copy]
  778 |   GTEST_DISALLOW_ASSIGN_(HasSubstrMatcher);
      |   ^
/Users/dhruvpatel29/humble-ros2/install/gtest_vendor/src/gtest_vendor/include/gtest/internal/gtest-port.h:682:8: note: expanded from macro 'GTEST_DISALLOW_ASSIGN_'
  682 |   void operator=(type const &) = delete
      |        ^
/Users/dhruvpatel29/humble-ros2/install/gtest_vendor/src/gtest_vendor/include/gtest/gtest-matchers.h:456:54: note: in implicit copy constructor for 'testing::internal::HasSubstrMatcher<std::wstring>' first required here
  456 |   explicit PolymorphicMatcher(const Impl& an_impl) : impl_(an_impl) {}
      |                                                      ^
/Users/dhruvpatel29/humble-ros2/install/gtest_vendor/src/gtest_vendor/include/gtest/gtest-matchers.h:514:10: note: in instantiation of member function 'testing::PolymorphicMatcher<testing::internal::HasSubstrMatcher<std::wstring>>::PolymorphicMatcher' requested here
  514 |   return PolymorphicMatcher<Impl>(impl);
      |          ^
/Users/dhruvpatel29/humble-ros2/install/gmock_vendor/src/gmock_vendor/include/gmock/gmock-matchers.h:3894:10: note: in instantiation of function template specialization 'testing::MakePolymorphicMatcher<testing::internal::HasSubstrMatcher<std::wstring>>' requested here
 3894 |   return MakePolymorphicMatcher(
      |          ^
/Users/dhruvpatel29/humble-ros2/install/gmock_vendor/src/gmock_vendor/include/gmock/gmock-matchers.h:835:3: warning: definition of implicit copy constructor for 'StartsWithMatcher<std::wstring>' is deprecated because it has a user-declared copy assignment operator [-Wdeprecated-copy]
  835 |   GTEST_DISALLOW_ASSIGN_(StartsWithMatcher);
      |   ^
/Users/dhruvpatel29/humble-ros2/install/gtest_vendor/src/gtest_vendor/include/gtest/internal/gtest-port.h:682:8: note: expanded from macro 'GTEST_DISALLOW_ASSIGN_'
  682 |   void operator=(type const &) = delete
      |        ^
/Users/dhruvpatel29/humble-ros2/install/gtest_vendor/src/gtest_vendor/include/gtest/gtest-matchers.h:456:54: note: in implicit copy constructor for 'testing::internal::StartsWithMatcher<std::wstring>' first required here
  456 |   explicit PolymorphicMatcher(const Impl& an_impl) : impl_(an_impl) {}
      |                                                      ^
/Users/dhruvpatel29/humble-ros2/install/gtest_vendor/src/gtest_vendor/include/gtest/gtest-matchers.h:514:10: note: in instantiation of member function 'testing::PolymorphicMatcher<testing::internal::StartsWithMatcher<std::wstring>>::PolymorphicMatcher' requested here
  514 |   return PolymorphicMatcher<Impl>(impl);
      |          ^
/Users/dhruvpatel29/humble-ros2/install/gmock_vendor/src/gmock_vendor/include/gmock/gmock-matchers.h:3901:10: note: in instantiation of function template specialization 'testing::MakePolymorphicMatcher<testing::internal::StartsWithMatcher<std::wstring>>' requested here
 3901 |   return MakePolymorphicMatcher(
      |          ^
/Users/dhruvpatel29/humble-ros2/install/gmock_vendor/src/gmock_vendor/include/gmock/gmock-matchers.h:891:3: warning: definition of implicit copy constructor for 'EndsWithMatcher<std::wstring>' is deprecated because it has a user-declared copy assignment operator [-Wdeprecated-copy]
  891 |   GTEST_DISALLOW_ASSIGN_(EndsWithMatcher);
      |   ^
/Users/dhruvpatel29/humble-ros2/install/gtest_vendor/src/gtest_vendor/include/gtest/internal/gtest-port.h:682:8: note: expanded from macro 'GTEST_DISALLOW_ASSIGN_'
  682 |   void operator=(type const &) = delete
      |        ^
/Users/dhruvpatel29/humble-ros2/install/gtest_vendor/src/gtest_vendor/include/gtest/gtest-matchers.h:456:54: note: in implicit copy constructor for 'testing::internal::EndsWithMatcher<std::wstring>' first required here
  456 |   explicit PolymorphicMatcher(const Impl& an_impl) : impl_(an_impl) {}
      |                                                      ^
/Users/dhruvpatel29/humble-ros2/install/gtest_vendor/src/gtest_vendor/include/gtest/gtest-matchers.h:514:10: note: in instantiation of member function 'testing::PolymorphicMatcher<testing::internal::EndsWithMatcher<std::wstring>>::PolymorphicMatcher' requested here
  514 |   return PolymorphicMatcher<Impl>(impl);
      |          ^
/Users/dhruvpatel29/humble-ros2/install/gmock_vendor/src/gmock_vendor/include/gmock/gmock-matchers.h:3908:10: note: in instantiation of function template specialization 'testing::MakePolymorphicMatcher<testing::internal::EndsWithMatcher<std::wstring>>' requested here
 3908 |   return MakePolymorphicMatcher(
      |          ^
9 warnings generated.
[ 66%] Linking CXX executable test_exponential_filter
[ 66%] Built target test_exponential_filter
[ 68%] Running `/Users/dhruvpatel29/backup_ros/humble-ros2/install/generate_parameter_library_py/bin/generate_parameter_library_cpp /Users/dhruvpatel29/humble-ros2/src/ros2_control/build/control_toolbox/include/control_toolbox/rate_limiter_parameters.hpp /Users/dhruvpatel29/humble-ros2/src/ros2_control/control_toolbox/src/control_filters/rate_limiter_parameters.yaml custom_validators.hpp`
[ 70%] Creating deprecated header file /Users/dhruvpatel29/humble-ros2/src/ros2_control/build/control_toolbox/include/rate_limiter_parameters.hpp
[ 70%] Built target rate_limiter_parameters
[ 72%] Running `/Users/dhruvpatel29/backup_ros/humble-ros2/install/generate_parameter_library_py/bin/generate_parameter_library_cpp /Users/dhruvpatel29/humble-ros2/src/ros2_control/build/control_toolbox/include/control_toolbox/low_pass_filter_parameters.hpp /Users/dhruvpatel29/humble-ros2/src/ros2_control/control_toolbox/src/control_filters/low_pass_filter_parameters.yaml `
[ 75%] Creating deprecated header file /Users/dhruvpatel29/humble-ros2/src/ros2_control/build/control_toolbox/include/low_pass_filter_parameters.hpp
[ 75%] Built target low_pass_filter_parameters
[ 77%] Building CXX object CMakeFiles/rate_limiter.dir/src/control_filters/rate_limiter.cpp.o
[ 79%] Linking CXX shared library librate_limiter.dylib
[ 79%] Built target rate_limiter
[ 81%] Building CXX object CMakeFiles/low_pass_filter.dir/src/control_filters/low_pass_filter.cpp.o
[ 83%] Linking CXX shared library liblow_pass_filter.dylib
[ 83%] Built target low_pass_filter
[ 85%] Building CXX object CMakeFiles/test_load_rate_limiter.dir/test/control_filters/test_load_rate_limiter.cpp.o
[ 87%] Linking CXX executable test_load_rate_limiter
[ 87%] Built target test_load_rate_limiter
[ 89%] Building CXX object CMakeFiles/test_load_low_pass_filter.dir/test/control_filters/test_load_low_pass_filter.cpp.o
[ 91%] Linking CXX executable test_load_low_pass_filter
[ 91%] Built target test_load_low_pass_filter
[ 93%] Building CXX object CMakeFiles/test_low_pass_filter.dir/test/control_filters/test_low_pass_filter.cpp.o
/Users/dhruvpatel29/humble-ros2/src/ros2_control/control_toolbox/test/control_filters/test_low_pass_filter.cpp:73:34: warning: variable 'in' is uninitialized when passed as a const reference argument here [-Wuninitialized-const-reference]
   73 |     ASSERT_THROW(filter_->update(in, out), std::runtime_error);
      |                                  ^~
/Users/dhruvpatel29/humble-ros2/install/gtest_vendor/src/gtest_vendor/include/gtest/gtest.h:1959:21: note: expanded from macro 'ASSERT_THROW'
 1959 |   GTEST_TEST_THROW_(statement, expected_exception, GTEST_FATAL_FAILURE_)
      |                     ^~~~~~~~~
/Users/dhruvpatel29/humble-ros2/install/gtest_vendor/src/gtest_vendor/include/gtest/internal/gtest-internal.h:1265:54: note: expanded from macro 'GTEST_TEST_THROW_'
 1265 |       GTEST_SUPPRESS_UNREACHABLE_CODE_WARNING_BELOW_(statement); \
      |                                                      ^~~~~~~~~
/Users/dhruvpatel29/humble-ros2/install/gtest_vendor/src/gtest_vendor/include/gtest/internal/gtest-internal.h:1258:44: note: expanded from macro 'GTEST_SUPPRESS_UNREACHABLE_CODE_WARNING_BELOW_'
 1258 |   if (::testing::internal::AlwaysTrue()) { statement; }
      |                                            ^~~~~~~~~
In file included from /Users/dhruvpatel29/humble-ros2/src/ros2_control/control_toolbox/test/control_filters/test_low_pass_filter.cpp:15:
In file included from /Users/dhruvpatel29/humble-ros2/src/ros2_control/control_toolbox/test/control_filters/test_filter_util.hpp:19:
In file included from /Users/dhruvpatel29/humble-ros2/install/gmock_vendor/src/gmock_vendor/include/gmock/gmock.h:61:
In file included from /Users/dhruvpatel29/humble-ros2/install/gmock_vendor/src/gmock_vendor/include/gmock/gmock-function-mocker.h:39:
In file included from /Users/dhruvpatel29/humble-ros2/install/gmock_vendor/src/gmock_vendor/include/gmock/gmock-generated-function-mockers.h:47:
In file included from /Users/dhruvpatel29/humble-ros2/install/gmock_vendor/src/gmock_vendor/include/gmock/gmock-spec-builders.h:75:
/Users/dhruvpatel29/humble-ros2/install/gmock_vendor/src/gmock_vendor/include/gmock/gmock-matchers.h:721:3: warning: definition of implicit copy constructor for 'StrEqualityMatcher<std::string>' is deprecated because it has a user-declared copy assignment operator [-Wdeprecated-copy]
  721 |   GTEST_DISALLOW_ASSIGN_(StrEqualityMatcher);
      |   ^
/Users/dhruvpatel29/humble-ros2/install/gtest_vendor/src/gtest_vendor/include/gtest/internal/gtest-port.h:682:8: note: expanded from macro 'GTEST_DISALLOW_ASSIGN_'
  682 |   void operator=(type const &) = delete
      |        ^
/Users/dhruvpatel29/humble-ros2/install/gtest_vendor/src/gtest_vendor/include/gtest/gtest-matchers.h:456:54: note: in implicit copy constructor for 'testing::internal::StrEqualityMatcher<std::string>' first required here
  456 |   explicit PolymorphicMatcher(const Impl& an_impl) : impl_(an_impl) {}
      |                                                      ^
/Users/dhruvpatel29/humble-ros2/install/gtest_vendor/src/gtest_vendor/include/gtest/gtest-matchers.h:514:10: note: in instantiation of member function 'testing::PolymorphicMatcher<testing::internal::StrEqualityMatcher<std::string>>::PolymorphicMatcher' requested here
  514 |   return PolymorphicMatcher<Impl>(impl);
      |          ^
/Users/dhruvpatel29/humble-ros2/install/gmock_vendor/src/gmock_vendor/include/gmock/gmock-matchers.h:3813:10: note: in instantiation of function template specialization 'testing::MakePolymorphicMatcher<testing::internal::StrEqualityMatcher<std::string>>' requested here
 3813 |   return MakePolymorphicMatcher(
      |          ^
/Users/dhruvpatel29/humble-ros2/install/gmock_vendor/src/gmock_vendor/include/gmock/gmock-matchers.h:778:3: warning: definition of implicit copy constructor for 'HasSubstrMatcher<std::string>' is deprecated because it has a user-declared copy assignment operator [-Wdeprecated-copy]
  778 |   GTEST_DISALLOW_ASSIGN_(HasSubstrMatcher);
      |   ^
/Users/dhruvpatel29/humble-ros2/install/gtest_vendor/src/gtest_vendor/include/gtest/internal/gtest-port.h:682:8: note: expanded from macro 'GTEST_DISALLOW_ASSIGN_'
  682 |   void operator=(type const &) = delete
      |        ^
/Users/dhruvpatel29/humble-ros2/install/gtest_vendor/src/gtest_vendor/include/gtest/gtest-matchers.h:456:54: note: in implicit copy constructor for 'testing::internal::HasSubstrMatcher<std::string>' first required here
  456 |   explicit PolymorphicMatcher(const Impl& an_impl) : impl_(an_impl) {}
      |                                                      ^
/Users/dhruvpatel29/humble-ros2/install/gtest_vendor/src/gtest_vendor/include/gtest/gtest-matchers.h:514:10: note: in instantiation of member function 'testing::PolymorphicMatcher<testing::internal::HasSubstrMatcher<std::string>>::PolymorphicMatcher' requested here
  514 |   return PolymorphicMatcher<Impl>(impl);
      |          ^
/Users/dhruvpatel29/humble-ros2/install/gmock_vendor/src/gmock_vendor/include/gmock/gmock-matchers.h:3842:10: note: in instantiation of function template specialization 'testing::MakePolymorphicMatcher<testing::internal::HasSubstrMatcher<std::string>>' requested here
 3842 |   return MakePolymorphicMatcher(
      |          ^
/Users/dhruvpatel29/humble-ros2/install/gmock_vendor/src/gmock_vendor/include/gmock/gmock-matchers.h:835:3: warning: definition of implicit copy constructor for 'StartsWithMatcher<std::string>' is deprecated because it has a user-declared copy assignment operator [-Wdeprecated-copy]
  835 |   GTEST_DISALLOW_ASSIGN_(StartsWithMatcher);
      |   ^
/Users/dhruvpatel29/humble-ros2/install/gtest_vendor/src/gtest_vendor/include/gtest/internal/gtest-port.h:682:8: note: expanded from macro 'GTEST_DISALLOW_ASSIGN_'
  682 |   void operator=(type const &) = delete
      |        ^
/Users/dhruvpatel29/humble-ros2/install/gtest_vendor/src/gtest_vendor/include/gtest/gtest-matchers.h:456:54: note: in implicit copy constructor for 'testing::internal::StartsWithMatcher<std::string>' first required here
  456 |   explicit PolymorphicMatcher(const Impl& an_impl) : impl_(an_impl) {}
      |                                                      ^
/Users/dhruvpatel29/humble-ros2/install/gtest_vendor/src/gtest_vendor/include/gtest/gtest-matchers.h:514:10: note: in instantiation of member function 'testing::PolymorphicMatcher<testing::internal::StartsWithMatcher<std::string>>::PolymorphicMatcher' requested here
  514 |   return PolymorphicMatcher<Impl>(impl);
      |          ^
/Users/dhruvpatel29/humble-ros2/install/gmock_vendor/src/gmock_vendor/include/gmock/gmock-matchers.h:3849:10: note: in instantiation of function template specialization 'testing::MakePolymorphicMatcher<testing::internal::StartsWithMatcher<std::string>>' requested here
 3849 |   return MakePolymorphicMatcher(
      |          ^
/Users/dhruvpatel29/humble-ros2/install/gmock_vendor/src/gmock_vendor/include/gmock/gmock-matchers.h:891:3: warning: definition of implicit copy constructor for 'EndsWithMatcher<std::string>' is deprecated because it has a user-declared copy assignment operator [-Wdeprecated-copy]
  891 |   GTEST_DISALLOW_ASSIGN_(EndsWithMatcher);
      |   ^
/Users/dhruvpatel29/humble-ros2/install/gtest_vendor/src/gtest_vendor/include/gtest/internal/gtest-port.h:682:8: note: expanded from macro 'GTEST_DISALLOW_ASSIGN_'
  682 |   void operator=(type const &) = delete
      |        ^
/Users/dhruvpatel29/humble-ros2/install/gtest_vendor/src/gtest_vendor/include/gtest/gtest-matchers.h:456:54: note: in implicit copy constructor for 'testing::internal::EndsWithMatcher<std::string>' first required here
  456 |   explicit PolymorphicMatcher(const Impl& an_impl) : impl_(an_impl) {}
      |                                                      ^
/Users/dhruvpatel29/humble-ros2/install/gtest_vendor/src/gtest_vendor/include/gtest/gtest-matchers.h:514:10: note: in instantiation of member function 'testing::PolymorphicMatcher<testing::internal::EndsWithMatcher<std::string>>::PolymorphicMatcher' requested here
  514 |   return PolymorphicMatcher<Impl>(impl);
      |          ^
/Users/dhruvpatel29/humble-ros2/install/gmock_vendor/src/gmock_vendor/include/gmock/gmock-matchers.h:3856:10: note: in instantiation of function template specialization 'testing::MakePolymorphicMatcher<testing::internal::EndsWithMatcher<std::string>>' requested here
 3856 |   return MakePolymorphicMatcher(internal::EndsWithMatcher<std::string>(suffix));
      |          ^
/Users/dhruvpatel29/humble-ros2/install/gmock_vendor/src/gmock_vendor/include/gmock/gmock-matchers.h:721:3: warning: definition of implicit copy constructor for 'StrEqualityMatcher<std::wstring>' is deprecated because it has a user-declared copy assignment operator [-Wdeprecated-copy]
  721 |   GTEST_DISALLOW_ASSIGN_(StrEqualityMatcher);
      |   ^
/Users/dhruvpatel29/humble-ros2/install/gtest_vendor/src/gtest_vendor/include/gtest/internal/gtest-port.h:682:8: note: expanded from macro 'GTEST_DISALLOW_ASSIGN_'
  682 |   void operator=(type const &) = delete
      |        ^
/Users/dhruvpatel29/humble-ros2/install/gtest_vendor/src/gtest_vendor/include/gtest/gtest-matchers.h:456:54: note: in implicit copy constructor for 'testing::internal::StrEqualityMatcher<std::wstring>' first required here
  456 |   explicit PolymorphicMatcher(const Impl& an_impl) : impl_(an_impl) {}
      |                                                      ^
/Users/dhruvpatel29/humble-ros2/install/gtest_vendor/src/gtest_vendor/include/gtest/gtest-matchers.h:514:10: note: in instantiation of member function 'testing::PolymorphicMatcher<testing::internal::StrEqualityMatcher<std::wstring>>::PolymorphicMatcher' requested here
  514 |   return PolymorphicMatcher<Impl>(impl);
      |          ^
/Users/dhruvpatel29/humble-ros2/install/gmock_vendor/src/gmock_vendor/include/gmock/gmock-matchers.h:3865:10: note: in instantiation of function template specialization 'testing::MakePolymorphicMatcher<testing::internal::StrEqualityMatcher<std::wstring>>' requested here
 3865 |   return MakePolymorphicMatcher(
      |          ^
/Users/dhruvpatel29/humble-ros2/install/gmock_vendor/src/gmock_vendor/include/gmock/gmock-matchers.h:778:3: warning: definition of implicit copy constructor for 'HasSubstrMatcher<std::wstring>' is deprecated because it has a user-declared copy assignment operator [-Wdeprecated-copy]
  778 |   GTEST_DISALLOW_ASSIGN_(HasSubstrMatcher);
      |   ^
/Users/dhruvpatel29/humble-ros2/install/gtest_vendor/src/gtest_vendor/include/gtest/internal/gtest-port.h:682:8: note: expanded from macro 'GTEST_DISALLOW_ASSIGN_'
  682 |   void operator=(type const &) = delete
      |        ^
/Users/dhruvpatel29/humble-ros2/install/gtest_vendor/src/gtest_vendor/include/gtest/gtest-matchers.h:456:54: note: in implicit copy constructor for 'testing::internal::HasSubstrMatcher<std::wstring>' first required here
  456 |   explicit PolymorphicMatcher(const Impl& an_impl) : impl_(an_impl) {}
      |                                                      ^
/Users/dhruvpatel29/humble-ros2/install/gtest_vendor/src/gtest_vendor/include/gtest/gtest-matchers.h:514:10: note: in instantiation of member function 'testing::PolymorphicMatcher<testing::internal::HasSubstrMatcher<std::wstring>>::PolymorphicMatcher' requested here
  514 |   return PolymorphicMatcher<Impl>(impl);
      |          ^
/Users/dhruvpatel29/humble-ros2/install/gmock_vendor/src/gmock_vendor/include/gmock/gmock-matchers.h:3894:10: note: in instantiation of function template specialization 'testing::MakePolymorphicMatcher<testing::internal::HasSubstrMatcher<std::wstring>>' requested here
 3894 |   return MakePolymorphicMatcher(
      |          ^
/Users/dhruvpatel29/humble-ros2/install/gmock_vendor/src/gmock_vendor/include/gmock/gmock-matchers.h:835:3: warning: definition of implicit copy constructor for 'StartsWithMatcher<std::wstring>' is deprecated because it has a user-declared copy assignment operator [-Wdeprecated-copy]
  835 |   GTEST_DISALLOW_ASSIGN_(StartsWithMatcher);
      |   ^
/Users/dhruvpatel29/humble-ros2/install/gtest_vendor/src/gtest_vendor/include/gtest/internal/gtest-port.h:682:8: note: expanded from macro 'GTEST_DISALLOW_ASSIGN_'
  682 |   void operator=(type const &) = delete
      |        ^
/Users/dhruvpatel29/humble-ros2/install/gtest_vendor/src/gtest_vendor/include/gtest/gtest-matchers.h:456:54: note: in implicit copy constructor for 'testing::internal::StartsWithMatcher<std::wstring>' first required here
  456 |   explicit PolymorphicMatcher(const Impl& an_impl) : impl_(an_impl) {}
      |                                                      ^
/Users/dhruvpatel29/humble-ros2/install/gtest_vendor/src/gtest_vendor/include/gtest/gtest-matchers.h:514:10: note: in instantiation of member function 'testing::PolymorphicMatcher<testing::internal::StartsWithMatcher<std::wstring>>::PolymorphicMatcher' requested here
  514 |   return PolymorphicMatcher<Impl>(impl);
      |          ^
/Users/dhruvpatel29/humble-ros2/install/gmock_vendor/src/gmock_vendor/include/gmock/gmock-matchers.h:3901:10: note: in instantiation of function template specialization 'testing::MakePolymorphicMatcher<testing::internal::StartsWithMatcher<std::wstring>>' requested here
 3901 |   return MakePolymorphicMatcher(
      |          ^
/Users/dhruvpatel29/humble-ros2/install/gmock_vendor/src/gmock_vendor/include/gmock/gmock-matchers.h:891:3: warning: definition of implicit copy constructor for 'EndsWithMatcher<std::wstring>' is deprecated because it has a user-declared copy assignment operator [-Wdeprecated-copy]
  891 |   GTEST_DISALLOW_ASSIGN_(EndsWithMatcher);
      |   ^
/Users/dhruvpatel29/humble-ros2/install/gtest_vendor/src/gtest_vendor/include/gtest/internal/gtest-port.h:682:8: note: expanded from macro 'GTEST_DISALLOW_ASSIGN_'
  682 |   void operator=(type const &) = delete
      |        ^
/Users/dhruvpatel29/humble-ros2/install/gtest_vendor/src/gtest_vendor/include/gtest/gtest-matchers.h:456:54: note: in implicit copy constructor for 'testing::internal::EndsWithMatcher<std::wstring>' first required here
  456 |   explicit PolymorphicMatcher(const Impl& an_impl) : impl_(an_impl) {}
      |                                                      ^
/Users/dhruvpatel29/humble-ros2/install/gtest_vendor/src/gtest_vendor/include/gtest/gtest-matchers.h:514:10: note: in instantiation of member function 'testing::PolymorphicMatcher<testing::internal::EndsWithMatcher<std::wstring>>::PolymorphicMatcher' requested here
  514 |   return PolymorphicMatcher<Impl>(impl);
      |          ^
/Users/dhruvpatel29/humble-ros2/install/gmock_vendor/src/gmock_vendor/include/gmock/gmock-matchers.h:3908:10: note: in instantiation of function template specialization 'testing::MakePolymorphicMatcher<testing::internal::EndsWithMatcher<std::wstring>>' requested here
 3908 |   return MakePolymorphicMatcher(
      |          ^
9 warnings generated.
[ 95%] Linking CXX executable test_low_pass_filter
[ 95%] Built target test_low_pass_filter
[ 97%] Building CXX object CMakeFiles/test_rate_limiter.dir/test/control_filters/test_rate_limiter.cpp.o
/Users/dhruvpatel29/humble-ros2/src/ros2_control/control_toolbox/test/control_filters/test_rate_limiter.cpp:72:34: warning: variable 'in' is uninitialized when passed as a const reference argument here [-Wuninitialized-const-reference]
   72 |     ASSERT_THROW(filter_->update(in, out), std::runtime_error);
      |                                  ^~
/Users/dhruvpatel29/humble-ros2/install/gtest_vendor/src/gtest_vendor/include/gtest/gtest.h:1959:21: note: expanded from macro 'ASSERT_THROW'
 1959 |   GTEST_TEST_THROW_(statement, expected_exception, GTEST_FATAL_FAILURE_)
      |                     ^~~~~~~~~
/Users/dhruvpatel29/humble-ros2/install/gtest_vendor/src/gtest_vendor/include/gtest/internal/gtest-internal.h:1265:54: note: expanded from macro 'GTEST_TEST_THROW_'
 1265 |       GTEST_SUPPRESS_UNREACHABLE_CODE_WARNING_BELOW_(statement); \
      |                                                      ^~~~~~~~~
/Users/dhruvpatel29/humble-ros2/install/gtest_vendor/src/gtest_vendor/include/gtest/internal/gtest-internal.h:1258:44: note: expanded from macro 'GTEST_SUPPRESS_UNREACHABLE_CODE_WARNING_BELOW_'
 1258 |   if (::testing::internal::AlwaysTrue()) { statement; }
      |                                            ^~~~~~~~~
In file included from /Users/dhruvpatel29/humble-ros2/src/ros2_control/control_toolbox/test/control_filters/test_rate_limiter.cpp:15:
In file included from /Users/dhruvpatel29/humble-ros2/src/ros2_control/control_toolbox/test/control_filters/test_filter_util.hpp:19:
In file included from /Users/dhruvpatel29/humble-ros2/install/gmock_vendor/src/gmock_vendor/include/gmock/gmock.h:61:
In file included from /Users/dhruvpatel29/humble-ros2/install/gmock_vendor/src/gmock_vendor/include/gmock/gmock-function-mocker.h:39:
In file included from /Users/dhruvpatel29/humble-ros2/install/gmock_vendor/src/gmock_vendor/include/gmock/gmock-generated-function-mockers.h:47:
In file included from /Users/dhruvpatel29/humble-ros2/install/gmock_vendor/src/gmock_vendor/include/gmock/gmock-spec-builders.h:75:
/Users/dhruvpatel29/humble-ros2/install/gmock_vendor/src/gmock_vendor/include/gmock/gmock-matchers.h:721:3: warning: definition of implicit copy constructor for 'StrEqualityMatcher<std::string>' is deprecated because it has a user-declared copy assignment operator [-Wdeprecated-copy]
  721 |   GTEST_DISALLOW_ASSIGN_(StrEqualityMatcher);
      |   ^
/Users/dhruvpatel29/humble-ros2/install/gtest_vendor/src/gtest_vendor/include/gtest/internal/gtest-port.h:682:8: note: expanded from macro 'GTEST_DISALLOW_ASSIGN_'
  682 |   void operator=(type const &) = delete
      |        ^
/Users/dhruvpatel29/humble-ros2/install/gtest_vendor/src/gtest_vendor/include/gtest/gtest-matchers.h:456:54: note: in implicit copy constructor for 'testing::internal::StrEqualityMatcher<std::string>' first required here
  456 |   explicit PolymorphicMatcher(const Impl& an_impl) : impl_(an_impl) {}
      |                                                      ^
/Users/dhruvpatel29/humble-ros2/install/gtest_vendor/src/gtest_vendor/include/gtest/gtest-matchers.h:514:10: note: in instantiation of member function 'testing::PolymorphicMatcher<testing::internal::StrEqualityMatcher<std::string>>::PolymorphicMatcher' requested here
  514 |   return PolymorphicMatcher<Impl>(impl);
      |          ^
/Users/dhruvpatel29/humble-ros2/install/gmock_vendor/src/gmock_vendor/include/gmock/gmock-matchers.h:3813:10: note: in instantiation of function template specialization 'testing::MakePolymorphicMatcher<testing::internal::StrEqualityMatcher<std::string>>' requested here
 3813 |   return MakePolymorphicMatcher(
      |          ^
/Users/dhruvpatel29/humble-ros2/install/gmock_vendor/src/gmock_vendor/include/gmock/gmock-matchers.h:778:3: warning: definition of implicit copy constructor for 'HasSubstrMatcher<std::string>' is deprecated because it has a user-declared copy assignment operator [-Wdeprecated-copy]
  778 |   GTEST_DISALLOW_ASSIGN_(HasSubstrMatcher);
      |   ^
/Users/dhruvpatel29/humble-ros2/install/gtest_vendor/src/gtest_vendor/include/gtest/internal/gtest-port.h:682:8: note: expanded from macro 'GTEST_DISALLOW_ASSIGN_'
  682 |   void operator=(type const &) = delete
      |        ^
/Users/dhruvpatel29/humble-ros2/install/gtest_vendor/src/gtest_vendor/include/gtest/gtest-matchers.h:456:54: note: in implicit copy constructor for 'testing::internal::HasSubstrMatcher<std::string>' first required here
  456 |   explicit PolymorphicMatcher(const Impl& an_impl) : impl_(an_impl) {}
      |                                                      ^
/Users/dhruvpatel29/humble-ros2/install/gtest_vendor/src/gtest_vendor/include/gtest/gtest-matchers.h:514:10: note: in instantiation of member function 'testing::PolymorphicMatcher<testing::internal::HasSubstrMatcher<std::string>>::PolymorphicMatcher' requested here
  514 |   return PolymorphicMatcher<Impl>(impl);
      |          ^
/Users/dhruvpatel29/humble-ros2/install/gmock_vendor/src/gmock_vendor/include/gmock/gmock-matchers.h:3842:10: note: in instantiation of function template specialization 'testing::MakePolymorphicMatcher<testing::internal::HasSubstrMatcher<std::string>>' requested here
 3842 |   return MakePolymorphicMatcher(
      |          ^
/Users/dhruvpatel29/humble-ros2/install/gmock_vendor/src/gmock_vendor/include/gmock/gmock-matchers.h:835:3: warning: definition of implicit copy constructor for 'StartsWithMatcher<std::string>' is deprecated because it has a user-declared copy assignment operator [-Wdeprecated-copy]
  835 |   GTEST_DISALLOW_ASSIGN_(StartsWithMatcher);
      |   ^
/Users/dhruvpatel29/humble-ros2/install/gtest_vendor/src/gtest_vendor/include/gtest/internal/gtest-port.h:682:8: note: expanded from macro 'GTEST_DISALLOW_ASSIGN_'
  682 |   void operator=(type const &) = delete
      |        ^
/Users/dhruvpatel29/humble-ros2/install/gtest_vendor/src/gtest_vendor/include/gtest/gtest-matchers.h:456:54: note: in implicit copy constructor for 'testing::internal::StartsWithMatcher<std::string>' first required here
  456 |   explicit PolymorphicMatcher(const Impl& an_impl) : impl_(an_impl) {}
      |                                                      ^
/Users/dhruvpatel29/humble-ros2/install/gtest_vendor/src/gtest_vendor/include/gtest/gtest-matchers.h:514:10: note: in instantiation of member function 'testing::PolymorphicMatcher<testing::internal::StartsWithMatcher<std::string>>::PolymorphicMatcher' requested here
  514 |   return PolymorphicMatcher<Impl>(impl);
      |          ^
/Users/dhruvpatel29/humble-ros2/install/gmock_vendor/src/gmock_vendor/include/gmock/gmock-matchers.h:3849:10: note: in instantiation of function template specialization 'testing::MakePolymorphicMatcher<testing::internal::StartsWithMatcher<std::string>>' requested here
 3849 |   return MakePolymorphicMatcher(
      |          ^
/Users/dhruvpatel29/humble-ros2/install/gmock_vendor/src/gmock_vendor/include/gmock/gmock-matchers.h:891:3: warning: definition of implicit copy constructor for 'EndsWithMatcher<std::string>' is deprecated because it has a user-declared copy assignment operator [-Wdeprecated-copy]
  891 |   GTEST_DISALLOW_ASSIGN_(EndsWithMatcher);
      |   ^
/Users/dhruvpatel29/humble-ros2/install/gtest_vendor/src/gtest_vendor/include/gtest/internal/gtest-port.h:682:8: note: expanded from macro 'GTEST_DISALLOW_ASSIGN_'
  682 |   void operator=(type const &) = delete
      |        ^
/Users/dhruvpatel29/humble-ros2/install/gtest_vendor/src/gtest_vendor/include/gtest/gtest-matchers.h:456:54: note: in implicit copy constructor for 'testing::internal::EndsWithMatcher<std::string>' first required here
  456 |   explicit PolymorphicMatcher(const Impl& an_impl) : impl_(an_impl) {}
      |                                                      ^
/Users/dhruvpatel29/humble-ros2/install/gtest_vendor/src/gtest_vendor/include/gtest/gtest-matchers.h:514:10: note: in instantiation of member function 'testing::PolymorphicMatcher<testing::internal::EndsWithMatcher<std::string>>::PolymorphicMatcher' requested here
  514 |   return PolymorphicMatcher<Impl>(impl);
      |          ^
/Users/dhruvpatel29/humble-ros2/install/gmock_vendor/src/gmock_vendor/include/gmock/gmock-matchers.h:3856:10: note: in instantiation of function template specialization 'testing::MakePolymorphicMatcher<testing::internal::EndsWithMatcher<std::string>>' requested here
 3856 |   return MakePolymorphicMatcher(internal::EndsWithMatcher<std::string>(suffix));
      |          ^
/Users/dhruvpatel29/humble-ros2/install/gmock_vendor/src/gmock_vendor/include/gmock/gmock-matchers.h:721:3: warning: definition of implicit copy constructor for 'StrEqualityMatcher<std::wstring>' is deprecated because it has a user-declared copy assignment operator [-Wdeprecated-copy]
  721 |   GTEST_DISALLOW_ASSIGN_(StrEqualityMatcher);
      |   ^
/Users/dhruvpatel29/humble-ros2/install/gtest_vendor/src/gtest_vendor/include/gtest/internal/gtest-port.h:682:8: note: expanded from macro 'GTEST_DISALLOW_ASSIGN_'
  682 |   void operator=(type const &) = delete
      |        ^
/Users/dhruvpatel29/humble-ros2/install/gtest_vendor/src/gtest_vendor/include/gtest/gtest-matchers.h:456:54: note: in implicit copy constructor for 'testing::internal::StrEqualityMatcher<std::wstring>' first required here
  456 |   explicit PolymorphicMatcher(const Impl& an_impl) : impl_(an_impl) {}
      |                                                      ^
/Users/dhruvpatel29/humble-ros2/install/gtest_vendor/src/gtest_vendor/include/gtest/gtest-matchers.h:514:10: note: in instantiation of member function 'testing::PolymorphicMatcher<testing::internal::StrEqualityMatcher<std::wstring>>::PolymorphicMatcher' requested here
  514 |   return PolymorphicMatcher<Impl>(impl);
      |          ^
/Users/dhruvpatel29/humble-ros2/install/gmock_vendor/src/gmock_vendor/include/gmock/gmock-matchers.h:3865:10: note: in instantiation of function template specialization 'testing::MakePolymorphicMatcher<testing::internal::StrEqualityMatcher<std::wstring>>' requested here
 3865 |   return MakePolymorphicMatcher(
      |          ^
/Users/dhruvpatel29/humble-ros2/install/gmock_vendor/src/gmock_vendor/include/gmock/gmock-matchers.h:778:3: warning: definition of implicit copy constructor for 'HasSubstrMatcher<std::wstring>' is deprecated because it has a user-declared copy assignment operator [-Wdeprecated-copy]
  778 |   GTEST_DISALLOW_ASSIGN_(HasSubstrMatcher);
      |   ^
/Users/dhruvpatel29/humble-ros2/install/gtest_vendor/src/gtest_vendor/include/gtest/internal/gtest-port.h:682:8: note: expanded from macro 'GTEST_DISALLOW_ASSIGN_'
  682 |   void operator=(type const &) = delete
      |        ^
/Users/dhruvpatel29/humble-ros2/install/gtest_vendor/src/gtest_vendor/include/gtest/gtest-matchers.h:456:54: note: in implicit copy constructor for 'testing::internal::HasSubstrMatcher<std::wstring>' first required here
  456 |   explicit PolymorphicMatcher(const Impl& an_impl) : impl_(an_impl) {}
      |                                                      ^
/Users/dhruvpatel29/humble-ros2/install/gtest_vendor/src/gtest_vendor/include/gtest/gtest-matchers.h:514:10: note: in instantiation of member function 'testing::PolymorphicMatcher<testing::internal::HasSubstrMatcher<std::wstring>>::PolymorphicMatcher' requested here
  514 |   return PolymorphicMatcher<Impl>(impl);
      |          ^
/Users/dhruvpatel29/humble-ros2/install/gmock_vendor/src/gmock_vendor/include/gmock/gmock-matchers.h:3894:10: note: in instantiation of function template specialization 'testing::MakePolymorphicMatcher<testing::internal::HasSubstrMatcher<std::wstring>>' requested here
 3894 |   return MakePolymorphicMatcher(
      |          ^
/Users/dhruvpatel29/humble-ros2/install/gmock_vendor/src/gmock_vendor/include/gmock/gmock-matchers.h:835:3: warning: definition of implicit copy constructor for 'StartsWithMatcher<std::wstring>' is deprecated because it has a user-declared copy assignment operator [-Wdeprecated-copy]
  835 |   GTEST_DISALLOW_ASSIGN_(StartsWithMatcher);
      |   ^
/Users/dhruvpatel29/humble-ros2/install/gtest_vendor/src/gtest_vendor/include/gtest/internal/gtest-port.h:682:8: note: expanded from macro 'GTEST_DISALLOW_ASSIGN_'
  682 |   void operator=(type const &) = delete
      |        ^
/Users/dhruvpatel29/humble-ros2/install/gtest_vendor/src/gtest_vendor/include/gtest/gtest-matchers.h:456:54: note: in implicit copy constructor for 'testing::internal::StartsWithMatcher<std::wstring>' first required here
  456 |   explicit PolymorphicMatcher(const Impl& an_impl) : impl_(an_impl) {}
      |                                                      ^
/Users/dhruvpatel29/humble-ros2/install/gtest_vendor/src/gtest_vendor/include/gtest/gtest-matchers.h:514:10: note: in instantiation of member function 'testing::PolymorphicMatcher<testing::internal::StartsWithMatcher<std::wstring>>::PolymorphicMatcher' requested here
  514 |   return PolymorphicMatcher<Impl>(impl);
      |          ^
/Users/dhruvpatel29/humble-ros2/install/gmock_vendor/src/gmock_vendor/include/gmock/gmock-matchers.h:3901:10: note: in instantiation of function template specialization 'testing::MakePolymorphicMatcher<testing::internal::StartsWithMatcher<std::wstring>>' requested here
 3901 |   return MakePolymorphicMatcher(
      |          ^
/Users/dhruvpatel29/humble-ros2/install/gmock_vendor/src/gmock_vendor/include/gmock/gmock-matchers.h:891:3: warning: definition of implicit copy constructor for 'EndsWithMatcher<std::wstring>' is deprecated because it has a user-declared copy assignment operator [-Wdeprecated-copy]
  891 |   GTEST_DISALLOW_ASSIGN_(EndsWithMatcher);
      |   ^
/Users/dhruvpatel29/humble-ros2/install/gtest_vendor/src/gtest_vendor/include/gtest/internal/gtest-port.h:682:8: note: expanded from macro 'GTEST_DISALLOW_ASSIGN_'
  682 |   void operator=(type const &) = delete
      |        ^
/Users/dhruvpatel29/humble-ros2/install/gtest_vendor/src/gtest_vendor/include/gtest/gtest-matchers.h:456:54: note: in implicit copy constructor for 'testing::internal::EndsWithMatcher<std::wstring>' first required here
  456 |   explicit PolymorphicMatcher(const Impl& an_impl) : impl_(an_impl) {}
      |                                                      ^
/Users/dhruvpatel29/humble-ros2/install/gtest_vendor/src/gtest_vendor/include/gtest/gtest-matchers.h:514:10: note: in instantiation of member function 'testing::PolymorphicMatcher<testing::internal::EndsWithMatcher<std::wstring>>::PolymorphicMatcher' requested here
  514 |   return PolymorphicMatcher<Impl>(impl);
      |          ^
/Users/dhruvpatel29/humble-ros2/install/gmock_vendor/src/gmock_vendor/include/gmock/gmock-matchers.h:3908:10: note: in instantiation of function template specialization 'testing::MakePolymorphicMatcher<testing::internal::EndsWithMatcher<std::wstring>>' requested here
 3908 |   return MakePolymorphicMatcher(
      |          ^
/Users/dhruvpatel29/humble-ros2/install/gmock_vendor/src/gmock_vendor/include/gmock/gmock-matchers.h:1506:3: warning: definition of implicit copy constructor for 'FloatingEqMatcher<double>' is deprecated because it has a user-declared copy assignment operator [-Wdeprecated-copy]
 1506 |   GTEST_DISALLOW_ASSIGN_(FloatingEqMatcher);
      |   ^
/Users/dhruvpatel29/humble-ros2/install/gtest_vendor/src/gtest_vendor/include/gtest/internal/gtest-port.h:682:8: note: expanded from macro 'GTEST_DISALLOW_ASSIGN_'
  682 |   void operator=(type const &) = delete
      |        ^
/Users/dhruvpatel29/humble-ros2/install/gmock_vendor/src/gmock_vendor/include/gmock/gmock-matchers.h:1349:43: note: in implicit copy constructor for 'testing::internal::FloatingEqMatcher<double>' first required here
 1349 |   return PredicateFormatterFromMatcher<M>(std::move(matcher));
      |                                           ^
/Users/dhruvpatel29/humble-ros2/src/ros2_control/control_toolbox/test/control_filters/test_rate_limiter.cpp:88:9: note: in instantiation of function template specialization 'testing::internal::MakePredicateFormatterFromMatcher<testing::internal::FloatingEqMatcher<double>>' requested here
   88 |         EXPECT_THAT(out, ::testing::DoubleEq(in));
      |         ^
/Users/dhruvpatel29/humble-ros2/install/gmock_vendor/src/gmock_vendor/include/gmock/gmock-matchers.h:4557:26: note: expanded from macro 'EXPECT_THAT'
 4557 |     ::testing::internal::MakePredicateFormatterFromMatcher(matcher), value)
      |                          ^
/Users/dhruvpatel29/humble-ros2/install/gmock_vendor/src/gmock_vendor/include/gmock/gmock-matchers.h:1006:3: warning: definition of implicit copy constructor for 'NotMatcher<testing::internal::FloatingEqMatcher<double>>' is deprecated because it has a user-declared copy assignment operator [-Wdeprecated-copy]
 1006 |   GTEST_DISALLOW_ASSIGN_(NotMatcher);
      |   ^
/Users/dhruvpatel29/humble-ros2/install/gtest_vendor/src/gtest_vendor/include/gtest/internal/gtest-port.h:682:8: note: expanded from macro 'GTEST_DISALLOW_ASSIGN_'
  682 |   void operator=(type const &) = delete
      |        ^
/Users/dhruvpatel29/humble-ros2/install/gmock_vendor/src/gmock_vendor/include/gmock/gmock-matchers.h:1349:43: note: in implicit copy constructor for 'testing::internal::NotMatcher<testing::internal::FloatingEqMatcher<double>>' first required here
 1349 |   return PredicateFormatterFromMatcher<M>(std::move(matcher));
      |                                           ^
/Users/dhruvpatel29/humble-ros2/src/ros2_control/control_toolbox/test/control_filters/test_rate_limiter.cpp:95:9: note: in instantiation of function template specialization 'testing::internal::MakePredicateFormatterFromMatcher<testing::internal::NotMatcher<testing::internal::FloatingEqMatcher<double>>>' requested here
   95 |         EXPECT_THAT(out, ::testing::Not(::testing::DoubleNear(in, 1e-6))) << "i=" << i;
      |         ^
/Users/dhruvpatel29/humble-ros2/install/gmock_vendor/src/gmock_vendor/include/gmock/gmock-matchers.h:4557:26: note: expanded from macro 'EXPECT_THAT'
 4557 |     ::testing::internal::MakePredicateFormatterFromMatcher(matcher), value)
      |                          ^
11 warnings generated.
[100%] Linking CXX executable test_rate_limiter
[100%] Built target test_rate_limiter
-- Install configuration: ""
-- Execute custom install script
-- Symlinking: /Users/dhruvpatel29/humble-ros2/src/ros2_control/install/control_toolbox/include/control_toolbox/custom_validators.hpp
-- Symlinking: /Users/dhruvpatel29/humble-ros2/src/ros2_control/install/control_toolbox/include/control_toolbox/exponential_filter_parameters.hpp
-- Symlinking: /Users/dhruvpatel29/humble-ros2/src/ros2_control/install/control_toolbox/include/control_toolbox/low_pass_filter_parameters.hpp
-- Symlinking: /Users/dhruvpatel29/humble-ros2/src/ros2_control/install/control_toolbox/include/control_toolbox/rate_limiter_parameters.hpp
-- Up-to-date symlink: /Users/dhruvpatel29/humble-ros2/src/ros2_control/install/control_toolbox/include/control_toolbox/custom_validators.hpp
-- Up-to-date symlink: /Users/dhruvpatel29/humble-ros2/src/ros2_control/install/control_toolbox/include/control_toolbox/exponential_filter_parameters.hpp
-- Up-to-date symlink: /Users/dhruvpatel29/humble-ros2/src/ros2_control/install/control_toolbox/include/control_toolbox/low_pass_filter_parameters.hpp
-- Up-to-date symlink: /Users/dhruvpatel29/humble-ros2/src/ros2_control/install/control_toolbox/include/control_toolbox/rate_limiter_parameters.hpp
-- Up-to-date symlink: /Users/dhruvpatel29/humble-ros2/src/ros2_control/install/control_toolbox/include/control_toolbox/custom_validators.hpp
-- Up-to-date symlink: /Users/dhruvpatel29/humble-ros2/src/ros2_control/install/control_toolbox/include/control_toolbox/exponential_filter_parameters.hpp
-- Up-to-date symlink: /Users/dhruvpatel29/humble-ros2/src/ros2_control/install/control_toolbox/include/control_toolbox/low_pass_filter_parameters.hpp
-- Up-to-date symlink: /Users/dhruvpatel29/humble-ros2/src/ros2_control/install/control_toolbox/include/control_toolbox/rate_limiter_parameters.hpp
-- Symlinking: /Users/dhruvpatel29/humble-ros2/src/ros2_control/install/control_toolbox/share/control_toolbox//control_filters.xml
-- Symlinking: /Users/dhruvpatel29/humble-ros2/src/ros2_control/install/control_toolbox/include/control_toolbox/control_filters/custom_validators.hpp
-- Symlinking: /Users/dhruvpatel29/humble-ros2/src/ros2_control/install/control_toolbox/include/control_toolbox/control_filters/exponential_filter.hpp
-- Symlinking: /Users/dhruvpatel29/humble-ros2/src/ros2_control/install/control_toolbox/include/control_toolbox/control_filters/low_pass_filter.hpp
-- Symlinking: /Users/dhruvpatel29/humble-ros2/src/ros2_control/install/control_toolbox/include/control_toolbox/control_filters/rate_limiter.hpp
-- Symlinking: /Users/dhruvpatel29/humble-ros2/src/ros2_control/install/control_toolbox/include/control_toolbox/control_toolbox/dither.hpp
-- Symlinking: /Users/dhruvpatel29/humble-ros2/src/ros2_control/install/control_toolbox/include/control_toolbox/control_toolbox/filters.hpp
-- Symlinking: /Users/dhruvpatel29/humble-ros2/src/ros2_control/install/control_toolbox/include/control_toolbox/control_toolbox/limited_proxy.hpp
-- Symlinking: /Users/dhruvpatel29/humble-ros2/src/ros2_control/install/control_toolbox/include/control_toolbox/control_toolbox/low_pass_filter.hpp
-- Symlinking: /Users/dhruvpatel29/humble-ros2/src/ros2_control/install/control_toolbox/include/control_toolbox/control_toolbox/pid.hpp
-- Symlinking: /Users/dhruvpatel29/humble-ros2/src/ros2_control/install/control_toolbox/include/control_toolbox/control_toolbox/pid_ros.hpp
-- Symlinking: /Users/dhruvpatel29/humble-ros2/src/ros2_control/install/control_toolbox/include/control_toolbox/control_toolbox/rate_limiter.hpp
-- Symlinking: /Users/dhruvpatel29/humble-ros2/src/ros2_control/install/control_toolbox/include/control_toolbox/control_toolbox/sine_sweep.hpp
-- Symlinking: /Users/dhruvpatel29/humble-ros2/src/ros2_control/install/control_toolbox/include/control_toolbox/control_toolbox/sinusoid.hpp
-- Symlinking: /Users/dhruvpatel29/humble-ros2/src/ros2_control/install/control_toolbox/share/control_toolbox/environment/library_path.sh
-- Symlinking: /Users/dhruvpatel29/humble-ros2/src/ros2_control/install/control_toolbox/share/control_toolbox/environment/library_path.dsv
-- Symlinking: /Users/dhruvpatel29/humble-ros2/src/ros2_control/install/control_toolbox/share/ament_index/resource_index/package_run_dependencies/control_toolbox
-- Symlinking: /Users/dhruvpatel29/humble-ros2/src/ros2_control/install/control_toolbox/share/ament_index/resource_index/parent_prefix_path/control_toolbox
-- Symlinking: /Users/dhruvpatel29/humble-ros2/src/ros2_control/install/control_toolbox/share/control_toolbox/environment/ament_prefix_path.sh
-- Symlinking: /Users/dhruvpatel29/humble-ros2/src/ros2_control/install/control_toolbox/share/control_toolbox/environment/ament_prefix_path.dsv
-- Symlinking: /Users/dhruvpatel29/humble-ros2/src/ros2_control/install/control_toolbox/share/control_toolbox/environment/path.sh
-- Symlinking: /Users/dhruvpatel29/humble-ros2/src/ros2_control/install/control_toolbox/share/control_toolbox/environment/path.dsv
-- Symlinking: /Users/dhruvpatel29/humble-ros2/src/ros2_control/install/control_toolbox/share/control_toolbox/local_setup.bash
-- Symlinking: /Users/dhruvpatel29/humble-ros2/src/ros2_control/install/control_toolbox/share/control_toolbox/local_setup.sh
-- Symlinking: /Users/dhruvpatel29/humble-ros2/src/ros2_control/install/control_toolbox/share/control_toolbox/local_setup.zsh
-- Symlinking: /Users/dhruvpatel29/humble-ros2/src/ros2_control/install/control_toolbox/share/control_toolbox/local_setup.dsv
-- Symlinking: /Users/dhruvpatel29/humble-ros2/src/ros2_control/install/control_toolbox/share/control_toolbox/package.dsv
-- Symlinking: /Users/dhruvpatel29/humble-ros2/src/ros2_control/install/control_toolbox/share/ament_index/resource_index/packages/control_toolbox
-- Symlinking: /Users/dhruvpatel29/humble-ros2/src/ros2_control/install/control_toolbox/share/ament_index/resource_index/filters__pluginlib__plugin/control_toolbox
-- Symlinking: /Users/dhruvpatel29/humble-ros2/src/ros2_control/install/control_toolbox/share/control_toolbox/cmake/ament_cmake_export_dependencies-extras.cmake
-- Symlinking: /Users/dhruvpatel29/humble-ros2/src/ros2_control/install/control_toolbox/share/control_toolbox/cmake/ament_cmake_export_targets-extras.cmake
-- Symlinking: /Users/dhruvpatel29/humble-ros2/src/ros2_control/install/control_toolbox/share/control_toolbox/cmake/control_toolboxConfig.cmake
-- Symlinking: /Users/dhruvpatel29/humble-ros2/src/ros2_control/install/control_toolbox/share/control_toolbox/cmake/control_toolboxConfig-version.cmake
-- Symlinking: /Users/dhruvpatel29/humble-ros2/src/ros2_control/install/control_toolbox/share/control_toolbox/package.xml
-- Installing: /Users/dhruvpatel29/humble-ros2/src/ros2_control/install/control_toolbox/lib/libcontrol_toolbox.dylib
-- Installing: /Users/dhruvpatel29/humble-ros2/src/ros2_control/install/control_toolbox/lib/liblow_pass_filter.dylib
-- Installing: /Users/dhruvpatel29/humble-ros2/src/ros2_control/install/control_toolbox/lib/librate_limiter.dylib
-- Installing: /Users/dhruvpatel29/humble-ros2/src/ros2_control/install/control_toolbox/lib/libexponential_filter.dylib
-- Installing: /Users/dhruvpatel29/humble-ros2/src/ros2_control/install/control_toolbox/share/control_toolbox/cmake/export_control_toolboxExport.cmake
-- Installing: /Users/dhruvpatel29/humble-ros2/src/ros2_control/install/control_toolbox/share/control_toolbox/cmake/export_control_toolboxExport-noconfig.cmake
